 BugSplat

 Timestamp is 57960d80 (Mon Jul 25 09:00:48 2016)

 Preferred load address is 10000000

 Start         Length     Name                   Class
 0001:00000000 000001e2H .text$di                CODE
 0001:000001f0 000355d0H .text$mn                CODE
 0001:000357c0 0000096bH .text$x                 CODE
 0001:0003612b 00000184H .text$yd                CODE
 0002:00000000 000002c4H .idata$5                DATA
 0002:000002c4 00000004H .CRT$XCA                DATA
 0002:000002c8 00000004H .CRT$XCL                DATA
 0002:000002cc 0000001cH .CRT$XCU                DATA
 0002:000002e8 00000004H .CRT$XCZ                DATA
 0002:000002ec 00000004H .CRT$XIA                DATA
 0002:000002f0 00000010H .CRT$XIC                DATA
 0002:00000300 00000004H .CRT$XIZ                DATA
 0002:00000304 00000004H .CRT$XPA                DATA
 0002:00000308 00000008H .CRT$XPX                DATA
 0002:00000310 00000004H .CRT$XPXA               DATA
 0002:00000314 00000004H .CRT$XPZ                DATA
 0002:00000318 00000004H .CRT$XTA                DATA
 0002:0000031c 00000004H .CRT$XTZ                DATA
 0002:00000320 00008e70H .rdata                  DATA
 0002:00009190 00000054H .rdata$debug            DATA
 0002:000091e4 00000a80H .rdata$r                DATA
 0002:00009c70 000000d8H .rdata$sxdata           DATA
 0002:00009d48 00000004H .rtc$IAA                DATA
 0002:00009d4c 00000004H .rtc$IZZ                DATA
 0002:00009d50 00000004H .rtc$TAA                DATA
 0002:00009d54 00000004H .rtc$TZZ                DATA
 0002:00009d58 0000182cH .xdata$x                DATA
 0002:0000b584 00000004H ATL$__a                 DATA
 0002:0000b588 00000004H ATL$__z                 DATA
 0002:0000b590 00000b0fH .edata                  DATA
 0002:0000c0a0 000000b4H .idata$2                DATA
 0002:0000c154 00000014H .idata$3                DATA
 0002:0000c168 000002c4H .idata$4                DATA
 0002:0000c42c 00000c24H .idata$6                DATA
 0003:00000000 00001460H .data                   DATA
 0003:00001460 000004aeH .data$r                 DATA
 0003:00001920 00004a7cH .bss                    DATA
 0004:00000000 00000118H .rsrc$01                DATA
 0004:00000120 00000b18H .rsrc$02                DATA

  Address         Publics by Value              Rva+Base       Lib:Object

 0000:00000000       ___guard_fids_table        00000000     <absolute>
 0000:00000000       ___guard_flags             00000000     <absolute>
 0000:00000000       ___guard_fids_count        00000000     <absolute>
 0000:00000000       __except_list              00000000     <absolute>
 0000:00000036       ___safe_se_handler_count   00000036     <absolute>
 0000:00000000       ___ImageBase               10000000     <linker-defined>
 0001:000001f0       ??0?$CSimpleArray@GV?$CSimpleArrayEqualHelper@G@ATL@@@ATL@@QAE@XZ 100011f0 f i BugSplatImp.obj
 0001:000001fd       ??0?$CTraceCategoryEx@$00$0A@@ATL@@QAE@PBD@Z 100011fd f i BugSplatImp.obj
 0001:00000202       ??0?$CTraceCategoryEx@$01$0A@@ATL@@QAE@PBD@Z 10001202 f i BugSplatImp.obj
 0001:00000207       ??0?$CTraceCategoryEx@$03$0A@@ATL@@QAE@PBD@Z 10001207 f i BugSplatImp.obj
 0001:0000020c       ??0?$CTraceCategoryEx@$07$0A@@ATL@@QAE@PBD@Z 1000120c f i BugSplatImp.obj
 0001:00000211       ??0?$CTraceCategoryEx@$0BA@$0A@@ATL@@QAE@PBD@Z 10001211 f i BugSplatImp.obj
 0001:00000216       ??0?$CTraceCategoryEx@$0BAA@$0A@@ATL@@QAE@PBD@Z 10001216 f i BugSplatImp.obj
 0001:0000021b       ??0?$CTraceCategoryEx@$0BAAA@$0A@@ATL@@QAE@PBD@Z 1000121b f i BugSplatImp.obj
 0001:00000220       ??0?$CTraceCategoryEx@$0BAAAA@$0A@@ATL@@QAE@PBD@Z 10001220 f i BugSplatImp.obj
 0001:00000225       ??0?$CTraceCategoryEx@$0BAAAAA@$0A@@ATL@@QAE@PBD@Z 10001225 f i BugSplatImp.obj
 0001:0000022a       ??0?$CTraceCategoryEx@$0CA@$0A@@ATL@@QAE@PBD@Z 1000122a f i BugSplatImp.obj
 0001:0000022f       ??0?$CTraceCategoryEx@$0CAA@$0A@@ATL@@QAE@PBD@Z 1000122f f i BugSplatImp.obj
 0001:00000234       ??0?$CTraceCategoryEx@$0CAAA@$0A@@ATL@@QAE@PBD@Z 10001234 f i BugSplatImp.obj
 0001:00000239       ??0?$CTraceCategoryEx@$0CAAAA@$0A@@ATL@@QAE@PBD@Z 10001239 f i BugSplatImp.obj
 0001:0000023e       ??0?$CTraceCategoryEx@$0CAAAAA@$0A@@ATL@@QAE@PBD@Z 1000123e f i BugSplatImp.obj
 0001:00000243       ??0?$CTraceCategoryEx@$0EA@$0A@@ATL@@QAE@PBD@Z 10001243 f i BugSplatImp.obj
 0001:00000248       ??0?$CTraceCategoryEx@$0EAA@$0A@@ATL@@QAE@PBD@Z 10001248 f i BugSplatImp.obj
 0001:0000024d       ??0?$CTraceCategoryEx@$0EAAA@$0A@@ATL@@QAE@PBD@Z 1000124d f i BugSplatImp.obj
 0001:00000252       ??0?$CTraceCategoryEx@$0EAAAA@$0A@@ATL@@QAE@PBD@Z 10001252 f i BugSplatImp.obj
 0001:00000257       ??0?$CTraceCategoryEx@$0EAAAAA@$0A@@ATL@@QAE@PBD@Z 10001257 f i BugSplatImp.obj
 0001:0000025c       ??0?$CTraceCategoryEx@$0IA@$0A@@ATL@@QAE@PBD@Z 1000125c f i BugSplatImp.obj
 0001:00000261       ??0?$CTraceCategoryEx@$0IAA@$0A@@ATL@@QAE@PBD@Z 10001261 f i BugSplatImp.obj
 0001:00000266       ??0?$CTraceCategoryEx@$0IAAA@$0A@@ATL@@QAE@PBD@Z 10001266 f i BugSplatImp.obj
 0001:0000026b       ??0?$CTraceCategoryEx@$0IAAAA@$0A@@ATL@@QAE@PBD@Z 1000126b f i BugSplatImp.obj
 0001:00000270       ??0BugSplatImp@@QAE@XZ     10001270 f   BugSplatImp.obj
 0001:0000028e       ??0CAtlComModule@ATL@@QAE@XZ 1000128e f i BugSplatImp.obj
 0001:000002cd       ??0CAtlWinModule@ATL@@QAE@XZ 100012cd f i BugSplatImp.obj
 0001:000002f3       ??0CComCriticalSection@ATL@@QAE@XZ 100012f3 f i BugSplatImp.obj
 0001:00000307       ??0CString@WTL@@QAE@ABV01@@Z 10001307 f i BugSplatImp.obj
 0001:0000033d       ??0CString@WTL@@QAE@PBD@Z  1000133d f i BugSplatImp.obj
 0001:00000396       ??0CString@WTL@@QAE@XZ     10001396 f i BugSplatImp.obj
 0001:000003a0       ??0CTraceCategory@ATL@@QAE@PBD@Z 100013a0 f i BugSplatImp.obj
 0001:000003a5       ??0MiniDmpSender@@QAE@ABV0@@Z 100013a5 f i BugSplatImp.obj
 0001:000003bd       ??0_ATL_COM_MODULE70@ATL@@QAE@XZ 100013bd f i BugSplatImp.obj
 0001:000003d4       ??0_ATL_WIN_MODULE70@ATL@@QAE@XZ 100013d4 f i BugSplatImp.obj
 0001:000003f7       ??1?$CSimpleArray@GV?$CSimpleArrayEqualHelper@G@ATL@@@ATL@@QAE@XZ 100013f7 f i BugSplatImp.obj
 0001:000003fc       ??1CAtlComModule@ATL@@QAE@XZ 100013fc f i BugSplatImp.obj
 0001:00000401       ??1CAtlWinModule@ATL@@QAE@XZ 10001401 f i BugSplatImp.obj
 0001:00000419       ??1CComBSTR@ATL@@QAE@XZ    10001419 f i BugSplatImp.obj
 0001:00000422       ??1CComCriticalSection@ATL@@QAE@XZ 10001422 f i BugSplatImp.obj
 0001:00000423       ??1CString@WTL@@QAE@XZ     10001423 f i BugSplatImp.obj
 0001:0000044c       ??1_ATL_COM_MODULE70@ATL@@QAE@XZ 1000144c f i BugSplatImp.obj
 0001:0000044d       ??1_ATL_WIN_MODULE70@ATL@@QAE@XZ 1000144d f i BugSplatImp.obj
 0001:00000455       ??1stringdispid@CComTypeInfoHolder@ATL@@QAE@XZ 10001455 f i BugSplatImp.obj
 0001:0000045e       ??4BugSplatImp@@QAEAAV0@ABV0@@Z 1000145e f i BugSplatImp.obj
 0001:0000047c       ??4CString@WTL@@QAEAAV01@ABV01@@Z 1000147c f i BugSplatImp.obj
 0001:000004cf       ??4CString@WTL@@QAEAAV01@PBD@Z 100014cf f i BugSplatImp.obj
 0001:000004fa       ??4CString@WTL@@QAEAAV01@PBE@Z 100014fa f i BugSplatImp.obj
 0001:0000050f       ??4MiniDmpSender@@QAEAAV0@ABV0@@Z 1000150f f i BugSplatImp.obj
 0001:00000521       ??A?$CSimpleArray@GV?$CSimpleArrayEqualHelper@G@ATL@@@ATL@@QAEAAGH@Z 10001521 f i BugSplatImp.obj
 0001:0000054b       ??ACString@WTL@@QBEDH@Z    1000154b f i BugSplatImp.obj
 0001:0000055a       ??BCString@WTL@@QBEPBDXZ   1000155a f i BugSplatImp.obj
 0001:0000055d       ??HWTL@@YG?AVCString@0@ABV10@0@Z 1000155d f i BugSplatImp.obj
 0001:000005a5       ??YCString@WTL@@QAEAAV01@D@Z 100015a5 f i BugSplatImp.obj
 0001:000005bd       ??YCString@WTL@@QAEAAV01@PBD@Z 100015bd f i BugSplatImp.obj
 0001:000005e8       ??_EMiniDmpSender@@UAEPAXI@Z 100015e8 f i BugSplatImp.obj
 0001:00000632       ??_Estringdispid@CComTypeInfoHolder@ATL@@QAEPAXI@Z 10001632 f i BugSplatImp.obj
 0001:0000067f       ??_GMiniDmpSender@@UAEPAXI@Z 1000167f f i BugSplatImp.obj
 0001:0000069e       ?AllocBeforeWrite@CString@WTL@@IAEHH@Z 1000169e f i BugSplatImp.obj
 0001:000006cc       ?AllocBuffer@CString@WTL@@IAEHH@Z 100016cc f i BugSplatImp.obj
 0001:00000735       ?AllocCopy@CString@WTL@@IBEHAAV12@HHH@Z 10001735 f i BugSplatImp.obj
 0001:0000078d       ?AssignCopy@CString@WTL@@IAEXHPBD@Z 1000178d f i BugSplatImp.obj
 0001:000007c0       ?AtlWinModuleInit@ATL@@YGJPAU_ATL_WIN_MODULE70@1@@Z 100017c0 f i BugSplatImp.obj
 0001:000007e6       ?AtlWinModuleTerm@ATL@@YGJPAU_ATL_WIN_MODULE70@1@PAUHINSTANCE__@@@Z 100017e6 f i BugSplatImp.obj
 0001:00000845       ?CalculateBeginningOfCallInstruction@@YAHAAI@Z 10001845 f   BugSplatImp.obj
 0001:00000890       ?ConcatCopy@CString@WTL@@IAEHHPBDH0@Z 10001890 f i BugSplatImp.obj
 0001:000008e9       ?ConcatInPlace@CString@WTL@@IAEXHPBD@Z 100018e9 f i BugSplatImp.obj
 0001:0000094d       ?CopyBeforeWrite@CString@WTL@@IAEXXZ 1000194d f i BugSplatImp.obj
 0001:0000097f       ?CreateMiniDump@BugSplatImp@@QAEHPAUHINSTANCE__@@KPAXKPAU_EXCEPTION_POINTERS@@PBDPADK@Z 1000197f f   BugSplatImp.obj
 0001:00000b6b       ?CreateMiniDumpFromSnap@@YAHPAXKKP6GH0K0W4_MINIDUMP_TYPE@@QAU_MINIDUMP_EXCEPTION_INFORMATION@@QAU_MINIDUMP_USER_STREAM_INFORMATION@@QAU_MINIDUMP_CALLBACK_INFORMATION@@@Z0PAU_CONTEXT@@@Z 10001b6b f   BugSplatImp.obj
 0001:00000cbf       ?Find@CString@WTL@@QBEHPBD@Z 10001cbf f i BugSplatImp.obj
 0001:00000cd0       ?Find@CString@WTL@@QBEHPBDH@Z 10001cd0 f i BugSplatImp.obj
 0001:00000d01       ?GetBuffer@CString@WTL@@QAEPADH@Z 10001d01 f i BugSplatImp.obj
 0001:00000d55       ?GetData@CString@WTL@@IBEPAUCStringData@2@XZ 10001d55 f i BugSplatImp.obj
 0001:00000d5b       ?GetLength@CString@WTL@@QBEHXZ 10001d5b f i BugSplatImp.obj
 0001:00000d61       ?GetModuleInstance@CAtlBaseModule@ATL@@QAEPAUHINSTANCE__@@XZ 10001d61 f i BugSplatImp.obj
 0001:00000d65       ?GetReducedGuid@BugSplatImp@@QAEXPADK@Z 10001d65 f   BugSplatImp.obj
 0001:00000ddd       ?GetResourceInstance@CAtlBaseModule@ATL@@QAEPAUHINSTANCE__@@XZ 10001ddd f i BugSplatImp.obj
 0001:00000de1       ?GetSize@?$CSimpleArray@GV?$CSimpleArrayEqualHelper@G@ATL@@@ATL@@QBEHXZ 10001de1 f i BugSplatImp.obj
 0001:00000de5       ?Init@CComCriticalSection@ATL@@QAEJXZ 10001de5 f i BugSplatImp.obj
 0001:00000e0c       ?Init@CString@WTL@@IAEXXZ  10001e0c f i BugSplatImp.obj
 0001:00000e14       ?Left@CString@WTL@@QBE?AV12@H@Z 10001e14 f i BugSplatImp.obj
 0001:00000e60       ?LoadStringA@CString@WTL@@QAEHI@Z 10001e60 f i BugSplatImp.obj
 0001:00000f00       ?MakeUpper@CString@WTL@@QAEXXZ 10001f00 f i BugSplatImp.obj
 0001:00000f12       ?Mid@CString@WTL@@QBE?AV12@H@Z 10001f12 f i BugSplatImp.obj
 0001:00000f37       ?Mid@CString@WTL@@QBE?AV12@HH@Z 10001f37 f i BugSplatImp.obj
 0001:00000f9d       ?ReduceGuidString@BugSplatImp@@QAEXPADK@Z 10001f9d f   BugSplatImp.obj
 0001:00001278       ?Release@CString@WTL@@IAEXXZ 10002278 f i BugSplatImp.obj
 0001:000012ac       ?Release@CString@WTL@@KGXPAUCStringData@2@@Z 100022ac f i BugSplatImp.obj
 0001:000012d1       ?ReleaseBuffer@CString@WTL@@QAEXH@Z 100022d1 f i BugSplatImp.obj
 0001:000012fc       ?RemoveAll@?$CSimpleArray@GV?$CSimpleArrayEqualHelper@G@ATL@@@ATL@@QAEXXZ 100022fc f i BugSplatImp.obj
 0001:00001319       ?ResumeSuspendedThreads@BugSplatImp@@QAEXXZ 10002319 f   BugSplatImp.obj
 0001:0000134f       ?SafeStrlen@CString@WTL@@KGHPBD@Z 1000234f f i BugSplatImp.obj
 0001:00001365       ?SnapCurrentProcessMinidump@@YAHPAXKKP6GH0K0W4_MINIDUMP_TYPE@@QAU_MINIDUMP_EXCEPTION_INFORMATION@@QAU_MINIDUMP_USER_STREAM_INFORMATION@@QAU_MINIDUMP_CALLBACK_INFORMATION@@@Z0@Z 10002365 f   BugSplatImp.obj
 0001:00001528       ?SuspendAllThreadsInProcess@BugSplatImp@@QAEXPAX@Z 10002528 f   BugSplatImp.obj
 0001:000015d4       ?SuspendThreadsInCurrentProcess@BugSplatImp@@QAEXXZ 100025d4 f   BugSplatImp.obj
 0001:00001694       ?TCHARtoUINT@@YAID@Z       10002694 f   BugSplatImp.obj
 0001:000016bc       ?Term@CAtlComModule@ATL@@QAEXXZ 100026bc f i BugSplatImp.obj
 0001:00001706       ?Term@CAtlWinModule@ATL@@QAEXXZ 10002706 f i BugSplatImp.obj
 0001:00001713       ?Term@CComCriticalSection@ATL@@QAEJXZ 10002713 f i BugSplatImp.obj
 0001:0000171d       ?UINTtoTCHAR@@YADI@Z       1000271d f   BugSplatImp.obj
 0001:00001740       ?_AtlInitializeCriticalSectionEx@ATL@@YAHPAU_RTL_CRITICAL_SECTION@@KK@Z 10002740 f i BugSplatImp.obj
 0001:00001751       ?_AtlRaiseException@ATL@@YAXKK@Z 10002751 f i BugSplatImp.obj
 0001:00001766       ?_GetEmptyString@CString@WTL@@KGABV12@XZ 10002766 f i BugSplatImp.obj
 0001:0000176c       ?_LoadString@CString@WTL@@KGHIPADI@Z 1000276c f i BugSplatImp.obj
 0001:00001791       ?_cstrstr@CString@WTL@@KAPBDPBD0@Z 10002791 f i BugSplatImp.obj
 0001:0000179a       ?combine1_4@@YAIII@Z       1000279a f   BugSplatImp.obj
 0001:000017ab       ?combine2_3@@YAIII@Z       100027ab f   BugSplatImp.obj
 0001:000017c0       ?combine3_2@@YAIII@Z       100027c0 f   BugSplatImp.obj
 0001:000017d6       ?combine4_1@@YAIII@Z       100027d6 f   BugSplatImp.obj
 0001:000017e8       ?combineLast3@@YAII@Z      100027e8 f   BugSplatImp.obj
 0001:000017f3       ?createReportAndExit@MiniDmpSender@@QAEXXZ 100027f3 f i BugSplatImp.obj
 0001:0000181d       ?data@CStringData@WTL@@QAEPADXZ 1000281d f i BugSplatImp.obj
 0001:00001821       _HRESULT_FROM_WIN32        10002821 f i BugSplatImp.obj
 0001:00001836       __tcsstr                   10002836 f i BugSplatImp.obj
 0001:0000183f       ??$_Allocate@U__GENERIC_HTTP_ARGUMENT@GenericHTTPClient@@@std@@YAPAU__GENERIC_HTTP_ARGUMENT@GenericHTTPClient@@IPAU12@@Z 1000283f f i GenericHTTPClientA.obj
 0001:0000186e       ??$_Destroy_range@U?$_Wrap_alloc@V?$allocator@U__GENERIC_HTTP_ARGUMENT@GenericHTTPClient@@@std@@@std@@@std@@YAXPAU__GENERIC_HTTP_ARGUMENT@GenericHTTPClient@@0AAU?$_Wrap_alloc@V?$allocator@U__GENERIC_HTTP_ARGUMENT@GenericHTTPClient@@@std@@@0@@Z 1000286e f i GenericHTTPClientA.obj
 0001:0000186f       ??$_Destroy_range@U?$_Wrap_alloc@V?$allocator@U__GENERIC_HTTP_ARGUMENT@GenericHTTPClient@@@std@@@std@@@std@@YAXPAU__GENERIC_HTTP_ARGUMENT@GenericHTTPClient@@0AAU?$_Wrap_alloc@V?$allocator@U__GENERIC_HTTP_ARGUMENT@GenericHTTPClient@@@std@@@0@U_Nonscalar_ptr_iterator_tag@0@@Z 1000286f f i GenericHTTPClientA.obj
 0001:00001870       ??$_Ptr_cat@U__GENERIC_HTTP_ARGUMENT@GenericHTTPClient@@U12@@std@@YA?AU_Nonscalar_ptr_iterator_tag@0@PAU__GENERIC_HTTP_ARGUMENT@GenericHTTPClient@@0@Z 10002870 f i GenericHTTPClientA.obj
 0001:0000187b       ??$_Rechecked@PAU__GENERIC_HTTP_ARGUMENT@GenericHTTPClient@@PAU12@@std@@YAAAPAU__GENERIC_HTTP_ARGUMENT@GenericHTTPClient@@AAPAU12@PAU12@@Z 1000287b f i GenericHTTPClientA.obj
 0001:00001888       ??$_Umove@PAU__GENERIC_HTTP_ARGUMENT@GenericHTTPClient@@@?$vector@U__GENERIC_HTTP_ARGUMENT@GenericHTTPClient@@V?$allocator@U__GENERIC_HTTP_ARGUMENT@GenericHTTPClient@@@std@@@std@@IAEPAU__GENERIC_HTTP_ARGUMENT@GenericHTTPClient@@PAU23@00@Z 10002888 f i GenericHTTPClientA.obj
 0001:000018ac       ??$_Unchecked@PAU__GENERIC_HTTP_ARGUMENT@GenericHTTPClient@@@std@@YAPAU__GENERIC_HTTP_ARGUMENT@GenericHTTPClient@@PAU12@@Z 100028ac f i GenericHTTPClientA.obj
 0001:000018b4       ??$_Uninit_move@PAU__GENERIC_HTTP_ARGUMENT@GenericHTTPClient@@PAU12@U?$_Wrap_alloc@V?$allocator@U__GENERIC_HTTP_ARGUMENT@GenericHTTPClient@@@std@@@std@@@std@@YAPAU__GENERIC_HTTP_ARGUMENT@GenericHTTPClient@@PAU12@00AAU?$_Wrap_alloc@V?$allocator@U__GENERIC_HTTP_ARGUMENT@GenericHTTPClient@@@std@@@0@@Z 100028b4 f i GenericHTTPClientA.obj
 0001:000018d5       ??$_Uninit_move@PAU__GENERIC_HTTP_ARGUMENT@GenericHTTPClient@@PAU12@V?$allocator@U__GENERIC_HTTP_ARGUMENT@GenericHTTPClient@@@std@@U12@@std@@YAPAU__GENERIC_HTTP_ARGUMENT@GenericHTTPClient@@PAU12@00AAU?$_Wrap_alloc@V?$allocator@U__GENERIC_HTTP_ARGUMENT@GenericHTTPClient@@@std@@@0@0U_Nonscalar_ptr_iterator_tag@0@@Z 100028d5 f i GenericHTTPClientA.obj
 0001:00001908       ??$_Uninitialized_move@PAU__GENERIC_HTTP_ARGUMENT@GenericHTTPClient@@PAU12@U?$_Wrap_alloc@V?$allocator@U__GENERIC_HTTP_ARGUMENT@GenericHTTPClient@@@std@@@std@@@std@@YAPAU__GENERIC_HTTP_ARGUMENT@GenericHTTPClient@@PAU12@00AAU?$_Wrap_alloc@V?$allocator@U__GENERIC_HTTP_ARGUMENT@GenericHTTPClient@@@std@@@0@@Z 10002908 f i GenericHTTPClientA.obj
 0001:00001911       ??$_Val_type@PAU__GENERIC_HTTP_ARGUMENT@GenericHTTPClient@@@std@@YAPAU__GENERIC_HTTP_ARGUMENT@GenericHTTPClient@@PAU12@@Z 10002911 f i GenericHTTPClientA.obj
 0001:00001914       ??$addressof@$$CBU__GENERIC_HTTP_ARGUMENT@GenericHTTPClient@@@std@@YAPBU__GENERIC_HTTP_ARGUMENT@GenericHTTPClient@@ABU12@@Z 10002914 f i GenericHTTPClientA.obj
 0001:0000191c       ??$addressof@U__GENERIC_HTTP_ARGUMENT@GenericHTTPClient@@@std@@YAPAU__GENERIC_HTTP_ARGUMENT@GenericHTTPClient@@AAU12@@Z 1000291c f i GenericHTTPClientA.obj
 0001:00001924       ??$construct@U__GENERIC_HTTP_ARGUMENT@GenericHTTPClient@@AAU12@@?$_Wrap_alloc@V?$allocator@U__GENERIC_HTTP_ARGUMENT@GenericHTTPClient@@@std@@@std@@QAEXPAU__GENERIC_HTTP_ARGUMENT@GenericHTTPClient@@AAU23@@Z 10002924 f i GenericHTTPClientA.obj
 0001:00001940       ??$construct@U__GENERIC_HTTP_ARGUMENT@GenericHTTPClient@@AAU12@@?$allocator@U__GENERIC_HTTP_ARGUMENT@GenericHTTPClient@@@std@@QAEXPAU__GENERIC_HTTP_ARGUMENT@GenericHTTPClient@@AAU23@@Z 10002940 f i GenericHTTPClientA.obj
 0001:0000195c       ??$construct@U__GENERIC_HTTP_ARGUMENT@GenericHTTPClient@@AAU12@@?$allocator_traits@V?$allocator@U__GENERIC_HTTP_ARGUMENT@GenericHTTPClient@@@std@@@std@@SAXAAV?$allocator@U__GENERIC_HTTP_ARGUMENT@GenericHTTPClient@@@1@PAU__GENERIC_HTTP_ARGUMENT@GenericHTTPClient@@AAU34@@Z 1000295c f i GenericHTTPClientA.obj
 0001:00001976       ??$construct@U__GENERIC_HTTP_ARGUMENT@GenericHTTPClient@@ABU12@@?$_Wrap_alloc@V?$allocator@U__GENERIC_HTTP_ARGUMENT@GenericHTTPClient@@@std@@@std@@QAEXPAU__GENERIC_HTTP_ARGUMENT@GenericHTTPClient@@ABU23@@Z 10002976 f i GenericHTTPClientA.obj
 0001:00001992       ??$construct@U__GENERIC_HTTP_ARGUMENT@GenericHTTPClient@@ABU12@@?$allocator_traits@V?$allocator@U__GENERIC_HTTP_ARGUMENT@GenericHTTPClient@@@std@@@std@@SAXAAV?$allocator@U__GENERIC_HTTP_ARGUMENT@GenericHTTPClient@@@1@PAU__GENERIC_HTTP_ARGUMENT@GenericHTTPClient@@ABU34@@Z 10002992 f i GenericHTTPClientA.obj
 0001:000019ac       ??$construct@U__GENERIC_HTTP_ARGUMENT@GenericHTTPClient@@U12@@?$_Wrap_alloc@V?$allocator@U__GENERIC_HTTP_ARGUMENT@GenericHTTPClient@@@std@@@std@@QAEXPAU__GENERIC_HTTP_ARGUMENT@GenericHTTPClient@@$$QAU23@@Z 100029ac f i GenericHTTPClientA.obj
 0001:000019c8       ??$construct@U__GENERIC_HTTP_ARGUMENT@GenericHTTPClient@@U12@@?$allocator@U__GENERIC_HTTP_ARGUMENT@GenericHTTPClient@@@std@@QAEXPAU__GENERIC_HTTP_ARGUMENT@GenericHTTPClient@@$$QAU23@@Z 100029c8 f i GenericHTTPClientA.obj
 0001:000019e4       ??$construct@U__GENERIC_HTTP_ARGUMENT@GenericHTTPClient@@U12@@?$allocator_traits@V?$allocator@U__GENERIC_HTTP_ARGUMENT@GenericHTTPClient@@@std@@@std@@SAXAAV?$allocator@U__GENERIC_HTTP_ARGUMENT@GenericHTTPClient@@@1@PAU__GENERIC_HTTP_ARGUMENT@GenericHTTPClient@@$$QAU34@@Z 100029e4 f i GenericHTTPClientA.obj
 0001:000019fe       ??$destroy@U__GENERIC_HTTP_ARGUMENT@GenericHTTPClient@@@?$_Wrap_alloc@V?$allocator@U__GENERIC_HTTP_ARGUMENT@GenericHTTPClient@@@std@@@std@@QAEXPAU__GENERIC_HTTP_ARGUMENT@GenericHTTPClient@@@Z 100029fe f i GenericHTTPClientA.obj
 0001:00001a01       ??$destroy@U__GENERIC_HTTP_ARGUMENT@GenericHTTPClient@@@?$allocator@U__GENERIC_HTTP_ARGUMENT@GenericHTTPClient@@@std@@QAEXPAU__GENERIC_HTTP_ARGUMENT@GenericHTTPClient@@@Z 10002a01 f i GenericHTTPClientA.obj
 0001:00001a04       ??$destroy@U__GENERIC_HTTP_ARGUMENT@GenericHTTPClient@@@?$allocator_traits@V?$allocator@U__GENERIC_HTTP_ARGUMENT@GenericHTTPClient@@@std@@@std@@SAXAAV?$allocator@U__GENERIC_HTTP_ARGUMENT@GenericHTTPClient@@@1@PAU__GENERIC_HTTP_ARGUMENT@GenericHTTPClient@@@Z 10002a04 f i GenericHTTPClientA.obj
 0001:00001a05       ??$forward@AAU__GENERIC_HTTP_ARGUMENT@GenericHTTPClient@@@std@@YAAAU__GENERIC_HTTP_ARGUMENT@GenericHTTPClient@@AAU12@@Z 10002a05 f i GenericHTTPClientA.obj
 0001:00001a0d       ??$forward@ABU__GENERIC_HTTP_ARGUMENT@GenericHTTPClient@@@std@@YAABU__GENERIC_HTTP_ARGUMENT@GenericHTTPClient@@ABU12@@Z 10002a0d f i GenericHTTPClientA.obj
 0001:00001a15       ??$forward@U__GENERIC_HTTP_ARGUMENT@GenericHTTPClient@@@std@@YA$$QAU__GENERIC_HTTP_ARGUMENT@GenericHTTPClient@@AAU12@@Z 10002a15 f i GenericHTTPClientA.obj
 0001:00001a1d       ??0?$_Vector_alloc@$0A@U?$_Vec_base_types@U__GENERIC_HTTP_ARGUMENT@GenericHTTPClient@@V?$allocator@U__GENERIC_HTTP_ARGUMENT@GenericHTTPClient@@@std@@@std@@@std@@QAE@ABV?$allocator@U__GENERIC_HTTP_ARGUMENT@GenericHTTPClient@@@1@@Z 10002a1d f i GenericHTTPClientA.obj
 0001:00001a2c       ??0?$_Vector_const_iterator@V?$_Vector_val@U?$_Simple_types@U__GENERIC_HTTP_ARGUMENT@GenericHTTPClient@@@std@@@std@@@std@@QAE@PAU__GENERIC_HTTP_ARGUMENT@GenericHTTPClient@@PBU_Container_base0@1@@Z 10002a2c f i GenericHTTPClientA.obj
 0001:00001a3a       ??0?$_Vector_const_iterator@V?$_Vector_val@U?$_Simple_types@U__GENERIC_HTTP_ARGUMENT@GenericHTTPClient@@@std@@@std@@@std@@QAE@XZ 10002a3a f i GenericHTTPClientA.obj
 0001:00001a40       ??0?$_Vector_iterator@V?$_Vector_val@U?$_Simple_types@U__GENERIC_HTTP_ARGUMENT@GenericHTTPClient@@@std@@@std@@@std@@QAE@PAU__GENERIC_HTTP_ARGUMENT@GenericHTTPClient@@PBU_Container_base0@1@@Z 10002a40 f i GenericHTTPClientA.obj
 0001:00001a4e       ??0?$_Vector_iterator@V?$_Vector_val@U?$_Simple_types@U__GENERIC_HTTP_ARGUMENT@GenericHTTPClient@@@std@@@std@@@std@@QAE@XZ 10002a4e f i GenericHTTPClientA.obj
 0001:00001a54       ??0?$_Vector_val@U?$_Simple_types@U__GENERIC_HTTP_ARGUMENT@GenericHTTPClient@@@std@@@std@@QAE@XZ 10002a54 f i GenericHTTPClientA.obj
 0001:00001a61       ??0?$_Wrap_alloc@V?$allocator@U__GENERIC_HTTP_ARGUMENT@GenericHTTPClient@@@std@@@std@@QAE@XZ 10002a61 f i GenericHTTPClientA.obj
 0001:00001a64       ??0?$allocator@U__GENERIC_HTTP_ARGUMENT@GenericHTTPClient@@@std@@QAE@XZ 10002a64 f i GenericHTTPClientA.obj
 0001:00001a67       ??0?$vector@U__GENERIC_HTTP_ARGUMENT@GenericHTTPClient@@V?$allocator@U__GENERIC_HTTP_ARGUMENT@GenericHTTPClient@@@std@@@std@@QAE@XZ 10002a67 f i GenericHTTPClientA.obj
 0001:00001a74       ??0GenericHTTPClient@@QAE@XZ 10002a74 f   GenericHTTPClientA.obj
 0001:00001a9a       ??1?$vector@U__GENERIC_HTTP_ARGUMENT@GenericHTTPClient@@V?$allocator@U__GENERIC_HTTP_ARGUMENT@GenericHTTPClient@@@std@@@std@@QAE@XZ 10002a9a f i GenericHTTPClientA.obj
 0001:00001a9f       ??1GenericHTTPClient@@UAE@XZ 10002a9f f   GenericHTTPClientA.obj
 0001:00001ac1       ??2@YAPAXIPAX@Z            10002ac1 f i GenericHTTPClientA.obj
 0001:00001ac9       ??3@YAXPAX0@Z              10002ac9 f i GenericHTTPClientA.obj
 0001:00001aca       ??C?$_Vector_iterator@V?$_Vector_val@U?$_Simple_types@U__GENERIC_HTTP_ARGUMENT@GenericHTTPClient@@@std@@@std@@@std@@QBEPAU__GENERIC_HTTP_ARGUMENT@GenericHTTPClient@@XZ 10002aca f i GenericHTTPClientA.obj
 0001:00001acd       ??D?$_Vector_const_iterator@V?$_Vector_val@U?$_Simple_types@U__GENERIC_HTTP_ARGUMENT@GenericHTTPClient@@@std@@@std@@@std@@QBEABU__GENERIC_HTTP_ARGUMENT@GenericHTTPClient@@XZ 10002acd f i GenericHTTPClientA.obj
 0001:00001ad0       ??D?$_Vector_iterator@V?$_Vector_val@U?$_Simple_types@U__GENERIC_HTTP_ARGUMENT@GenericHTTPClient@@@std@@@std@@@std@@QBEAAU__GENERIC_HTTP_ARGUMENT@GenericHTTPClient@@XZ 10002ad0 f i GenericHTTPClientA.obj
 0001:00001ad3       ??E?$_Vector_const_iterator@V?$_Vector_val@U?$_Simple_types@U__GENERIC_HTTP_ARGUMENT@GenericHTTPClient@@@std@@@std@@@std@@QAEAAV01@XZ 10002ad3 f i GenericHTTPClientA.obj
 0001:00001adc       ??E?$_Vector_iterator@V?$_Vector_val@U?$_Simple_types@U__GENERIC_HTTP_ARGUMENT@GenericHTTPClient@@@std@@@std@@@std@@QAEAAV01@XZ 10002adc f i GenericHTTPClientA.obj
 0001:00001ae5       ??M?$_Vector_const_iterator@V?$_Vector_val@U?$_Simple_types@U__GENERIC_HTTP_ARGUMENT@GenericHTTPClient@@@std@@@std@@@std@@QBE_NABV01@@Z 10002ae5 f i GenericHTTPClientA.obj
 0001:00001af7       ??_GGenericHTTPClient@@UAEPAXI@Z 10002af7 f i GenericHTTPClientA.obj
 0001:00001af7       ??_EGenericHTTPClient@@UAEPAXI@Z 10002af7 f i GenericHTTPClientA.obj
 0001:00001b16       ?AddPostArguments@GenericHTTPClient@@QAEXPBD0H@Z 10002b16 f   GenericHTTPClientA.obj
 0001:00001b9c       ?AddPostArguments@GenericHTTPClient@@QAEXPBDK@Z 10002b9c f   GenericHTTPClientA.obj
 0001:00001c1f       ?AllocMultiPartsFormData@GenericHTTPClient@@IAEKAAPAEPBD@Z 10002c1f f   GenericHTTPClientA.obj
 0001:00001f8a       ?Close@GenericHTTPClient@@QAEHXZ 10002f8a f   GenericHTTPClientA.obj
 0001:00001fc1       ?Connect@GenericHTTPClient@@QAEHPBD0G00@Z 10002fc1 f   GenericHTTPClientA.obj
 0001:000020e5       ?FreeMultiPartsFormData@GenericHTTPClient@@IAEXAAPAE@Z 100030e5 f   GenericHTTPClientA.obj
 0001:00002101       ?GetContentType@GenericHTTPClient@@QAEPBDPBD@Z 10003101 f   GenericHTTPClientA.obj
 0001:000021be       ?GetLastError@GenericHTTPClient@@QAEKXZ 100031be f   GenericHTTPClientA.obj
 0001:000021c5       ?GetMultiPartsFormDataLength@GenericHTTPClient@@IAEKXZ 100031c5 f   GenericHTTPClientA.obj
 0001:0000223d       ?GetPostArguments@GenericHTTPClient@@IAEKPADK@Z 1000323d f   GenericHTTPClientA.obj
 0001:000022df       ?GetSoapPacket@GenericHTTPClient@@QAEXPADK@Z 100032df f   GenericHTTPClientA.obj
 0001:00002309       ?InitilizePostArguments@GenericHTTPClient@@QAEXXZ 10003309 f   GenericHTTPClientA.obj
 0001:00002310       ?ParseURL@GenericHTTPClient@@QAEXPBDPADH1HAAK1H@Z 10003310 f   GenericHTTPClientA.obj
 0001:00002542       ?QueryHTTPResponse@GenericHTTPClient@@QAEPBDXZ 10003542 f   GenericHTTPClientA.obj
 0001:00002549       ?QueryHTTPResponseHeader@GenericHTTPClient@@QAEPBDXZ 10003549 f   GenericHTTPClientA.obj
 0001:00002550       ?Reconnect@GenericHTTPClient@@QAEHXZ 10003550 f   GenericHTTPClientA.obj
 0001:00002596       ?Request@GenericHTTPClient@@QAEHPBDH0K@Z 10003596 f   GenericHTTPClientA.obj
 0001:000026ed       ?RequestGet@GenericHTTPClient@@IAEHPBD@Z 100036ed f   GenericHTTPClientA.obj
 0001:00002797       ?RequestOfURI@GenericHTTPClient@@QAEHPBDH@Z 10003797 f   GenericHTTPClientA.obj
 0001:000027c8       ?RequestPost@GenericHTTPClient@@IAEHPBD@Z 100037c8 f   GenericHTTPClientA.obj
 0001:000028de       ?RequestPostMultiPartsFormData@GenericHTTPClient@@IAEHPBD@Z 100038de f   GenericHTTPClientA.obj
 0001:00002ae5       ?RequestSOAP@GenericHTTPClient@@IAEHPBD@Z 10003ae5 f   GenericHTTPClientA.obj
 0001:00002cbd       ?Response@GenericHTTPClient@@QAEHPAEK0KAAK@Z 10003cbd f   GenericHTTPClientA.obj
 0001:00002dd6       ?ResponseOfBytes@GenericHTTPClient@@IAEKPAEK@Z 10003dd6 f   GenericHTTPClientA.obj
 0001:00002e2a       ?SetSoapPacket@GenericHTTPClient@@QAEXPBD@Z 10003e2a f   GenericHTTPClientA.obj
 0001:00002e53       ?_Adopt@_Iterator_base0@std@@QAEXPBX@Z 10003e53 f i GenericHTTPClientA.obj
 0001:00002e56       ?_Compat@?$_Vector_const_iterator@V?$_Vector_val@U?$_Simple_types@U__GENERIC_HTTP_ARGUMENT@GenericHTTPClient@@@std@@@std@@@std@@QBEXABV12@@Z 10003e56 f i GenericHTTPClientA.obj
 0001:00002e59       ?_Destroy@?$vector@U__GENERIC_HTTP_ARGUMENT@GenericHTTPClient@@V?$allocator@U__GENERIC_HTTP_ARGUMENT@GenericHTTPClient@@@std@@@std@@IAEXPAU__GENERIC_HTTP_ARGUMENT@GenericHTTPClient@@0@Z 10003e59 f i GenericHTTPClientA.obj
 0001:00002e5c       ?_Getal@?$_Vector_alloc@$0A@U?$_Vec_base_types@U__GENERIC_HTTP_ARGUMENT@GenericHTTPClient@@V?$allocator@U__GENERIC_HTTP_ARGUMENT@GenericHTTPClient@@@std@@@std@@@std@@QBE?AU?$_Wrap_alloc@V?$allocator@U__GENERIC_HTTP_ARGUMENT@GenericHTTPClient@@@std@@@2@XZ 10003e5c f i GenericHTTPClientA.obj
 0001:00002e66       ?_Grow_to@?$vector@U__GENERIC_HTTP_ARGUMENT@GenericHTTPClient@@V?$allocator@U__GENERIC_HTTP_ARGUMENT@GenericHTTPClient@@@std@@@std@@IBEII@Z 10003e66 f i GenericHTTPClientA.obj
 0001:00002e9a       ?_Inside@?$vector@U__GENERIC_HTTP_ARGUMENT@GenericHTTPClient@@V?$allocator@U__GENERIC_HTTP_ARGUMENT@GenericHTTPClient@@@std@@@std@@IBE_NPBU__GENERIC_HTTP_ARGUMENT@GenericHTTPClient@@@Z 10003e9a f i GenericHTTPClientA.obj
 0001:00002eb4       ?_Orphan_all@_Container_base0@std@@QAEXXZ 10003eb4 f i GenericHTTPClientA.obj
 0001:00002eb5       ?_Orphan_range@?$vector@U__GENERIC_HTTP_ARGUMENT@GenericHTTPClient@@V?$allocator@U__GENERIC_HTTP_ARGUMENT@GenericHTTPClient@@@std@@@std@@IBEXPAU__GENERIC_HTTP_ARGUMENT@GenericHTTPClient@@0@Z 10003eb5 f i GenericHTTPClientA.obj
 0001:00002eb8       ?_Reallocate@?$vector@U__GENERIC_HTTP_ARGUMENT@GenericHTTPClient@@V?$allocator@U__GENERIC_HTTP_ARGUMENT@GenericHTTPClient@@@std@@@std@@IAEXI@Z 10003eb8 f i GenericHTTPClientA.obj
 0001:00002f3c       ?_Reserve@?$vector@U__GENERIC_HTTP_ARGUMENT@GenericHTTPClient@@V?$allocator@U__GENERIC_HTTP_ARGUMENT@GenericHTTPClient@@@std@@@std@@IAEXI@Z 10003f3c f i GenericHTTPClientA.obj
 0001:00002f91       ?_Tidy@?$vector@U__GENERIC_HTTP_ARGUMENT@GenericHTTPClient@@V?$allocator@U__GENERIC_HTTP_ARGUMENT@GenericHTTPClient@@@std@@@std@@IAEXXZ 10003f91 f i GenericHTTPClientA.obj
 0001:00002fad       ?_Unused_capacity@?$vector@U__GENERIC_HTTP_ARGUMENT@GenericHTTPClient@@V?$allocator@U__GENERIC_HTTP_ARGUMENT@GenericHTTPClient@@@std@@@std@@QBEIXZ 10003fad f i GenericHTTPClientA.obj
 0001:00002fbc       ?_Xlen@?$vector@U__GENERIC_HTTP_ARGUMENT@GenericHTTPClient@@V?$allocator@U__GENERIC_HTTP_ARGUMENT@GenericHTTPClient@@@std@@@std@@IBEXXZ 10003fbc f i GenericHTTPClientA.obj
 0001:00002fc7       ?allocate@?$_Wrap_alloc@V?$allocator@U__GENERIC_HTTP_ARGUMENT@GenericHTTPClient@@@std@@@std@@QAEPAU__GENERIC_HTTP_ARGUMENT@GenericHTTPClient@@I@Z 10003fc7 f i GenericHTTPClientA.obj
 0001:00002fda       ?allocate@?$allocator@U__GENERIC_HTTP_ARGUMENT@GenericHTTPClient@@@std@@QAEPAU__GENERIC_HTTP_ARGUMENT@GenericHTTPClient@@I@Z 10003fda f i GenericHTTPClientA.obj
 0001:00002fed       ?begin@?$vector@U__GENERIC_HTTP_ARGUMENT@GenericHTTPClient@@V?$allocator@U__GENERIC_HTTP_ARGUMENT@GenericHTTPClient@@@std@@@std@@QAE?AV?$_Vector_iterator@V?$_Vector_val@U?$_Simple_types@U__GENERIC_HTTP_ARGUMENT@GenericHTTPClient@@@std@@@std@@@2@XZ 10003fed f i GenericHTTPClientA.obj
 0001:00002ffb       ?capacity@?$vector@U__GENERIC_HTTP_ARGUMENT@GenericHTTPClient@@V?$allocator@U__GENERIC_HTTP_ARGUMENT@GenericHTTPClient@@@std@@@std@@QBEIXZ 10003ffb f i GenericHTTPClientA.obj
 0001:00003009       ?clear@?$vector@U__GENERIC_HTTP_ARGUMENT@GenericHTTPClient@@V?$allocator@U__GENERIC_HTTP_ARGUMENT@GenericHTTPClient@@@std@@@std@@QAEXXZ 10004009 f i GenericHTTPClientA.obj
 0001:0000300f       ?construct@?$allocator@U__GENERIC_HTTP_ARGUMENT@GenericHTTPClient@@@std@@QAEXPAU__GENERIC_HTTP_ARGUMENT@GenericHTTPClient@@ABU34@@Z 1000400f f i GenericHTTPClientA.obj
 0001:0000302b       ?deallocate@?$_Wrap_alloc@V?$allocator@U__GENERIC_HTTP_ARGUMENT@GenericHTTPClient@@@std@@@std@@QAEXPAU__GENERIC_HTTP_ARGUMENT@GenericHTTPClient@@I@Z 1000402b f i GenericHTTPClientA.obj
 0001:0000303b       ?deallocate@?$allocator@U__GENERIC_HTTP_ARGUMENT@GenericHTTPClient@@@std@@QAEXPAU__GENERIC_HTTP_ARGUMENT@GenericHTTPClient@@I@Z 1000403b f i GenericHTTPClientA.obj
 0001:0000304b       ?end@?$vector@U__GENERIC_HTTP_ARGUMENT@GenericHTTPClient@@V?$allocator@U__GENERIC_HTTP_ARGUMENT@GenericHTTPClient@@@std@@@std@@QAE?AV?$_Vector_iterator@V?$_Vector_val@U?$_Simple_types@U__GENERIC_HTTP_ARGUMENT@GenericHTTPClient@@@std@@@std@@@2@XZ 1000404b f i GenericHTTPClientA.obj
 0001:0000305a       ?max_size@?$_Wrap_alloc@V?$allocator@U__GENERIC_HTTP_ARGUMENT@GenericHTTPClient@@@std@@@std@@QBEIXZ 1000405a f i GenericHTTPClientA.obj
 0001:00003060       ?max_size@?$allocator@U__GENERIC_HTTP_ARGUMENT@GenericHTTPClient@@@std@@QBEIXZ 10004060 f i GenericHTTPClientA.obj
 0001:00003066       ?max_size@?$allocator_traits@V?$allocator@U__GENERIC_HTTP_ARGUMENT@GenericHTTPClient@@@std@@@std@@SAIABV?$allocator@U__GENERIC_HTTP_ARGUMENT@GenericHTTPClient@@@2@@Z 10004066 f i GenericHTTPClientA.obj
 0001:0000306c       ?max_size@?$vector@U__GENERIC_HTTP_ARGUMENT@GenericHTTPClient@@V?$allocator@U__GENERIC_HTTP_ARGUMENT@GenericHTTPClient@@@std@@@std@@QBEIXZ 1000406c f i GenericHTTPClientA.obj
 0001:00003072       ?pointer_to@?$pointer_traits@PAU__GENERIC_HTTP_ARGUMENT@GenericHTTPClient@@@std@@SAPAU__GENERIC_HTTP_ARGUMENT@GenericHTTPClient@@AAU34@@Z 10004072 f i GenericHTTPClientA.obj
 0001:0000307a       ?push_back@?$vector@U__GENERIC_HTTP_ARGUMENT@GenericHTTPClient@@V?$allocator@U__GENERIC_HTTP_ARGUMENT@GenericHTTPClient@@@std@@@std@@QAEXABU__GENERIC_HTTP_ARGUMENT@GenericHTTPClient@@@Z 1000407a f i GenericHTTPClientA.obj
 0001:000030e0       ?size@?$vector@U__GENERIC_HTTP_ARGUMENT@GenericHTTPClient@@V?$allocator@U__GENERIC_HTTP_ARGUMENT@GenericHTTPClient@@@std@@@std@@QBEIXZ 100040e0 f i GenericHTTPClientA.obj
 0001:000030ee       __tcscmp                   100040ee f i GenericHTTPClientA.obj
 0001:000030f7       __tcsncmp                  100040f7 f i GenericHTTPClientA.obj
 0001:00003100       __tcsncpy_s                10004100 f i GenericHTTPClientA.obj
 0001:00003109       _hypot                     10004109 f i GenericHTTPClientA.obj
 0001:0000312e       ??$_Allocate@D@std@@YAPADIPAD@Z 1000412e f i mdump.obj
 0001:00003155       ??$_Allocate@VCString@WTL@@@std@@YAPAVCString@WTL@@IPAV12@@Z 10004155 f i mdump.obj
 0001:00003181       ??$_Destroy_range@U?$_Wrap_alloc@V?$allocator@VCString@WTL@@@std@@@std@@@std@@YAXPAVCString@WTL@@0AAU?$_Wrap_alloc@V?$allocator@VCString@WTL@@@std@@@0@@Z 10004181 f i mdump.obj
 0001:0000319c       ??$_Destroy_range@U?$_Wrap_alloc@V?$allocator@VCString@WTL@@@std@@@std@@@std@@YAXPAVCString@WTL@@0AAU?$_Wrap_alloc@V?$allocator@VCString@WTL@@@std@@@0@U_Nonscalar_ptr_iterator_tag@0@@Z 1000419c f i mdump.obj
 0001:000031b7       ??$_Ptr_cat@VCString@WTL@@V12@@std@@YA?AU_Nonscalar_ptr_iterator_tag@0@PAVCString@WTL@@0@Z 100041b7 f i mdump.obj
 0001:000031c2       ??$_Rechecked@PAVCString@WTL@@PAV12@@std@@YAAAPAVCString@WTL@@AAPAV12@PAV12@@Z 100041c2 f i mdump.obj
 0001:000031cf       ??$_Umove@PAVCString@WTL@@@?$vector@VCString@WTL@@V?$allocator@VCString@WTL@@@std@@@std@@IAEPAVCString@WTL@@PAV23@00@Z 100041cf f i mdump.obj
 0001:000031f3       ??$_Unchecked@PAVCString@WTL@@@std@@YAPAVCString@WTL@@PAV12@@Z 100041f3 f i mdump.obj
 0001:000031fb       ??$_Uninit_move@PAVCString@WTL@@PAV12@U?$_Wrap_alloc@V?$allocator@VCString@WTL@@@std@@@std@@@std@@YAPAVCString@WTL@@PAV12@00AAU?$_Wrap_alloc@V?$allocator@VCString@WTL@@@std@@@0@@Z 100041fb f i mdump.obj
 0001:0000321c       ??$_Uninit_move@PAVCString@WTL@@PAV12@V?$allocator@VCString@WTL@@@std@@V12@@std@@YAPAVCString@WTL@@PAV12@00AAU?$_Wrap_alloc@V?$allocator@VCString@WTL@@@std@@@0@0U_Nonscalar_ptr_iterator_tag@0@@Z 1000421c f i mdump.obj
 0001:00003281       ??$_Uninitialized_move@PAVCString@WTL@@PAV12@U?$_Wrap_alloc@V?$allocator@VCString@WTL@@@std@@@std@@@std@@YAPAVCString@WTL@@PAV12@00AAU?$_Wrap_alloc@V?$allocator@VCString@WTL@@@std@@@0@@Z 10004281 f i mdump.obj
 0001:0000328a       ??$_Val_type@PAVCString@WTL@@@std@@YAPAVCString@WTL@@PAV12@@Z 1000428a f i mdump.obj
 0001:0000328d       ??$addressof@D@std@@YAPADAAD@Z 1000428d f i mdump.obj
 0001:00003295       ??$addressof@VCString@WTL@@@std@@YAPAVCString@WTL@@AAV12@@Z 10004295 f i mdump.obj
 0001:0000329d       ??$construct@PADAAPAD@?$_Wrap_alloc@V?$allocator@D@std@@@std@@QAEXPAPADAAPAD@Z 1000429d f i mdump.obj
 0001:000032b2       ??$construct@PADAAPAD@?$allocator@D@std@@QAEXPAPADAAPAD@Z 100042b2 f i mdump.obj
 0001:000032c7       ??$construct@PADAAPAD@?$allocator_traits@V?$allocator@D@std@@@std@@SAXAAV?$allocator@D@1@PAPADAAPAD@Z 100042c7 f i mdump.obj
 0001:000032da       ??$construct@VCString@WTL@@V12@@?$_Wrap_alloc@V?$allocator@VCString@WTL@@@std@@@std@@QAEXPAVCString@WTL@@$$QAV23@@Z 100042da f i mdump.obj
 0001:00003304       ??$construct@VCString@WTL@@V12@@?$allocator@VCString@WTL@@@std@@QAEXPAVCString@WTL@@$$QAV23@@Z 10004304 f i mdump.obj
 0001:0000332e       ??$construct@VCString@WTL@@V12@@?$allocator_traits@V?$allocator@VCString@WTL@@@std@@@std@@SAXAAV?$allocator@VCString@WTL@@@1@PAVCString@WTL@@$$QAV34@@Z 1000432e f i mdump.obj
 0001:00003356       ??$destroy@PAD@?$_Wrap_alloc@V?$allocator@D@std@@@std@@QAEXPAPAD@Z 10004356 f i mdump.obj
 0001:00003359       ??$destroy@PAD@?$allocator@D@std@@QAEXPAPAD@Z 10004359 f i mdump.obj
 0001:0000335c       ??$destroy@PAD@?$allocator_traits@V?$allocator@D@std@@@std@@SAXAAV?$allocator@D@1@PAPAD@Z 1000435c f i mdump.obj
 0001:0000335d       ??$destroy@VCString@WTL@@@?$_Wrap_alloc@V?$allocator@VCString@WTL@@@std@@@std@@QAEXPAVCString@WTL@@@Z 1000435d f i mdump.obj
 0001:0000336c       ??$destroy@VCString@WTL@@@?$allocator@VCString@WTL@@@std@@QAEXPAVCString@WTL@@@Z 1000436c f i mdump.obj
 0001:0000337b       ??$destroy@VCString@WTL@@@?$allocator_traits@V?$allocator@VCString@WTL@@@std@@@std@@SAXAAV?$allocator@VCString@WTL@@@1@PAVCString@WTL@@@Z 1000437b f i mdump.obj
 0001:00003387       ??$forward@AAPAD@std@@YAAAPADAAPAD@Z 10004387 f i mdump.obj
 0001:0000338f       ??$forward@VCString@WTL@@@std@@YA$$QAVCString@WTL@@AAV12@@Z 1000438f f i mdump.obj
 0001:00003397       ??0?$_String_alloc@$0A@U?$_String_base_types@DV?$allocator@D@std@@@std@@@std@@QAE@ABV?$allocator@D@1@@Z 10004397 f i mdump.obj
 0001:000033a4       ??0?$_String_val@U?$_Simple_types@D@std@@@std@@QAE@XZ 100043a4 f i mdump.obj
 0001:000033af       ??0?$_Vector_alloc@$0A@U?$_Vec_base_types@VCString@WTL@@V?$allocator@VCString@WTL@@@std@@@std@@@std@@QAE@ABV?$allocator@VCString@WTL@@@1@@Z 100043af f i mdump.obj
 0001:000033be       ??0?$_Vector_const_iterator@V?$_Vector_val@U?$_Simple_types@VCString@WTL@@@std@@@std@@@std@@QAE@PAVCString@WTL@@PBU_Container_base0@1@@Z 100043be f i mdump.obj
 0001:000033cc       ??0?$_Vector_iterator@V?$_Vector_val@U?$_Simple_types@VCString@WTL@@@std@@@std@@@std@@QAE@PAVCString@WTL@@PBU_Container_base0@1@@Z 100043cc f i mdump.obj
 0001:000033da       ??0?$_Vector_val@U?$_Simple_types@VCString@WTL@@@std@@@std@@QAE@XZ 100043da f i mdump.obj
 0001:000033e7       ??0?$_Wrap_alloc@V?$allocator@D@std@@@std@@QAE@XZ 100043e7 f i mdump.obj
 0001:000033ea       ??0?$_Wrap_alloc@V?$allocator@VCString@WTL@@@std@@@std@@QAE@XZ 100043ea f i mdump.obj
 0001:000033ed       ??0?$allocator@D@std@@QAE@XZ 100043ed f i mdump.obj
 0001:000033f0       ??0?$allocator@VCString@WTL@@@std@@QAE@XZ 100043f0 f i mdump.obj
 0001:000033f3       ??0?$basic_string@DU?$char_traits@D@std@@V?$allocator@D@2@@std@@QAE@PBD@Z 100043f3 f i mdump.obj
 0001:00003422       ??0?$vector@VCString@WTL@@V?$allocator@VCString@WTL@@@std@@@std@@QAE@XZ 10004422 f i mdump.obj
 0001:0000342f       ??0DumpData@@QAE@XZ        1000442f f i mdump.obj
 0001:00003442       ??0MiniDumper@@QAE@XZ      10004442 f   mdump.obj
 0001:000034b7       ??0ResourceSwitch@@QAE@PBD@Z 100044b7 f i mdump.obj
 0001:000034e2       ??0TotalUptimeAndCrashCalculator@@QAE@PBD00@Z 100044e2 f i mdump.obj
 0001:0000354f       ??0_Generic_error_category@std@@QAE@XZ 1000454f f i mdump.obj
 0001:00003558       ??0_Iostream_error_category@std@@QAE@XZ 10004558 f i mdump.obj
 0001:00003561       ??0_System_error_category@std@@QAE@XZ 10004561 f i mdump.obj
 0001:0000356a       ??0_U_STRINGorID@ATL@@QAE@PBD@Z 1000456a f i mdump.obj
 0001:00003578       ??0error_category@std@@QAE@XZ 10004578 f i mdump.obj
 0001:00003581       ??0error_condition@std@@QAE@HABVerror_category@1@@Z 10004581 f i mdump.obj
 0001:00003595       ??0id@locale@std@@QAE@I@Z  10004595 f i mdump.obj
 0001:000035a3       ??1?$basic_string@DU?$char_traits@D@std@@V?$allocator@D@2@@std@@QAE@XZ 100045a3 f i mdump.obj
 0001:000035ad       ??1?$vector@VCString@WTL@@V?$allocator@VCString@WTL@@@std@@@std@@QAE@XZ 100045ad f i mdump.obj
 0001:000035b2       ??1DumpData@@QAE@XZ        100045b2 f i mdump.obj
 0001:000035c6       ??1MiniDumper@@UAE@XZ      100045c6 f   mdump.obj
 0001:00003657       ??1ResourceSwitch@@QAE@XZ  10004657 f i mdump.obj
 0001:0000366a       ??1TotalUptimeAndCrashCalculator@@QAE@XZ 1000466a f i mdump.obj
 0001:000036b6       ??1_Generic_error_category@std@@UAE@XZ 100046b6 f i mdump.obj
 0001:000036bd       ??1_Iostream_error_category@std@@UAE@XZ 100046bd f i mdump.obj
 0001:000036c4       ??1_System_error_category@std@@UAE@XZ 100046c4 f i mdump.obj
 0001:000036cb       ??1error_category@std@@UAE@XZ 100046cb f i mdump.obj
 0001:000036d2       ??8error_category@std@@QBE_NABV01@@Z 100046d2 f i mdump.obj
 0001:000036e1       ??8error_condition@std@@QBE_NABV01@@Z 100046e1 f i mdump.obj
 0001:00003700       ??D?$_Vector_const_iterator@V?$_Vector_val@U?$_Simple_types@VCString@WTL@@@std@@@std@@@std@@QBEABVCString@WTL@@XZ 10004700 f i mdump.obj
 0001:00003703       ??D?$_Vector_iterator@V?$_Vector_val@U?$_Simple_types@VCString@WTL@@@std@@@std@@@std@@QBEAAVCString@WTL@@XZ 10004703 f i mdump.obj
 0001:00003706       ??E?$_Vector_const_iterator@V?$_Vector_val@U?$_Simple_types@VCString@WTL@@@std@@@std@@@std@@QAEAAV01@XZ 10004706 f i mdump.obj
 0001:0000370c       ??E?$_Vector_iterator@V?$_Vector_val@U?$_Simple_types@VCString@WTL@@@std@@@std@@@std@@QAEAAV01@XZ 1000470c f i mdump.obj
 0001:00003712       ??M?$_Vector_const_iterator@V?$_Vector_val@U?$_Simple_types@VCString@WTL@@@std@@@std@@@std@@QBE_NABV01@@Z 10004712 f i mdump.obj
 0001:00003724       ??YCString@WTL@@QAEAAV01@ABV01@@Z 10004724 f i mdump.obj
 0001:0000373f       ??_GCString@WTL@@QAEPAXI@Z 1000473f f i mdump.obj
 0001:0000375e       ??_GMiniDumper@@UAEPAXI@Z  1000475e f i mdump.obj
 0001:0000375e       ??_EMiniDumper@@UAEPAXI@Z  1000475e f i mdump.obj
 0001:0000377d       ??_GTotalUptimeAndCrashCalculator@@QAEPAXI@Z 1000477d f i mdump.obj
 0001:0000379c       ??_G_Generic_error_category@std@@UAEPAXI@Z 1000479c f i mdump.obj
 0001:0000379c       ??_E_Generic_error_category@std@@UAEPAXI@Z 1000479c f i mdump.obj
 0001:000037bc       ??_E_Iostream_error_category@std@@UAEPAXI@Z 100047bc f i mdump.obj
 0001:000037bc       ??_G_Iostream_error_category@std@@UAEPAXI@Z 100047bc f i mdump.obj
 0001:000037dc       ??_E_System_error_category@std@@UAEPAXI@Z 100047dc f i mdump.obj
 0001:000037dc       ??_G_System_error_category@std@@UAEPAXI@Z 100047dc f i mdump.obj
 0001:000037fc       ??_Eerror_category@std@@UAEPAXI@Z 100047fc f i mdump.obj
 0001:000037fc       ??_Gerror_category@std@@UAEPAXI@Z 100047fc f i mdump.obj
 0001:0000381c       ?AtlMessageBox@WTL@@YAHPAUHWND__@@V_U_STRINGorID@ATL@@1I@Z 1000481c f i mdump.obj
 0001:00003946       ?CreateReportThreaded@MiniDumper@@SGIPAX@Z 10004946 f   mdump.obj
 0001:00003b8a       ?ExceptionHandler@MiniDumper@@SGJPAU_EXCEPTION_POINTERS@@K@Z 10004b8a f   mdump.obj
 0001:00003e2f       ?Format@CString@WTL@@QAAHPBDZZ 10004e2f f i mdump.obj
 0001:00003e43       ?FormatMessageA@CString@WTL@@QAAHIZZ 10004e43 f i mdump.obj
 0001:00003ebb       ?FormatV@CString@WTL@@QAEHPBDPAD@Z 10004ebb f i mdump.obj
 0001:000041af       ?GetMFA@MiniDumper@@SA_NPAXPADH@Z 100051af f   mdump.obj
 0001:000042d1       ?GetModuleInstance@CComModule@ATL@@QAEPAUHINSTANCE__@@XZ 100052d1 f i mdump.obj
 0001:000042d7       ?GetResourceInstance@CComModule@ATL@@QAEPAUHINSTANCE__@@XZ 100052d7 f i mdump.obj
 0001:000042dd       ?InterlockedExchangePointer@@YGPAXPAPAXPAX@Z 100052dd f i mdump.obj
 0001:000042ec       ?IsEmpty@CString@WTL@@QBEHXZ 100052ec f i mdump.obj
 0001:000042f7       ?LaunchHangDetection@MiniDumper@@QAEXXZ 100052f7 f   mdump.obj
 0001:000043e2       ?MakeLower@CString@WTL@@QAEXXZ 100053e2 f i mdump.obj
 0001:000043f4       ?SendReportThreaded@MiniDumper@@SGIPAX@Z 100053f4 f   mdump.obj
 0001:00004775       ?SetResourceInstance@CAtlBaseModule@ATL@@QAEPAUHINSTANCE__@@PAU3@@Z 10005775 f i mdump.obj
 0001:00004784       ?SetResourceInstance@CComModule@ATL@@QAEPAUHINSTANCE__@@PAU3@@Z 10005784 f i mdump.obj
 0001:00004795       ?TerminateHangDetection@MiniDumper@@QAEXXZ 10005795 f   mdump.obj
 0001:000047c9       ?TopLevelUnhandledExceptionFilter@MiniDumper@@SGJPAU_EXCEPTION_POINTERS@@@Z 100057c9 f   mdump.obj
 0001:0000483d       ?TrimLeft@CString@WTL@@QAEXXZ 1000583d f i mdump.obj
 0001:00004886       ?TrimRight@CString@WTL@@QAEXXZ 10005886 f i mdump.obj
 0001:000048d2       ?WebVersionNewerThanLocal@MiniDumper@@KA_NPAUHINSTANCE__@@@Z 100058d2 f   mdump.obj
 0001:00004bab       ?_Compat@?$_Vector_const_iterator@V?$_Vector_val@U?$_Simple_types@VCString@WTL@@@std@@@std@@@std@@QBEXABV12@@Z 10005bab f i mdump.obj
 0001:00004bae       ?_Copy@?$basic_string@DU?$char_traits@D@std@@V?$allocator@D@2@@std@@QAEXII@Z 10005bae f i mdump.obj
 0001:00004ca5       ?_Destroy@?$vector@VCString@WTL@@V?$allocator@VCString@WTL@@@std@@@std@@IAEXPAVCString@WTL@@0@Z 10005ca5 f i mdump.obj
 0001:00004cc2       ?_Eos@?$basic_string@DU?$char_traits@D@std@@V?$allocator@D@2@@std@@QAEXI@Z 10005cc2 f i mdump.obj
 0001:00004cdb       ?_Getal@?$_String_alloc@$0A@U?$_String_base_types@DV?$allocator@D@std@@@std@@@std@@QBE?AU?$_Wrap_alloc@V?$allocator@D@std@@@2@XZ 10005cdb f i mdump.obj
 0001:00004ce5       ?_Getal@?$_Vector_alloc@$0A@U?$_Vec_base_types@VCString@WTL@@V?$allocator@VCString@WTL@@@std@@@std@@@std@@QBE?AU?$_Wrap_alloc@V?$allocator@VCString@WTL@@@std@@@2@XZ 10005ce5 f i mdump.obj
 0001:00004cef       ?_Grow@?$basic_string@DU?$char_traits@D@std@@V?$allocator@D@2@@std@@QAE_NI_N@Z 10005cef f i mdump.obj
 0001:00004d52       ?_Grow_to@?$vector@VCString@WTL@@V?$allocator@VCString@WTL@@@std@@@std@@IBEII@Z 10005d52 f i mdump.obj
 0001:00004d7f       ?_Inside@?$basic_string@DU?$char_traits@D@std@@V?$allocator@D@2@@std@@QAE_NPBD@Z 10005d7f f i mdump.obj
 0001:00004dba       ?_Inside@?$vector@VCString@WTL@@V?$allocator@VCString@WTL@@@std@@@std@@IBE_NPBVCString@WTL@@@Z 10005dba f i mdump.obj
 0001:00004dd4       ?_Myptr@?$_String_val@U?$_Simple_types@D@std@@@std@@QAEPADXZ 10005dd4 f i mdump.obj
 0001:00004ddf       ?_Myptr@?$_String_val@U?$_Simple_types@D@std@@@std@@QBEPBDXZ 10005ddf f i mdump.obj
 0001:00004dea       ?_Orphan_range@?$vector@VCString@WTL@@V?$allocator@VCString@WTL@@@std@@@std@@IBEXPAVCString@WTL@@0@Z 10005dea f i mdump.obj
 0001:00004ded       ?_Reallocate@?$vector@VCString@WTL@@V?$allocator@VCString@WTL@@@std@@@std@@IAEXI@Z 10005ded f i mdump.obj
 0001:00004e7d       ?_Reserve@?$vector@VCString@WTL@@V?$allocator@VCString@WTL@@@std@@@std@@IAEXI@Z 10005e7d f i mdump.obj
 0001:00004ec8       ?_Tidy@?$basic_string@DU?$char_traits@D@std@@V?$allocator@D@2@@std@@QAEX_NI@Z 10005ec8 f i mdump.obj
 0001:00004f0c       ?_Tidy@?$vector@VCString@WTL@@V?$allocator@VCString@WTL@@@std@@@std@@IAEXXZ 10005f0c f i mdump.obj
 0001:00004f40       ?_Unused_capacity@?$vector@VCString@WTL@@V?$allocator@VCString@WTL@@@std@@@std@@QBEIXZ 10005f40 f i mdump.obj
 0001:00004f4a       ?_Xlen@?$basic_string@DU?$char_traits@D@std@@V?$allocator@D@2@@std@@QBEXXZ 10005f4a f i mdump.obj
 0001:00004f55       ?_Xlen@?$vector@VCString@WTL@@V?$allocator@VCString@WTL@@@std@@@std@@IBEXXZ 10005f55 f i mdump.obj
 0001:00004f60       ?_Xran@?$basic_string@DU?$char_traits@D@std@@V?$allocator@D@2@@std@@QBEXXZ 10005f60 f i mdump.obj
 0001:00004f6b       ?_cstrisdigit@CString@WTL@@KAHD@Z 10005f6b f i mdump.obj
 0001:00004f7d       ?_cstrisspace@CString@WTL@@KAHD@Z 10005f7d f i mdump.obj
 0001:00004f8f       ?_cstrtoi@CString@WTL@@KAHPBD@Z 10005f8f f i mdump.obj
 0001:00004f98       ?_tcsrchr@@YAPADPADI@Z     10005f98 f i mdump.obj
 0001:00004fa1       ?allocate@?$_Wrap_alloc@V?$allocator@D@std@@@std@@QAEPADI@Z 10005fa1 f i mdump.obj
 0001:00004fb4       ?allocate@?$_Wrap_alloc@V?$allocator@VCString@WTL@@@std@@@std@@QAEPAVCString@WTL@@I@Z 10005fb4 f i mdump.obj
 0001:00004fc7       ?allocate@?$allocator@D@std@@QAEPADI@Z 10005fc7 f i mdump.obj
 0001:00004fda       ?allocate@?$allocator@VCString@WTL@@@std@@QAEPAVCString@WTL@@I@Z 10005fda f i mdump.obj
 0001:00004fed       ?assign@?$basic_string@DU?$char_traits@D@std@@V?$allocator@D@2@@std@@QAEAAV12@ABV12@II@Z 10005fed f i mdump.obj
 0001:00005081       ?assign@?$basic_string@DU?$char_traits@D@std@@V?$allocator@D@2@@std@@QAEAAV12@PBD@Z 10006081 f i mdump.obj
 0001:000050a0       ?assign@?$basic_string@DU?$char_traits@D@std@@V?$allocator@D@2@@std@@QAEAAV12@PBDI@Z 100060a0 f i mdump.obj
 0001:00005119       ?assign@?$char_traits@D@std@@SAXAADABD@Z 10006119 f i mdump.obj
 0001:00005128       ?begin@?$vector@VCString@WTL@@V?$allocator@VCString@WTL@@@std@@@std@@QAE?AV?$_Vector_iterator@V?$_Vector_val@U?$_Simple_types@VCString@WTL@@@std@@@std@@@2@XZ 10006128 f i mdump.obj
 0001:00005136       ?bugsplatMessage@MiniDumper@@SAIPBDII@Z 10006136 f   mdump.obj
 0001:00005173       ?capacity@?$vector@VCString@WTL@@V?$allocator@VCString@WTL@@@std@@@std@@QBEIXZ 10006173 f i mdump.obj
 0001:0000517c       ?capture@TotalUptimeAndCrashCalculator@@QAEX_N@Z 1000617c f i mdump.obj
 0001:000052a5       ?category@error_code@std@@QBEABVerror_category@2@XZ 100062a5 f i mdump.obj
 0001:000052a9       ?category@error_condition@std@@QBEABVerror_category@2@XZ 100062a9 f i mdump.obj
 0001:000052ad       ?copy@?$char_traits@D@std@@SAPADPADPBDI@Z 100062ad f i mdump.obj
 0001:000052c1       ?createReport@MiniDumper@@QAEXK@Z 100062c1 f   mdump.obj
 0001:000052e3       ?createReport@MiniDumper@@QAEXPAU_EXCEPTION_POINTERS@@@Z 100062e3 f   mdump.obj
 0001:00005305       ?createReport@MiniDumper@@QAEXPBD@Z 10006305 f   mdump.obj
 0001:00005332       ?deallocate@?$_Wrap_alloc@V?$allocator@D@std@@@std@@QAEXPADI@Z 10006332 f i mdump.obj
 0001:00005342       ?deallocate@?$_Wrap_alloc@V?$allocator@VCString@WTL@@@std@@@std@@QAEXPAVCString@WTL@@I@Z 10006342 f i mdump.obj
 0001:00005352       ?deallocate@?$allocator@D@std@@QAEXPADI@Z 10006352 f i mdump.obj
 0001:00005362       ?deallocate@?$allocator@VCString@WTL@@@std@@QAEXPAVCString@WTL@@I@Z 10006362 f i mdump.obj
 0001:00005372       ?debugMode@@YA_NXZ         10006372 f   mdump.obj
 0001:000053e3       ?default_error_condition@_System_error_category@std@@UBE?AVerror_condition@2@H@Z 100063e3 f i mdump.obj
 0001:0000540f       ?default_error_condition@error_category@std@@UBE?AVerror_condition@2@H@Z 1000640f f i mdump.obj
 0001:00005421       ?eatException@@YA_NK@Z     10006421 f i mdump.obj
 0001:00005487       ?enableExceptionFilter@MiniDumper@@QAE_N_N@Z 10006487 f   mdump.obj
 0001:000054a7       ?enableFullMemoryDumpAndExit@MiniDumper@@QAE_N_N@Z 100064a7 f   mdump.obj
 0001:000054b6       ?end@?$vector@VCString@WTL@@V?$allocator@VCString@WTL@@@std@@@std@@QAE?AV?$_Vector_iterator@V?$_Vector_val@U?$_Simple_types@VCString@WTL@@@std@@@std@@@2@XZ 100064b6 f i mdump.obj
 0001:000054c5       ?equivalent@error_category@std@@UBE_NABVerror_code@2@H@Z 100064c5 f i mdump.obj
 0001:000054e2       ?equivalent@error_category@std@@UBE_NHABVerror_condition@2@@Z 100064e2 f i mdump.obj
 0001:00005503       ?erase@?$basic_string@DU?$char_traits@D@std@@V?$allocator@D@2@@std@@QAEAAV12@I@Z 10006503 f i mdump.obj
 0001:00005532       ?erase@?$basic_string@DU?$char_traits@D@std@@V?$allocator@D@2@@std@@QAEAAV12@II@Z 10006532 f i mdump.obj
 0001:000055b4       ?fileVersionInfo@@YA_NPADAAK1@Z 100065b4 f   mdump.obj
 0001:00005626       ?foundResources@ResourceSwitch@@QAE_NXZ 10006626 f i mdump.obj
 0001:0000562f       ?generic_category@std@@YAABVerror_category@1@XZ 1000662f f i mdump.obj
 0001:00005635       ?getFlags@MiniDumper@@QBEKXZ 10006635 f i mdump.obj
 0001:00005639       ?getRegistryBase@@YAXAAVCString@WTL@@@Z 10006639 f   mdump.obj
 0001:0000564b       ?getRegistryRoot@@YAXAAVCString@WTL@@PBD11@Z 1000664b f   mdump.obj
 0001:000056ab       ?initExceptionHandler@MiniDumper@@QAEXPBD000K@Z 100066ab f   mdump.obj
 0001:000058ba       ?invalid_parameter_handler@@YAXPBG00II@Z 100068ba f i mdump.obj
 0001:000058c3       ?isExceptionFilterEnabled@MiniDumper@@QBE_NXZ 100068c3 f   mdump.obj
 0001:000058c9       ?isFullMemoryDumpAndExitEnabled@MiniDumper@@QBE_NXZ 100068c9 f   mdump.obj
 0001:000058cf       ?length@?$char_traits@D@std@@SAIPBD@Z 100068cf f i mdump.obj
 0001:000058e7       ?logOutput@@YAXIPBD_N@Z    100068e7 f   mdump.obj
 0001:00005af4       ?max_size@?$_Wrap_alloc@V?$allocator@D@std@@@std@@QBEIXZ 10006af4 f i mdump.obj
 0001:00005af8       ?max_size@?$_Wrap_alloc@V?$allocator@VCString@WTL@@@std@@@std@@QBEIXZ 10006af8 f i mdump.obj
 0001:00005afe       ?max_size@?$allocator@D@std@@QBEIXZ 10006afe f i mdump.obj
 0001:00005b02       ?max_size@?$allocator@VCString@WTL@@@std@@QBEIXZ 10006b02 f i mdump.obj
 0001:00005b08       ?max_size@?$allocator_traits@V?$allocator@D@std@@@std@@SAIABV?$allocator@D@2@@Z 10006b08 f i mdump.obj
 0001:00005b0c       ?max_size@?$allocator_traits@V?$allocator@VCString@WTL@@@std@@@std@@SAIABV?$allocator@VCString@WTL@@@2@@Z 10006b0c f i mdump.obj
 0001:00005b12       ?max_size@?$basic_string@DU?$char_traits@D@std@@V?$allocator@D@2@@std@@QBEIXZ 10006b12 f i mdump.obj
 0001:00005b16       ?max_size@?$vector@VCString@WTL@@V?$allocator@VCString@WTL@@@std@@@std@@QBEIXZ 10006b16 f i mdump.obj
 0001:00005b1c       ?message@_Generic_error_category@std@@UBE?AV?$basic_string@DU?$char_traits@D@std@@V?$allocator@D@2@@2@H@Z 10006b1c f i mdump.obj
 0001:00005b49       ?message@_Iostream_error_category@std@@UBE?AV?$basic_string@DU?$char_traits@D@std@@V?$allocator@D@2@@2@H@Z 10006b49 f i mdump.obj
 0001:00005b7a       ?message@_System_error_category@std@@UBE?AV?$basic_string@DU?$char_traits@D@std@@V?$allocator@D@2@@2@H@Z 10006b7a f i mdump.obj
 0001:00005ba7       ?move@?$char_traits@D@std@@SAPADPADPBDI@Z 10006ba7 f i mdump.obj
 0001:00005bbb       ?name@_Generic_error_category@std@@UBEPBDXZ 10006bbb f i mdump.obj
 0001:00005bc1       ?name@_Iostream_error_category@std@@UBEPBDXZ 10006bc1 f i mdump.obj
 0001:00005bc7       ?name@_System_error_category@std@@UBEPBDXZ 10006bc7 f i mdump.obj
 0001:00005bcd       ?push_back@?$vector@VCString@WTL@@V?$allocator@VCString@WTL@@@std@@@std@@QAEX$$QAVCString@WTL@@@Z 10006bcd f i mdump.obj
 0001:00005c45       ?resetDescriptionString@MiniDumper@@QAEXPBD@Z 10006c45 f   mdump.obj
 0001:00005c51       ?resetVersionString@MiniDumper@@QAEXPBD@Z 10006c51 f   mdump.obj
 0001:00005c5d       ?sendAdditionalFile@MiniDumper@@QAEXPBD@Z 10006c5d f   mdump.obj
 0001:00005c96       ?setCallback@MiniDumper@@QAEXP6A_NIPAX0@Z@Z 10006c96 f   mdump.obj
 0001:00005ca3       ?setDefaultUserEmail@MiniDumper@@QAEXPBD@Z 10006ca3 f   mdump.obj
 0001:00005caf       ?setDefaultUserName@MiniDumper@@QAEXPBD@Z 10006caf f   mdump.obj
 0001:00005cbb       ?setFlags@MiniDumper@@QAE_NK@Z 10006cbb f   mdump.obj
 0001:00005d16       ?setUserZipPath@MiniDumper@@QAEXPBD@Z 10006d16 f   mdump.obj
 0001:00005d22       ?signal_handler@@YAXH@Z    10006d22 f i mdump.obj
 0001:00005d2b       ?size@?$basic_string@DU?$char_traits@D@std@@V?$allocator@D@2@@std@@QBEIXZ 10006d2b f i mdump.obj
 0001:00005d2f       ?size@?$vector@VCString@WTL@@V?$allocator@VCString@WTL@@@std@@@std@@QBEIXZ 10006d2f f i mdump.obj
 0001:00005d38       ?system_category@std@@YAABVerror_category@1@XZ 10006d38 f i mdump.obj
 0001:00005d3e       ?terminator@@YAXXZ         10006d3e f i mdump.obj
 0001:00005d47       ?value@error_code@std@@QBEHXZ 10006d47 f i mdump.obj
 0001:00005d4a       ?value@error_condition@std@@QBEHXZ 10006d4a f i mdump.obj
 0001:00005d4d       __tcsicmp                  10006d4d f i mdump.obj
 0001:00005d56       __tcsrchr                  10006d56 f i mdump.obj
 0001:00005d71       ??0MiniDmpSender@@QAE@PBD000K@Z 10006d71 f   sbSender.obj
 0001:00005dcb       ??0MiniDmpSender@@QAE@PBG000K@Z 10006dcb f   sbSender.obj
 0001:00005f8f       ??0MiniDmpSender@@QAE@PB_W000K@Z 10006f8f f   sbSender.obj
 0001:00006153       ??1MiniDmpSender@@UAE@XZ   10007153 f   sbSender.obj
 0001:0000616f       ?createReport@MiniDmpSender@@QAEXPAU_EXCEPTION_POINTERS@@@Z 1000716f f   sbSender.obj
 0001:0000617b       ?createReport@MiniDmpSender@@QAEXPBD@Z 1000717b f   sbSender.obj
 0001:00006187       ?createReport@MiniDmpSender@@QAEXPB_W@Z 10007187 f   sbSender.obj
 0001:000061d0       ?createReport@MiniDmpSender@@QAEXXZ 100071d0 f   sbSender.obj
 0001:000061db       ?enableExceptionFilter@MiniDmpSender@@QAE_N_N@Z 100071db f   sbSender.obj
 0001:000061e7       ?enableFullMemoryDumpAndExit@MiniDmpSender@@QAE_N_N@Z 100071e7 f   sbSender.obj
 0001:000061f3       ?getFlags@MiniDmpSender@@QBEKXZ 100071f3 f   sbSender.obj
 0001:000061fa       ?imp@MiniDmpSender@@QAEPAXXZ 100071fa f   sbSender.obj
 0001:00006200       ?imp@MiniDumper@@QAEPAXXZ  10007200 f i sbSender.obj
 0001:00006206       ?isExceptionFilterEnabled@MiniDmpSender@@QBE_NXZ 10007206 f   sbSender.obj
 0001:0000620e       ?isFullMemoryDumpAndExitEnabled@MiniDmpSender@@QBE_NXZ 1000720e f   sbSender.obj
 0001:00006216       ?resetAppIdentifier@MiniDmpSender@@QAEXPBD@Z 10007216 f   sbSender.obj
 0001:00006222       ?resetAppIdentifier@MiniDmpSender@@QAEXPBG@Z 10007222 f   sbSender.obj
 0001:0000622b       ?resetAppIdentifier@MiniDmpSender@@QAEXPB_W@Z 1000722b f   sbSender.obj
 0001:00006274       ?resetVersionString@MiniDmpSender@@QAEXPBD@Z 10007274 f   sbSender.obj
 0001:00006280       ?resetVersionString@MiniDmpSender@@QAEXPBG@Z 10007280 f   sbSender.obj
 0001:00006289       ?resetVersionString@MiniDmpSender@@QAEXPB_W@Z 10007289 f   sbSender.obj
 0001:000062d2       ?sendAdditionalFile@MiniDmpSender@@QAEXPBD@Z 100072d2 f   sbSender.obj
 0001:000062de       ?sendAdditionalFile@MiniDmpSender@@QAEXPBG@Z 100072de f   sbSender.obj
 0001:000062e7       ?sendAdditionalFile@MiniDmpSender@@QAEXPB_W@Z 100072e7 f   sbSender.obj
 0001:00006330       ?setCallback@MiniDmpSender@@QAEXP6A_NIPAX0@Z@Z 10007330 f   sbSender.obj
 0001:0000633c       ?setDefaultUserEmail@MiniDmpSender@@QAEXPBD@Z 1000733c f   sbSender.obj
 0001:00006348       ?setDefaultUserEmail@MiniDmpSender@@QAEXPBG@Z 10007348 f   sbSender.obj
 0001:00006351       ?setDefaultUserEmail@MiniDmpSender@@QAEXPB_W@Z 10007351 f   sbSender.obj
 0001:0000639a       ?setDefaultUserName@MiniDmpSender@@QAEXPBD@Z 1000739a f   sbSender.obj
 0001:000063a6       ?setDefaultUserName@MiniDmpSender@@QAEXPBG@Z 100073a6 f   sbSender.obj
 0001:000063af       ?setDefaultUserName@MiniDmpSender@@QAEXPB_W@Z 100073af f   sbSender.obj
 0001:000063f8       ?setFlags@MiniDmpSender@@QAE_NK@Z 100073f8 f   sbSender.obj
 0001:00006404       ?setUserZipPath@MiniDmpSender@@QAEXPBD@Z 10007404 f   sbSender.obj
 0001:00006410       ?setUserZipPath@MiniDmpSender@@QAEXPBG@Z 10007410 f   sbSender.obj
 0001:00006419       ?setUserZipPath@MiniDmpSender@@QAEXPB_W@Z 10007419 f   sbSender.obj
 0001:00006462       ?unhandledExceptionHandler@MiniDmpSender@@QAEJPAU_EXCEPTION_POINTERS@@@Z 10007462 f   sbSender.obj
 0001:0000646b       ??$?2PAD@?$Wrapper@PAD@?$CSimpleMap@PADPAGVCExpansionVectorEqualHelper@ATL@@@ATL@@SAPAXIPAPAD@Z 1000746b f i sbSenderApp.obj
 0001:00006473       ??$?2PAG@?$Wrapper@PAG@?$CSimpleMap@PADPAGVCExpansionVectorEqualHelper@ATL@@@ATL@@SAPAXIPAPAG@Z 10007473 f i sbSenderApp.obj
 0001:0000647b       ??$?3PAD@?$Wrapper@PAD@?$CSimpleMap@PADPAGVCExpansionVectorEqualHelper@ATL@@@ATL@@SAXPAXPAPAD@Z 1000747b f i sbSenderApp.obj
 0001:0000647c       ??$?3PAG@?$Wrapper@PAG@?$CSimpleMap@PADPAGVCExpansionVectorEqualHelper@ATL@@@ATL@@SAXPAXPAPAG@Z 1000747c f i sbSenderApp.obj
 0001:0000647d       ??$AtlAdd@K@ATL@@YAJPAKKK@Z 1000747d f i sbSenderApp.obj
 0001:000064a1       ??$AtlAddThrow@K@ATL@@YAKKK@Z 100074a1 f i sbSenderApp.obj
 0001:000064c9       ??$AtlMultiply@H@ATL@@YAJPAHHH@Z 100074c9 f i sbSenderApp.obj
 0001:000064fc       ??$AtlMultiply@I@ATL@@YAJPAIII@Z 100074fc f i sbSenderApp.obj
 0001:0000651e       ??$AtlMultiply@K@ATL@@YAJPAKKK@Z 1000751e f i sbSenderApp.obj
 0001:00006540       ??$AtlMultiplyThrow@I@ATL@@YAIII@Z 10007540 f i sbSenderApp.obj
 0001:00006568       ??0?$CAtlModuleT@VCComModule@ATL@@@ATL@@QAE@XZ 10007568 f i sbSenderApp.obj
 0001:00006574       ??0?$CAtlSafeAllocBufferManager@VCCRTAllocator@ATL@@@_ATL_SAFE_ALLOCA_IMPL@ATL@@QAE@XZ 10007574 f i sbSenderApp.obj
 0001:0000657a       ??0?$CAutoVectorPtr@D@ATL@@QAE@XZ 1000757a f i sbSenderApp.obj
 0001:00006580       ??0?$CAutoVectorPtr@G@ATL@@QAE@XZ 10007580 f i sbSenderApp.obj
 0001:00006586       ??0?$CComCritSecLock@VCComCriticalSection@ATL@@@ATL@@QAE@AAVCComCriticalSection@1@_N@Z 10007586 f i sbSenderApp.obj
 0001:000065ad       ??0?$CSimpleMap@KPAVCMessageLoop@WTL@@V?$CSimpleMapEqualHelper@KPAVCMessageLoop@WTL@@@ATL@@@ATL@@QAE@XZ 100075ad f i sbSenderApp.obj
 0001:000065ba       ??0?$CSimpleMap@PADPAGVCExpansionVectorEqualHelper@ATL@@@ATL@@QAE@XZ 100075ba f i sbSenderApp.obj
 0001:000065c7       ??0?$CTempBuffer@D$0BAA@VCCRTAllocator@ATL@@@ATL@@QAE@XZ 100075c7 f i sbSenderApp.obj
 0001:000065cd       ??0?$CTempBuffer@D$0EAA@VCCRTAllocator@ATL@@@ATL@@QAE@XZ 100075cd f i sbSenderApp.obj
 0001:000065d3       ??0?$CTempBuffer@E$0BAA@VCCRTAllocator@ATL@@@ATL@@QAE@XZ 100075d3 f i sbSenderApp.obj
 0001:000065d9       ??0?$Wrapper@PAD@?$CSimpleMap@PADPAGVCExpansionVectorEqualHelper@ATL@@@ATL@@QAE@ABQAD@Z 100075d9 f i sbSenderApp.obj
 0001:000065e9       ??0?$Wrapper@PAG@?$CSimpleMap@PADPAGVCExpansionVectorEqualHelper@ATL@@@ATL@@QAE@ABQAG@Z 100075e9 f i sbSenderApp.obj
 0001:000065f9       ??0CAppModule@WTL@@QAE@XZ  100075f9 f i sbSenderApp.obj
 0001:0000660b       ??0CAtlException@ATL@@QAE@J@Z 1000760b f i sbSenderApp.obj
 0001:00006619       ??0CAtlModule@ATL@@QAE@XZ  10007619 f i sbSenderApp.obj
 0001:0000665a       ??0CComAutoDeleteCriticalSection@ATL@@QAE@XZ 1000765a f i sbSenderApp.obj
 0001:00006672       ??0CComModule@ATL@@QAE@XZ  10007672 f i sbSenderApp.obj
 0001:0000668a       ??0CComSafeDeleteCriticalSection@ATL@@QAE@XZ 1000768a f i sbSenderApp.obj
 0001:000066a2       ??0CExpansionVector@ATL@@QAE@XZ 100076a2 f i sbSenderApp.obj
 0001:000066af       ??0CParseBuffer@CRegParser@ATL@@QAE@H@Z 100076af f i sbSenderApp.obj
 0001:000066e4       ??0CRegKey@ATL@@QAE@PAVCAtlTransactionManager@1@@Z 100076e4 f i sbSenderApp.obj
 0001:000066fa       ??0CRegObject@ATL@@QAE@XZ  100076fa f i sbSenderApp.obj
 0001:00006728       ??0CRegParser@ATL@@QAE@PAVCRegObject@1@@Z 10007728 f i sbSenderApp.obj
 0001:0000673a       ??0CStaticDataInitCriticalSectionLock@WTL@@QAE@XZ 1000773a f i sbSenderApp.obj
 0001:0000674b       ??0IRegistrarBase@@QAE@XZ  1000774b f i sbSenderApp.obj
 0001:0000674e       ??0IUnknown@@QAE@XZ        1000774e f i sbSenderApp.obj
 0001:00006751       ??0_ATL_MODULE70@ATL@@QAE@XZ 10007751 f i sbSenderApp.obj
 0001:00006768       ??1?$CAtlModuleT@VCComModule@ATL@@@ATL@@UAE@XZ 10007768 f i sbSenderApp.obj
 0001:0000676d       ??1?$CAtlSafeAllocBufferManager@VCCRTAllocator@ATL@@@_ATL_SAFE_ALLOCA_IMPL@ATL@@QAE@XZ 1000776d f i sbSenderApp.obj
 0001:00006786       ??1?$CAutoVectorPtr@D@ATL@@QAE@XZ 10007786 f i sbSenderApp.obj
 0001:00006796       ??1?$CAutoVectorPtr@G@ATL@@QAE@XZ 10007796 f i sbSenderApp.obj
 0001:000067a6       ??1?$CComCritSecLock@VCComCriticalSection@ATL@@@ATL@@QAE@XZ 100077a6 f i sbSenderApp.obj
 0001:000067bd       ??1?$CSimpleArray@PAUHWND__@@V?$CSimpleArrayEqualHelper@PAUHWND__@@@ATL@@@ATL@@QAE@XZ 100077bd f i sbSenderApp.obj
 0001:000067c2       ??1?$CSimpleMap@KPAVCMessageLoop@WTL@@V?$CSimpleMapEqualHelper@KPAVCMessageLoop@WTL@@@ATL@@@ATL@@QAE@XZ 100077c2 f i sbSenderApp.obj
 0001:000067c7       ??1?$CSimpleMap@PADPAGVCExpansionVectorEqualHelper@ATL@@@ATL@@QAE@XZ 100077c7 f i sbSenderApp.obj
 0001:000067cc       ??1?$CTempBuffer@D$0BAA@VCCRTAllocator@ATL@@@ATL@@QAE@XZ 100077cc f i sbSenderApp.obj
 0001:000067d8       ??1?$CTempBuffer@D$0EAA@VCCRTAllocator@ATL@@@ATL@@QAE@XZ 100077d8 f i sbSenderApp.obj
 0001:000067e4       ??1?$CTempBuffer@E$0BAA@VCCRTAllocator@ATL@@@ATL@@QAE@XZ 100077e4 f i sbSenderApp.obj
 0001:000067f0       ??1CAppModule@WTL@@UAE@XZ  100077f0 f i sbSenderApp.obj
 0001:000067fb       ??1CAtlModule@ATL@@UAE@XZ  100077fb f i sbSenderApp.obj
 0001:00006800       ??1CComAutoDeleteCriticalSection@ATL@@QAE@XZ 10007800 f i sbSenderApp.obj
 0001:00006812       ??1CComModule@ATL@@UAE@XZ  10007812 f i sbSenderApp.obj
 0001:0000681d       ??1CComSafeDeleteCriticalSection@ATL@@QAE@XZ 1000781d f i sbSenderApp.obj
 0001:0000682f       ??1CExpansionVector@ATL@@QAE@XZ 1000782f f i sbSenderApp.obj
 0001:00006856       ??1CParseBuffer@CRegParser@ATL@@QAE@XZ 10007856 f i sbSenderApp.obj
 0001:00006860       ??1CRegKey@ATL@@QAE@XZ     10007860 f i sbSenderApp.obj
 0001:00006865       ??1CRegObject@ATL@@UAE@XZ  10007865 f i sbSenderApp.obj
 0001:000068be       ??1CStaticDataInitCriticalSectionLock@WTL@@QAE@XZ 100078be f i sbSenderApp.obj
 0001:000068c3       ??1_ATL_MODULE70@ATL@@QAE@XZ 100078c3 f i sbSenderApp.obj
 0001:000068c4       ??A?$CSimpleArray@PAUHWND__@@V?$CSimpleArrayEqualHelper@PAUHWND__@@@ATL@@@ATL@@QAEAAPAUHWND__@@H@Z 100078c4 f i sbSenderApp.obj
 0001:000068ee       ??B?$CTempBuffer@D$0BAA@VCCRTAllocator@ATL@@@ATL@@QBEPADXZ 100078ee f i sbSenderApp.obj
 0001:000068f1       ??B?$CTempBuffer@D$0EAA@VCCRTAllocator@ATL@@@ATL@@QBEPADXZ 100078f1 f i sbSenderApp.obj
 0001:000068f4       ??B?$CTempBuffer@E$0BAA@VCCRTAllocator@ATL@@@ATL@@QBEPAEXZ 100078f4 f i sbSenderApp.obj
 0001:000068f7       ??BCRegKey@ATL@@QBEPAUHKEY__@@XZ 100078f7 f i sbSenderApp.obj
 0001:000068fa       ??_G?$CSimpleArray@PAUHWND__@@V?$CSimpleArrayEqualHelper@PAUHWND__@@@ATL@@@ATL@@QAEPAXI@Z 100078fa f i sbSenderApp.obj
 0001:00006919       ??_G?$CSimpleMap@KPAVCMessageLoop@WTL@@V?$CSimpleMapEqualHelper@KPAVCMessageLoop@WTL@@@ATL@@@ATL@@QAEPAXI@Z 10007919 f i sbSenderApp.obj
 0001:00006938       ??_ECAppModule@WTL@@UAEPAXI@Z 10007938 f i sbSenderApp.obj
 0001:00006938       ??_GCAppModule@WTL@@UAEPAXI@Z 10007938 f i sbSenderApp.obj
 0001:0000695d       ??_ECComModule@ATL@@UAEPAXI@Z 1000795d f i sbSenderApp.obj
 0001:0000695d       ??_GCComModule@ATL@@UAEPAXI@Z 1000795d f i sbSenderApp.obj
 0001:00006982       ??_ECRegObject@ATL@@UAEPAXI@Z 10007982 f i sbSenderApp.obj
 0001:00006982       ??_GCRegObject@ATL@@UAEPAXI@Z 10007982 f i sbSenderApp.obj
 0001:000069a1       ?Add@?$CSimpleMap@PADPAGVCExpansionVectorEqualHelper@ATL@@@ATL@@QAEHABQADABQAG@Z 100079a1 f i sbSenderApp.obj
 0001:000069f6       ?Add@CExpansionVector@ATL@@QAEHPBDPBG@Z 100079f6 f i sbSenderApp.obj
 0001:00006aeb       ?AddChar@CParseBuffer@CRegParser@ATL@@QAEHPBD@Z 10007aeb f i sbSenderApp.obj
 0001:00006b0d       ?AddCommonRGSReplacements@?$CAtlModuleT@VCComModule@ATL@@@ATL@@UAEJPAUIRegistrarBase@@@Z 10007b0d f i sbSenderApp.obj
 0001:00006b27       ?AddRef@CRegObject@ATL@@UAGKXZ 10007b27 f i sbSenderApp.obj
 0001:00006b2d       ?AddReplacement@CRegObject@ATL@@UAGJPBG0@Z 10007b2d f i sbSenderApp.obj
 0001:00006c0e       ?AddString@CParseBuffer@CRegParser@ATL@@QAEHPBG@Z 10007c0e f i sbSenderApp.obj
 0001:00006cc5       ?AddValue@CRegParser@ATL@@IAEJAAVCRegKey@2@PBDPAD@Z 10007cc5 f i sbSenderApp.obj
 0001:00007135       ?Allocate@?$CAtlSafeAllocBufferManager@VCCRTAllocator@ATL@@@_ATL_SAFE_ALLOCA_IMPL@ATL@@QAEPAXK@Z 10008135 f i sbSenderApp.obj
 0001:00007162       ?Allocate@?$CTempBuffer@D$0BAA@VCCRTAllocator@ATL@@@ATL@@QAEPADI@Z 10008162 f i sbSenderApp.obj
 0001:00007191       ?Allocate@?$CTempBuffer@D$0EAA@VCCRTAllocator@ATL@@@ATL@@QAEPADI@Z 10008191 f i sbSenderApp.obj
 0001:000071c0       ?Allocate@?$CTempBuffer@E$0BAA@VCCRTAllocator@ATL@@@ATL@@QAEPAEI@Z 100081c0 f i sbSenderApp.obj
 0001:000071ef       ?Allocate@CCRTAllocator@ATL@@SAPAXI@Z 100081ef f i sbSenderApp.obj
 0001:000071f8       ?AllocateBytes@?$CTempBuffer@D$0BAA@VCCRTAllocator@ATL@@@ATL@@QAEPADI@Z 100081f8 f i sbSenderApp.obj
 0001:0000721d       ?AllocateBytes@?$CTempBuffer@D$0EAA@VCCRTAllocator@ATL@@@ATL@@QAEPADI@Z 1000821d f i sbSenderApp.obj
 0001:00007242       ?AllocateBytes@?$CTempBuffer@E$0BAA@VCCRTAllocator@ATL@@@ATL@@QAEPAEI@Z 10008242 f i sbSenderApp.obj
 0001:00007267       ?AllocateHeap@?$CTempBuffer@D$0BAA@VCCRTAllocator@ATL@@@ATL@@AAEXI@Z 10008267 f i sbSenderApp.obj
 0001:0000728c       ?AllocateHeap@?$CTempBuffer@D$0EAA@VCCRTAllocator@ATL@@@ATL@@AAEXI@Z 1000828c f i sbSenderApp.obj
 0001:000072b1       ?AllocateHeap@?$CTempBuffer@E$0BAA@VCCRTAllocator@ATL@@@ATL@@AAEXI@Z 100082b1 f i sbSenderApp.obj
 0001:000072d6       ?Append@CParseBuffer@CRegParser@ATL@@QAEHPBDH@Z 100082d6 f i sbSenderApp.obj
 0001:00007359       ?AtlA2WHelper@@YGPAGPAGPBDHI@Z 10008359 f i sbSenderApp.obj
 0001:00007391       ?AtlCallTermFunc@ATL@@YGXPAU_ATL_MODULE70@1@@Z 10008391 f i sbSenderApp.obj
 0001:000073d4       ?AtlCoTaskMemCAlloc@ATL@@YAPAXKK@Z 100083d4 f i sbSenderApp.obj
 0001:00007403       ?AtlCoTaskMemRecalloc@ATL@@YAPAXPAXKK@Z 10008403 f i sbSenderApp.obj
 0001:00007435       ?AtlCrtErrorCheck@ATL@@YAHH@Z 10008435 f i sbSenderApp.obj
 0001:00007470       ?AtlGetPerUserRegistration@ATL@@YGJPA_N@Z 10008470 f i sbSenderApp.obj
 0001:0000748e       ?AtlHresultFromLastError@ATL@@YAJXZ 1000848e f i sbSenderApp.obj
 0001:000074a5       ?AtlHresultFromWin32@ATL@@YAJK@Z 100084a5 f i sbSenderApp.obj
 0001:000074ba       ?AtlThrowImpl@ATL@@YGXJ@Z  100084ba f i sbSenderApp.obj
 0001:000074d2       ?AtlW2AHelper@@YGPADPADPBGHI@Z 100084d2 f i sbSenderApp.obj
 0001:0000750b       ?Attach@?$CAutoVectorPtr@D@ATL@@QAEXPAD@Z 1000850b f i sbSenderApp.obj
 0001:00007517       ?Attach@?$CAutoVectorPtr@G@ATL@@QAEXPAG@Z 10008517 f i sbSenderApp.obj
 0001:00007523       ?Attach@CRegKey@ATL@@QAEXPAUHKEY__@@@Z 10008523 f i sbSenderApp.obj
 0001:00007537       ?CanForceRemoveKey@CRegParser@ATL@@IAEHPBD@Z 10008537 f i sbSenderApp.obj
 0001:00007566       ?ChToByte@CRegParser@ATL@@KAED@Z 10008566 f i sbSenderApp.obj
 0001:000075a3       ?ClearReplacements@CExpansionVector@ATL@@QAEJXZ 100085a3 f i sbSenderApp.obj
 0001:000075e0       ?ClearReplacements@CRegObject@ATL@@UAGJXZ 100085e0 f i sbSenderApp.obj
 0001:0000760b       ?Close@CRegKey@ATL@@QAEJXZ 1000860b f i sbSenderApp.obj
 0001:00007625       ?Create@CRegKey@ATL@@QAEJPAUHKEY__@@PBDPADKKPAU_SECURITY_ATTRIBUTES@@PAK@Z 10008625 f i sbSenderApp.obj
 0001:00007696       ?Decrement@CComMultiThreadModel@ATL@@SGKPAJ@Z 10008696 f i sbSenderApp.obj
 0001:000076a8       ?DeleteSubKey@CRegKey@ATL@@QAEJPBD@Z 100086a8 f i sbSenderApp.obj
 0001:00007721       ?DeleteValue@CRegKey@ATL@@QAEJPBD@Z 10008721 f i sbSenderApp.obj
 0001:00007733       ?Detach@?$CAutoVectorPtr@D@ATL@@QAEPADXZ 10008733 f i sbSenderApp.obj
 0001:00007739       ?Detach@?$CAutoVectorPtr@G@ATL@@QAEPAGXZ 10008739 f i sbSenderApp.obj
 0001:0000773f       ?Detach@CParseBuffer@CRegParser@ATL@@QAEPADXZ 1000873f f i sbSenderApp.obj
 0001:0000774d       ?Detach@CRegKey@ATL@@QAEPAUHKEY__@@XZ 1000874d f i sbSenderApp.obj
 0001:0000775a       ?EndOfVar@CRegParser@ATL@@IAEHXZ 1000875a f i sbSenderApp.obj
 0001:00007774       ?EscapeSingleQuote@CAtlModule@ATL@@SAXPAGIPBG@Z 10008774 f i sbSenderApp.obj
 0001:000077c3       ?FinalConstruct@CRegObject@ATL@@QAEJXZ 100087c3 f i sbSenderApp.obj
 0001:000077d8       ?FindKey@?$CSimpleMap@PADPAGVCExpansionVectorEqualHelper@ATL@@@ATL@@QBEHABQAD@Z 100087d8 f i sbSenderApp.obj
 0001:0000780f       ?Free@?$CAutoVectorPtr@D@ATL@@QAEXXZ 1000880f f i sbSenderApp.obj
 0001:0000781f       ?Free@?$CAutoVectorPtr@G@ATL@@QAEXXZ 1000881f f i sbSenderApp.obj
 0001:0000782f       ?Free@CCRTAllocator@ATL@@SAXPAX@Z 1000882f f i sbSenderApp.obj
 0001:00007834       ?FreeHeap@?$CTempBuffer@D$0BAA@VCCRTAllocator@ATL@@@ATL@@AAEXXZ 10008834 f i sbSenderApp.obj
 0001:0000783d       ?FreeHeap@?$CTempBuffer@D$0EAA@VCCRTAllocator@ATL@@@ATL@@AAEXXZ 1000883d f i sbSenderApp.obj
 0001:00007846       ?FreeHeap@?$CTempBuffer@E$0BAA@VCCRTAllocator@ATL@@@ATL@@AAEXXZ 10008846 f i sbSenderApp.obj
 0001:0000784f       ?GenerateError@CRegParser@ATL@@IAEJI@Z 1000884f f i sbSenderApp.obj
 0001:00007857       ?GetAppId@?$CAtlModuleT@VCComModule@ATL@@@ATL@@SAPBGXZ 10008857 f i sbSenderApp.obj
 0001:0000785d       ?GetData@CAtlSafeAllocBufferNode@?$CAtlSafeAllocBufferManager@VCCRTAllocator@ATL@@@_ATL_SAFE_ALLOCA_IMPL@ATL@@QAEPAXXZ 1000885d f i sbSenderApp.obj
 0001:00007861       ?GetGITPtr@CAtlModule@ATL@@UAEJPAPAUIGlobalInterfaceTable@@@Z 10008861 f i sbSenderApp.obj
 0001:000078ad       ?GetKeyAt@?$CSimpleMap@PADPAGVCExpansionVectorEqualHelper@ATL@@@ATL@@QBEAAPADH@Z 100088ad f i sbSenderApp.obj
 0001:000078d7       ?GetLockCount@CAtlModule@ATL@@UAEJXZ 100088d7 f i sbSenderApp.obj
 0001:000078db       ?GetSize@?$CSimpleArray@PAUHWND__@@V?$CSimpleArrayEqualHelper@PAUHWND__@@@ATL@@@ATL@@QBEHXZ 100088db f i sbSenderApp.obj
 0001:000078df       ?GetSize@?$CSimpleMap@PADPAGVCExpansionVectorEqualHelper@ATL@@@ATL@@QBEHXZ 100088df f i sbSenderApp.obj
 0001:000078e3       ?GetValueAt@?$CSimpleMap@PADPAGVCExpansionVectorEqualHelper@ATL@@@ATL@@QBEAAPAGH@Z 100088e3 f i sbSenderApp.obj
 0001:0000790e       ?HKeyFromString@CRegParser@ATL@@KAPAUHKEY__@@PAD@Z 1000890e f i sbSenderApp.obj
 0001:0000793c       ?HasSubKeys@CRegParser@ATL@@IAEHPAUHKEY__@@@Z 1000893c f i sbSenderApp.obj
 0001:00007973       ?Increment@CComMultiThreadModel@ATL@@SGKPAJ@Z 10008973 f i sbSenderApp.obj
 0001:00007985       ?Init@CAppModule@WTL@@QAEJPAU_ATL_OBJMAP_ENTRY30@ATL@@PAUHINSTANCE__@@PBU_GUID@@@Z 10008985 f i sbSenderApp.obj
 0001:00007a02       ?Init@CComModule@ATL@@QAEJPAU_ATL_OBJMAP_ENTRY30@2@PAUHINSTANCE__@@PBU_GUID@@@Z 10008a02 f i sbSenderApp.obj
 0001:00007a61       ?Init@CComSafeDeleteCriticalSection@ATL@@QAEJXZ 10008a61 f i sbSenderApp.obj
 0001:00007a73       ?InitLibId@?$CAtlModuleT@VCComModule@ATL@@@ATL@@SAXXZ 10008a73 f i sbSenderApp.obj
 0001:00007a74       ?InternalSetAtIndex@?$CSimpleMap@PADPAGVCExpansionVectorEqualHelper@ATL@@@ATL@@QAEXHABQADABQAG@Z 10008a74 f i sbSenderApp.obj
 0001:00007a9e       ?IsEqualKey@CExpansionVectorEqualHelper@ATL@@SA_NQAD0@Z 10008a9e f i sbSenderApp.obj
 0001:00007ab5       ?IsSpace@CRegParser@ATL@@IAEHD@Z 10008ab5 f i sbSenderApp.obj
 0001:00007ad6       ?Lock@?$CComCritSecLock@VCComCriticalSection@ATL@@@ATL@@QAEJXZ 10008ad6 f i sbSenderApp.obj
 0001:00007ae9       ?Lock@CAtlModule@ATL@@UAEJXZ 10008ae9 f i sbSenderApp.obj
 0001:00007af5       ?Lock@CComCriticalSection@ATL@@QAEJXZ 10008af5 f i sbSenderApp.obj
 0001:00007aff       ?Lock@CComSafeDeleteCriticalSection@ATL@@QAEJXZ 10008aff f i sbSenderApp.obj
 0001:00007b09       ?Lock@CStaticDataInitCriticalSectionLock@WTL@@QAEJXZ 10008b09 f i sbSenderApp.obj
 0001:00007b1c       ?Lookup@?$CSimpleMap@PADPAGVCExpansionVectorEqualHelper@ATL@@@ATL@@QBEPAGABQAD@Z 10008b1c f i sbSenderApp.obj
 0001:00007b42       ?NextToken@CRegParser@ATL@@IAEJPAD@Z 10008b42 f i sbSenderApp.obj
 0001:00007c53       ?Open@CRegKey@ATL@@QAEJPAUHKEY__@@PBDK@Z 10008c53 f i sbSenderApp.obj
 0001:00007caa       ?PreProcessBuffer@CRegParser@ATL@@QAEJPADPAPAD@Z 10008caa f i sbSenderApp.obj
 0001:00007f34       ?QueryInterface@CRegObject@ATL@@UAGJABU_GUID@@PAPAX@Z 10008f34 f i sbSenderApp.obj
 0001:00007f3c       ?RecurseDeleteKey@CRegKey@ATL@@QAEJPBD@Z 10008f3c f i sbSenderApp.obj
 0001:00008000       ?RegCreateKeyExA@CAtlTransactionManager@ATL@@QAEJPAUHKEY__@@PBDKPADKKQAU_SECURITY_ATTRIBUTES@@PAPAU3@PAK@Z 10009000 f i sbSenderApp.obj
 0001:00008063       ?RegDeleteKeyA@CAtlTransactionManager@ATL@@QAEJPAUHKEY__@@PBD@Z 10009063 f i sbSenderApp.obj
 0001:000080b5       ?RegOpenKeyExA@CAtlTransactionManager@ATL@@QAEJPAUHKEY__@@PBDKKPAPAU3@@Z 100090b5 f i sbSenderApp.obj
 0001:0000810c       ?RegisterBuffer@CRegParser@ATL@@QAEJPADH@Z 1000910c f i sbSenderApp.obj
 0001:0000824e       ?RegisterFromResource@CRegObject@ATL@@IAEJPBGPBD1H@Z 1000924e f i sbSenderApp.obj
 0001:000084a2       ?RegisterSubkeys@CRegParser@ATL@@IAEJPADPAUHKEY__@@HH@Z 100094a2 f i sbSenderApp.obj
 0001:00008a86       ?Release@CRegObject@ATL@@UAGKXZ 10009a86 f i sbSenderApp.obj
 0001:00008a8b       ?RemoveAll@?$CSimpleArray@PAUHWND__@@V?$CSimpleArrayEqualHelper@PAUHWND__@@@ATL@@@ATL@@QAEXXZ 10009a8b f i sbSenderApp.obj
 0001:00008aa8       ?RemoveAll@?$CSimpleMap@KPAVCMessageLoop@WTL@@V?$CSimpleMapEqualHelper@KPAVCMessageLoop@WTL@@@ATL@@@ATL@@QAEXXZ 10009aa8 f i sbSenderApp.obj
 0001:00008ad4       ?RemoveAll@?$CSimpleMap@PADPAGVCExpansionVectorEqualHelper@ATL@@@ATL@@QAEXXZ 10009ad4 f i sbSenderApp.obj
 0001:00008b00       ?ResourceRegister@CRegObject@ATL@@QAGJPBGI0@Z 10009b00 f i sbSenderApp.obj
 0001:00008baf       ?ResourceRegisterSz@CRegObject@ATL@@QAGJPBG00@Z 10009baf f i sbSenderApp.obj
 0001:00008cd2       ?ResourceUnregister@CRegObject@ATL@@QAGJPBGI0@Z 10009cd2 f i sbSenderApp.obj
 0001:00008d81       ?ResourceUnregisterSz@CRegObject@ATL@@QAGJPBG00@Z 10009d81 f i sbSenderApp.obj
 0001:00008ea2       ?SetDWORDValue@CRegKey@ATL@@QAEJPBDK@Z 10009ea2 f i sbSenderApp.obj
 0001:00008ebe       ?SetMultiStringValue@CRegKey@ATL@@QAEJPBD0@Z 10009ebe f i sbSenderApp.obj
 0001:00008f06       ?SetStringValue@CRegKey@ATL@@QAEJPBD0K@Z 10009f06 f i sbSenderApp.obj
 0001:00008f3a       ?SkipAssignment@CRegParser@ATL@@IAEJPAD@Z 10009f3a f i sbSenderApp.obj
 0001:00008fa0       ?SkipWhiteSpace@CRegParser@ATL@@IAEXXZ 10009fa0 f i sbSenderApp.obj
 0001:00008fc2       ?StrChrA@CRegParser@ATL@@KAPADPADD@Z 10009fc2 f i sbSenderApp.obj
 0001:00008ff4       ?StrFromMap@CRegObject@ATL@@QAEPBGPAD@Z 10009ff4 f i sbSenderApp.obj
 0001:00009022       ?Term@CAppModule@WTL@@QAEXXZ 1000a022 f i sbSenderApp.obj
 0001:00009049       ?Term@CAtlModule@ATL@@QAEXXZ 1000a049 f i sbSenderApp.obj
 0001:00009082       ?Term@CComModule@ATL@@QAEXXZ 1000a082 f i sbSenderApp.obj
 0001:000090da       ?TermSettingChangeNotify@CAppModule@WTL@@QAEXXZ 1000a0da f i sbSenderApp.obj
 0001:00009146       ?Unlock@?$CComCritSecLock@VCComCriticalSection@ATL@@@ATL@@QAEXXZ 1000a146 f i sbSenderApp.obj
 0001:00009157       ?Unlock@CAtlModule@ATL@@UAEJXZ 1000a157 f i sbSenderApp.obj
 0001:00009163       ?Unlock@CComCriticalSection@ATL@@QAEJXZ 1000a163 f i sbSenderApp.obj
 0001:0000916d       ?Unlock@CStaticDataInitCriticalSectionLock@WTL@@QAEXXZ 1000a16d f i sbSenderApp.obj
 0001:0000917e       ?UpdateRegistryFromResource@CAtlModule@ATL@@QAGJIHPAU_ATL_REGMAP_ENTRY@2@@Z 1000a17e f i sbSenderApp.obj
 0001:00009435       ?UpdateRegistryFromResource@CAtlModule@ATL@@QAGJPBDHPAU_ATL_REGMAP_ENTRY@2@@Z 1000a435 f i sbSenderApp.obj
 0001:00009786       ?UpdateRegistryFromResource@CComModule@ATL@@UAGJIHPAU_ATL_REGMAP_ENTRY@2@@Z 1000a786 f i sbSenderApp.obj
 0001:0000978f       ?UpdateRegistryFromResource@CComModule@ATL@@UAGJPBDHPAU_ATL_REGMAP_ENTRY@2@@Z 1000a78f f i sbSenderApp.obj
 0001:00009798       ?UpdateRegistryFromResourceD@CComModule@ATL@@UAGJIHPAU_ATL_REGMAP_ENTRY@2@@Z 1000a798 f i sbSenderApp.obj
 0001:000097a0       ?UpdateRegistryFromResourceD@CComModule@ATL@@UAGJPBDHPAU_ATL_REGMAP_ENTRY@2@@Z 1000a7a0 f i sbSenderApp.obj
 0001:000097a8       ?VTFromRegType@CRegParser@ATL@@KAHPBDAAG@Z 1000a7a8 f i sbSenderApp.obj
 0001:0000983f       ?_AtlGetConversionACP@ATL@@YGIXZ 1000a83f f i sbSenderApp.obj
 0001:00009843       ?_AtlVerifyStackAvailable@_ATL_SAFE_ALLOCA_IMPL@ATL@@YA_NK@Z 1000a843 f i sbSenderApp.obj
 0001:000098b7       ?_tcsstr@@YAPADPADPBD@Z    1000a8b7 f i sbSenderApp.obj
 0001:000098c0       ?memcpy_s@Checked@ATL@@YAXPAXIPBXI@Z 1000a8c0 f i sbSenderApp.obj
 0001:000098df       ?ocscpy_s@@YA_NPAGIPBG@Z   1000a8df f i sbSenderApp.obj
 0001:00009918       ?ocslen@@YAHPBG@Z          1000a918 f i sbSenderApp.obj
 0001:0000992b       ?tcsncpy_s@Checked@ATL@@YAHPADIPBDI@Z 1000a92b f i sbSenderApp.obj
 0001:0000994a       _DllMain@12                1000a94a f   sbSenderApp.obj
 0001:0000997b       _CreateMiniDmpSender       1000a97b f   sbSenderCFns.obj
 0001:000099b1       _DestroyMiniDmpSender      1000a9b1 f   sbSenderCFns.obj
 0001:000099c7       _MDSGetFlags               1000a9c7 f   sbSenderCFns.obj
 0001:000099df       _MDSResetAppIdentifier     1000a9df f   sbSenderCFns.obj
 0001:000099f7       _MDSResetVersionString     1000a9f7 f   sbSenderCFns.obj
 0001:00009a0f       _MDSSetFlags               1000aa0f f   sbSenderCFns.obj
 0001:00009a28       _InternetOpenA@20          1000aa28 f   wininet:WININET.dll
 0001:00009a2e       _InternetCloseHandle@4     1000aa2e f   wininet:WININET.dll
 0001:00009a34       _InternetConnectA@32       1000aa34 f   wininet:WININET.dll
 0001:00009a3a       _InternetReadFile@16       1000aa3a f   wininet:WININET.dll
 0001:00009a40       _InternetWriteFile@16      1000aa40 f   wininet:WININET.dll
 0001:00009a46       _HttpOpenRequestA@32       1000aa46 f   wininet:WININET.dll
 0001:00009a4c       _HttpAddRequestHeadersA@16 1000aa4c f   wininet:WININET.dll
 0001:00009a52       _HttpSendRequestA@20       1000aa52 f   wininet:WININET.dll
 0001:00009a58       _HttpSendRequestExA@20     1000aa58 f   wininet:WININET.dll
[...]
 0002:0000b330       __sehtable$__wsopen_helper 10043330     LIBCMT:wopen.obj
 0002:0000b350       __sehtable$__wopen         10043350     LIBCMT:wopen.obj
 0002:0000b370       __sehtable$__chsize_s      10043370     LIBCMT:chsize.obj
 0002:0000b390       __sehtable$__read          10043390     LIBCMT:read.obj
 0002:0000b3b0       __sehtable$__setmode       100433b0     LIBCMT:setmode.obj
 0002:0000b590       .edata                     10043590     BugSplat.exp
 0002:0000b5b8       rgpv                       100435b8     BugSplat.exp
 0002:0000b694       rgszName                   10043694     BugSplat.exp
 0002:0000b770       rgwOrd                     10043770     BugSplat.exp
 0002:0000b7de       szName                     100437de     BugSplat.exp
 0002:0000b7eb       $N00001                    100437eb     BugSplat.exp
 0002:0000b802       $N00002                    10043802     BugSplat.exp
 0002:0000b820       $N00003                    10043820     BugSplat.exp
 0002:0000b840       $N00004                    10043840     BugSplat.exp
 0002:0000b860       $N00005                    10043860     BugSplat.exp
 0002:0000b881       $N00006                    10043881     BugSplat.exp
 0002:0000b89a       $N00007                    1004389a     BugSplat.exp
 0002:0000b8ba       $N00008                    100438ba     BugSplat.exp
 0002:0000b8dc       $N00009                    100438dc     BugSplat.exp
 0002:0000b8f3       $N00010                    100438f3     BugSplat.exp
 0002:0000b94b       $N00011                    1004394b     BugSplat.exp
 0002:0000b977       $N00012                    10043977     BugSplat.exp
 0002:0000b99f       $N00013                    1004399f     BugSplat.exp
 0002:0000b9cf       $N00014                    100439cf     BugSplat.exp
 0002:0000b9f9       $N00015                    100439f9     BugSplat.exp
 0002:0000ba25       $N00016                    10043a25     BugSplat.exp
 0002:0000ba58       $N00017                    10043a58     BugSplat.exp
 0002:0000ba8c       $N00018                    10043a8c     BugSplat.exp
 0002:0000bac8       $N00019                    10043ac8     BugSplat.exp
 0002:0000baef       $N00020                    10043aef     BugSplat.exp
 0002:0000bb17       $N00021                    10043b17     BugSplat.exp
 0002:0000bb3b       $N00022                    10043b3b     BugSplat.exp
 0002:0000bb66       $N00023                    10043b66     BugSplat.exp
 0002:0000bb96       $N00024                    10043b96     BugSplat.exp
 0002:0000bbcc       $N00025                    10043bcc     BugSplat.exp
 0002:0000bbec       $N00026                    10043bec     BugSplat.exp
 0002:0000bc09       $N00027                    10043c09     BugSplat.exp
 0002:0000bc3a       $N00028                    10043c3a     BugSplat.exp
 0002:0000bc71       $N00029                    10043c71     BugSplat.exp
 0002:0000bc9e       $N00030                    10043c9e     BugSplat.exp
 0002:0000bccb       $N00031                    10043ccb     BugSplat.exp
 0002:0000bcf9       $N00032                    10043cf9     BugSplat.exp
 0002:0000bd26       $N00033                    10043d26     BugSplat.exp
 0002:0000bd53       $N00034                    10043d53     BugSplat.exp
 0002:0000bd81       $N00035                    10043d81     BugSplat.exp
 0002:0000bdae       $N00036                    10043dae     BugSplat.exp
 0002:0000bddb       $N00037                    10043ddb     BugSplat.exp
 0002:0000be09       $N00038                    10043e09     BugSplat.exp
 0002:0000be38       $N00039                    10043e38     BugSplat.exp
 0002:0000be66       $N00040                    10043e66     BugSplat.exp
 0002:0000be94       $N00041                    10043e94     BugSplat.exp
 0002:0000bec3       $N00042                    10043ec3     BugSplat.exp
 0002:0000bef0       $N00043                    10043ef0     BugSplat.exp
 0002:0000bf1d       $N00044                    10043f1d     BugSplat.exp
 0002:0000bf4b       $N00045                    10043f4b     BugSplat.exp
 0002:0000bf6d       $N00046                    10043f6d     BugSplat.exp
 0002:0000bf96       $N00047                    10043f96     BugSplat.exp
 0002:0000bfbf       $N00048                    10043fbf     BugSplat.exp
 0002:0000bfe9       $N00049                    10043fe9     BugSplat.exp
 0002:0000c032       $N00050                    10044032     BugSplat.exp
 0002:0000c046       $N00051                    10044046     BugSplat.exp
 0002:0000c05b       $N00052                    1004405b     BugSplat.exp
 0002:0000c067       $N00053                    10044067     BugSplat.exp
 0002:0000c07d       $N00054                    1004407d     BugSplat.exp
 0002:0000c093       $N00055                    10044093     BugSplat.exp
 0002:0000c524       .idata$6                   10044524     wininet:WININET.dll
 0002:0000c57a       .idata$6                   1004457a     shlwapi:SHLWAPI.dll
 0002:0000c986       .idata$6                   10044986     kernel32:KERNEL32.dll
 0002:0000ca0a       .idata$6                   10044a0a     user32:USER32.dll
 0002:0000cad0       .idata$6                   10044ad0     advapi32:ADVAPI32.dll
 0002:0000cb38       .idata$6                   10044b38     ole32:ole32.dll
 0002:0000cb42       .idata$6                   10044b42     oleaut32:OLEAUT32.dll
 0002:0000cb80       .idata$6                   10044b80     version:VERSION.dll
 0002:0000cbae       .idata$6                   10044bae     Rpcrt4:RPCRT4.dll
 0003:00000060       __locktable                10046060     LIBCMT:mlock.obj
 0003:00000180       ?isPackaged@?1??__crtIsPackagedApp@@9@9 10046180     LIBCMT:winapisupp.obj
 0003:00000188       _errtable                  10046188     LIBCMT:dosmap.obj
 0003:000002f0       _ErrnoNoMem                100462f0     LIBCMT:dosmap.obj
 0003:000002f4       _DoserrorNoMem             100462f4     LIBCMT:dosmap.obj
 0003:00000748       ___rgctypeflag             10046748     LIBCMT:mbctype.obj
 0003:00000750       ___rgcode_page_info        10046750     LIBCMT:mbctype.obj
 0003:00000aa0       _NAME_                     10046aa0     LIBCMT:sqrt.obj
 0003:00000ad0       ?_names@?1??_get_fname@@9@9 10046ad0     LIBCMT:fpexcept.obj
 0003:00000bb8       _over                      10046bb8     LIBCMT:fpctrl.obj
 0003:00000bc4       _under                     10046bc4     LIBCMT:fpctrl.obj
 0003:00000bd0       ?__DAZ_ENABLED@?1??__set_fpsr_sse2@@9@9 10046bd0     LIBCMT:fpctrl.obj
 0003:00000eb0       _tzstd                     10046eb0     LIBCMT:timeset.obj
 0003:00000ef0       _tzdst                     10046ef0     LIBCMT:timeset.obj
 0003:00000f38       _dststart                  10046f38     LIBCMT:tzset.obj
 0003:00000f44       _dstend                    10046f44     LIBCMT:tzset.obj
 0003:00000fd0       __ctype_loc_style          10046fd0     LIBCMT:wsetloca.obj
 0003:00001068       _DoubleFormat              10047068     LIBCMT:intrncvt.obj
 0003:00001080       _FloatFormat               10047080     LIBCMT:intrncvt.obj
 0003:0000193c       _atlTraceUI                1004793c     BugSplatImp.obj
 0003:00001b10       _allocator_arg             10047b10     GenericHTTPClientA.obj
 0003:00001b11       _piecewise_construct       10047b11     GenericHTTPClientA.obj
 0003:00001b14       ?dwBytes@?1??ResponseOfBytes@GenericHTTPClient@@IAEKPAEK@Z@4KA 10047b14     GenericHTTPClientA.obj
 0003:00001b18       ?szReturn@?1??GetContentType@GenericHTTPClient@@QAEPBDPBD@Z@4PADA 10047b18     GenericHTTPClientA.obj
 0003:00001f29       _allocator_arg             10047f29     mdump.obj
 0003:00001f2a       _piecewise_construct       10047f2a     mdump.obj
 0003:00003f34       _atlTraceUI                10049f34     mdump.obj
 0003:00003f40       ?szMFA@?3??SendReportThreaded@MiniDumper@@SGIPAX@Z@4PADA 10049f40     mdump.obj
 0003:00004048       ?szSendReport@?6??SendReportThreaded@MiniDumper@@SGIPAX@Z@4PADA 1004a048     mdump.obj
 0003:00004150       ?szIniFile@?6??SendReportThreaded@MiniDumper@@SGIPAX@Z@4PADA 1004a150     mdump.obj
 0003:00004258       ?startupInfo@?CH@??SendReportThreaded@MiniDumper@@SGIPAX@Z@4U_STARTUPINFOA@@A 1004a258     mdump.obj
 0003:0000429c       ?processInfo@?CH@??SendReportThreaded@MiniDumper@@SGIPAX@Z@4U_PROCESS_INFORMATION@@A 1004a29c     mdump.obj
 0003:000042ac       ?strApp@?CH@??SendReportThreaded@MiniDumper@@SGIPAX@Z@4VCString@WTL@@A 1004a2ac     mdump.obj
 0003:000042b0       ?$S1@?CH@??SendReportThreaded@MiniDumper@@SGIPAX@Z@4IA 1004a2b0     mdump.obj
 0003:000042b8       ?startupInfo@?4??LaunchHangDetection@MiniDumper@@QAEXXZ@4U_STARTUPINFOA@@A 1004a2b8     mdump.obj
 0003:000042fc       ?processInfo@?4??LaunchHangDetection@MiniDumper@@QAEXXZ@4U_PROCESS_INFORMATION@@A 1004a2fc     mdump.obj
 0003:00004314       _allocator_arg             1004a314     sbSender.obj
 0003:00004315       _piecewise_construct       1004a315     sbSender.obj
 0003:00004318       _atlTraceUI                1004a318     sbSender.obj
 0003:00004384       _atlTraceUI                1004a384     sbSenderApp.obj
 0003:00004388       _atlTraceUI                1004a388     sbSenderCFns.obj
 0003:00004390       _atlTraceUI                1004a390     StdAfx.obj
 0003:0000440c       ___enable_percent_n        1004a40c     LIBCMT:printf.obj
 0003:00004410       ?s_roinit@?1??_initMTAoncurrentthread@@9@9 1004a410     LIBCMT:threadex.obj
 0003:00004414       ?s_initialized@?1??_initMTAoncurrentthread@@9@9 1004a414     LIBCMT:threadex.obj
 0003:00004418       ?s_rouninit@?1??_uninitMTAoncurrentthread@@9@9 1004a418     LIBCMT:threadex.obj
 0003:0000441c       ?s_initialized@?1??_uninitMTAoncurrentthread@@9@9 1004a41c     LIBCMT:threadex.obj
 0003:00004420       _ctrlc_action              1004a420     LIBCMT:winsig.obj
 0003:00004424       _ctrlbreak_action          1004a424     LIBCMT:winsig.obj
 0003:00004428       _abort_action              1004a428     LIBCMT:winsig.obj
 0003:0000442c       _term_action               1004a42c     LIBCMT:winsig.obj
 0003:00004430       _ConsoleCtrlHandler_Installed 1004a430     LIBCMT:winsig.obj
 0003:00004438       _GS_ExceptionRecord        1004a438     LIBCMT:gs_report.obj
 0003:00004488       _GS_ContextRecord          1004a488     LIBCMT:gs_report.obj
 0003:00004754       _DebuggerWasPresent        1004a754     LIBCMT:gs_report.obj
 0003:0000475c       ___proc_attached           1004a75c     LIBCMT:dllcrt0.obj
 0003:00004770       _lclcritsects              1004a770     LIBCMT:mlock.obj
 0003:000048c8       ?outmsg@?9??_NMSG_WRITE@@9@9 1004a8c8     LIBCMT:crt0msg.obj
 0003:00004ef8       _g_pfnRtlGenRandom         1004aef8     LIBCMT:rand_s.obj
 0003:00004f14       _fSystemSet                1004af14     LIBCMT:mbctype.obj
 0003:00004f30       ___type_info_root_node     1004af30     LIBCMT:typname.obj
 0003:00005040       _lastTZ                    1004b040     LIBCMT:tzset.obj
 0003:00005044       ?first_time@?1??__tzset@@9@9 1004b044     LIBCMT:tzset.obj
 0003:00005048       _tzapiused                 1004b048     LIBCMT:tzset.obj
 0003:00005050       _tzinfo                    1004b050     LIBCMT:tzset.obj
 0003:00005100       ?_pgmname@?1??_setargv@@9@9 1004b100     LIBCMT:stdargv.obj
 0003:0000520c       ?pfnMessageBox@?1??__crtMessageBoxW@@9@9 1004b20c     LIBCMT:crtmboxw.obj
 0003:00005210       ?pfnGetActiveWindow@?1??__crtMessageBoxW@@9@9 1004b210     LIBCMT:crtmboxw.obj
 0003:00005214       ?pfnGetLastActivePopup@?1??__crtMessageBoxW@@9@9 1004b214     LIBCMT:crtmboxw.obj
 0003:00005218       ?pfnGetProcessWindowStation@?1??__crtMessageBoxW@@9@9 1004b218     LIBCMT:crtmboxw.obj
 0003:0000521c       ?pfnGetUserObjectInformation@?1??__crtMessageBoxW@@9@9 1004b21c     LIBCMT:crtmboxw.obj
 0003:00005220       ___crtCallProc             1004b220     LIBCMT:winapinls.obj
 0003:00005254       _heap                      1004b254     LIBCMT:undname.obj
 0003:000052ac       __Tuple_alloc              1004b2ac     libcpmt:xthrow.obj
 0003:000052ad       _ignore                    1004b2ad     libcpmt:xthrow.obj
 0003:000052ae       _allocator_arg             1004b2ae     libcpmt:xthrow.obj
 0003:000052af       _piecewise_construct       1004b2af     libcpmt:xthrow.obj
 0003:000052b8       _allocator_arg             1004b2b8     libcpmt:syserror.obj
 0003:000052b9       _piecewise_construct       1004b2b9     libcpmt:syserror.obj
 0004:00000120       $R000000                   1004d120     sbSenderDll.res
 0004:00000468       $R000348                   1004d468     sbSenderDll.res
 0004:000006a0       $R000580                   1004d6a0     sbSenderDll.res
 0004:00000ab8       $R000998                   1004dab8     sbSenderDll.res

 Exports

  ordinal    name

        1    ??0BugSplatImp@@QAE@XZ (public: __thiscall BugSplatImp::BugSplatImp(void))
        2    ??0MiniDmpSender@@QAE@ABV0@@Z (public: __thiscall MiniDmpSender::MiniDmpSender(class MiniDmpSender const &))
        3    ??0MiniDmpSender@@QAE@PBD000K@Z (public: __thiscall MiniDmpSender::MiniDmpSender(char const *,char const *,char const *,char const *,unsigned long))
        4    ??0MiniDmpSender@@QAE@PBG000K@Z (public: __thiscall MiniDmpSender::MiniDmpSender(unsigned short const *,unsigned short const *,unsigned short const *,unsigned short const *,unsigned long))
        5    ??0MiniDmpSender@@QAE@PB_W000K@Z (public: __thiscall MiniDmpSender::MiniDmpSender(wchar_t const *,wchar_t const *,wchar_t const *,wchar_t const *,unsigned long))
        6    ??1MiniDmpSender@@UAE@XZ (public: virtual __thiscall MiniDmpSender::~MiniDmpSender(void))
        7    ??4BugSplatImp@@QAEAAV0@ABV0@@Z (public: class BugSplatImp & __thiscall BugSplatImp::operator=(class BugSplatImp const &))
        8    ??4MiniDmpSender@@QAEAAV0@ABV0@@Z (public: class MiniDmpSender & __thiscall MiniDmpSender::operator=(class MiniDmpSender const &))
        9    ??_7MiniDmpSender@@6B@ (const MiniDmpSender::`vftable')
       10    ?CreateMiniDump@BugSplatImp@@QAEHPAUHINSTANCE__@@KPAXKPAU_EXCEPTION_POINTERS@@PBDPADK@Z (public: int __thiscall BugSplatImp::CreateMiniDump(struct HINSTANCE__ *,unsigned long,void *,unsigned long,struct _EXCEPTION_POINTERS *,char const *,char *,unsigned long))
       11    ?DoFullMemoryDumpThenExit@BugSplatImp@@2_NA (public: static bool BugSplatImp::DoFullMemoryDumpThenExit)
       12    ?GetReducedGuid@BugSplatImp@@QAEXPADK@Z (public: void __thiscall BugSplatImp::GetReducedGuid(char *,unsigned long))
       13    ?MiniDumpType@BugSplatImp@@2W4_MINIDUMP_TYPE@@A (public: static enum _MINIDUMP_TYPE BugSplatImp::MiniDumpType)
       14    ?ReduceGuidString@BugSplatImp@@QAEXPADK@Z (public: void __thiscall BugSplatImp::ReduceGuidString(char *,unsigned long))
       15    ?ResumeSuspendedThreads@BugSplatImp@@QAEXXZ (public: void __thiscall BugSplatImp::ResumeSuspendedThreads(void))
       16    ?SuspendAllThreadsInProcess@BugSplatImp@@QAEXPAX@Z (public: void __thiscall BugSplatImp::SuspendAllThreadsInProcess(void *))
       17    ?SuspendThreadsInCurrentProcess@BugSplatImp@@QAEXXZ (public: void __thiscall BugSplatImp::SuspendThreadsInCurrentProcess(void))
       18    ?createReport@MiniDmpSender@@QAEXPAU_EXCEPTION_POINTERS@@@Z (public: void __thiscall MiniDmpSender::createReport(struct _EXCEPTION_POINTERS *))
       19    ?createReport@MiniDmpSender@@QAEXPBD@Z (public: void __thiscall MiniDmpSender::createReport(char const *))
       20    ?createReport@MiniDmpSender@@QAEXPB_W@Z (public: void __thiscall MiniDmpSender::createReport(wchar_t const *))
       21    ?createReport@MiniDmpSender@@QAEXXZ (public: void __thiscall MiniDmpSender::createReport(void))
       22    ?createReportAndExit@MiniDmpSender@@QAEXXZ (public: void __thiscall MiniDmpSender::createReportAndExit(void))
       23    ?enableExceptionFilter@MiniDmpSender@@QAE_N_N@Z (public: bool __thiscall MiniDmpSender::enableExceptionFilter(bool))
       24    ?enableFullMemoryDumpAndExit@MiniDmpSender@@QAE_N_N@Z (public: bool __thiscall MiniDmpSender::enableFullMemoryDumpAndExit(bool))
       25    ?getFlags@MiniDmpSender@@QBEKXZ (public: unsigned long __thiscall MiniDmpSender::getFlags(void)const )
       26    ?imp@MiniDmpSender@@QAEPAXXZ (public: void * __thiscall MiniDmpSender::imp(void))
       27    ?isExceptionFilterEnabled@MiniDmpSender@@QBE_NXZ (public: bool __thiscall MiniDmpSender::isExceptionFilterEnabled(void)const )
       28    ?isFullMemoryDumpAndExitEnabled@MiniDmpSender@@QBE_NXZ (public: bool __thiscall MiniDmpSender::isFullMemoryDumpAndExitEnabled(void)const )
       29    ?resetAppIdentifier@MiniDmpSender@@QAEXPBD@Z (public: void __thiscall MiniDmpSender::resetAppIdentifier(char const *))
       30    ?resetAppIdentifier@MiniDmpSender@@QAEXPBG@Z (public: void __thiscall MiniDmpSender::resetAppIdentifier(unsigned short const *))
       31    ?resetAppIdentifier@MiniDmpSender@@QAEXPB_W@Z (public: void __thiscall MiniDmpSender::resetAppIdentifier(wchar_t const *))
       32    ?resetVersionString@MiniDmpSender@@QAEXPBD@Z (public: void __thiscall MiniDmpSender::resetVersionString(char const *))
       33    ?resetVersionString@MiniDmpSender@@QAEXPBG@Z (public: void __thiscall MiniDmpSender::resetVersionString(unsigned short const *))
       34    ?resetVersionString@MiniDmpSender@@QAEXPB_W@Z (public: void __thiscall MiniDmpSender::resetVersionString(wchar_t const *))
       35    ?sendAdditionalFile@MiniDmpSender@@QAEXPBD@Z (public: void __thiscall MiniDmpSender::sendAdditionalFile(char const *))
       36    ?sendAdditionalFile@MiniDmpSender@@QAEXPBG@Z (public: void __thiscall MiniDmpSender::sendAdditionalFile(unsigned short const *))
       37    ?sendAdditionalFile@MiniDmpSender@@QAEXPB_W@Z (public: void __thiscall MiniDmpSender::sendAdditionalFile(wchar_t const *))
       38    ?setCallback@MiniDmpSender@@QAEXP6A_NIPAX0@Z@Z (public: void __thiscall MiniDmpSender::setCallback(bool (__cdecl*)(unsigned int,void *,void *)))
       39    ?setDefaultUserEmail@MiniDmpSender@@QAEXPBD@Z (public: void __thiscall MiniDmpSender::setDefaultUserEmail(char const *))
       40    ?setDefaultUserEmail@MiniDmpSender@@QAEXPBG@Z (public: void __thiscall MiniDmpSender::setDefaultUserEmail(unsigned short const *))
       41    ?setDefaultUserEmail@MiniDmpSender@@QAEXPB_W@Z (public: void __thiscall MiniDmpSender::setDefaultUserEmail(wchar_t const *))
       42    ?setDefaultUserName@MiniDmpSender@@QAEXPBD@Z (public: void __thiscall MiniDmpSender::setDefaultUserName(char const *))
       43    ?setDefaultUserName@MiniDmpSender@@QAEXPBG@Z (public: void __thiscall MiniDmpSender::setDefaultUserName(unsigned short const *))
       44    ?setDefaultUserName@MiniDmpSender@@QAEXPB_W@Z (public: void __thiscall MiniDmpSender::setDefaultUserName(wchar_t const *))
       45    ?setFlags@MiniDmpSender@@QAE_NK@Z (public: bool __thiscall MiniDmpSender::setFlags(unsigned long))
       46    ?setUserZipPath@MiniDmpSender@@QAEXPBD@Z (public: void __thiscall MiniDmpSender::setUserZipPath(char const *))
       47    ?setUserZipPath@MiniDmpSender@@QAEXPBG@Z (public: void __thiscall MiniDmpSender::setUserZipPath(unsigned short const *))
       48    ?setUserZipPath@MiniDmpSender@@QAEXPB_W@Z (public: void __thiscall MiniDmpSender::setUserZipPath(wchar_t const *))
       49    ?unhandledExceptionHandler@MiniDmpSender@@QAEJPAU_EXCEPTION_POINTERS@@@Z (public: long __thiscall MiniDmpSender::unhandledExceptionHandler(struct _EXCEPTION_POINTERS *))
       50    _CreateMiniDmpSender
               exported name: CreateMiniDmpSender
       51    _DestroyMiniDmpSender
               exported name: DestroyMiniDmpSender
       52    _MDSGetFlags
               exported name: MDSGetFlags
       53    _MDSResetAppIdentifier
               exported name: MDSResetAppIdentifier
       54    _MDSResetVersionString
               exported name: MDSResetVersionString
       55    _MDSSetFlags
               exported name: MDSSetFlags
