 BugSplat64

 Timestamp is 57960db9 (Mon Jul 25 09:01:45 2016)

 Preferred load address is 0000000180000000

 Start         Length     Name                   Class
 0001:00000000 00000158H .text$di                CODE
 0001:00000160 0003b90eH .text$mn                CODE
 0001:0003ba70 00001140H .text$x                 CODE
 0001:0003cbb0 000001bfH .text$yd                CODE
 0002:00000000 000005a0H .idata$5                DATA
 0002:000005a0 00000008H .CRT$XCA                DATA
 0002:000005a8 00000008H .CRT$XCL                DATA
 0002:000005b0 00000038H .CRT$XCU                DATA
 0002:000005e8 00000008H .CRT$XCZ                DATA
 0002:000005f0 00000008H .CRT$XIA                DATA
 0002:000005f8 00000020H .CRT$XIC                DATA
 0002:00000618 00000008H .CRT$XIZ                DATA
 0002:00000620 00000008H .CRT$XPA                DATA
 0002:00000628 00000010H .CRT$XPX                DATA
 0002:00000638 00000008H .CRT$XPXA               DATA
 0002:00000640 00000008H .CRT$XPZ                DATA
 0002:00000648 00000008H .CRT$XTA                DATA
 0002:00000650 00000008H .CRT$XTZ                DATA
 0002:00000660 0000bb90H .rdata                  DATA
 0002:0000c1f0 00000058H .rdata$debug            DATA
 0002:0000c248 0000118cH .rdata$r                DATA
 0002:0000d3d8 00000008H .rtc$IAA                DATA
 0002:0000d3e0 00000008H .rtc$IZZ                DATA
 0002:0000d3e8 00000008H .rtc$TAA                DATA
 0002:0000d3f0 00000008H .rtc$TZZ                DATA
 0002:0000d400 0000578cH .xdata                  DATA
 0002:00012b90 00000484H .xdata$x                DATA
 0002:00013018 00000008H ATL$__a                 DATA
 0002:00013020 00000008H ATL$__z                 DATA
 0002:00013030 00000b67H .edata                  DATA
 0002:00013b98 000000b4H .idata$2                DATA
 0002:00013c4c 00000014H .idata$3                DATA
 0002:00013c60 000005a0H .idata$4                DATA
 0002:00014200 00000c68H .idata$6                DATA
 0003:00000000 00001a80H .data                   DATA
 0003:00001a80 0000061eH .data$r                 DATA
 0003:000020a0 00005210H .bss                    DATA
 0004:00000000 00003930H .pdata                  DATA
 0005:00000000 00000118H .rsrc$01                DATA
 0005:00000120 00000b18H .rsrc$02                DATA

  Address         Publics by Value              Rva+Base               Lib:Object

 0000:00000000       ___safe_se_handler_count   0000000000000000     <absolute>
 0000:00000000       __guard_flags              0000000000000000     <absolute>
 0000:00000000       __guard_fids_table         0000000000000000     <absolute>
 0000:00000000       __guard_fids_count         0000000000000000     <absolute>
 0000:00000000       ___safe_se_handler_table   0000000000000000     <absolute>
 0000:00000000       __ImageBase                0000000180000000     <linker-defined>
 0001:00000160       ??0BugSplatImp@@QEAA@XZ    0000000180001160 f   BugSplatImp.obj
 0001:00000188       ??0CString@WTL@@QEAA@AEBV01@@Z 0000000180001188 f i BugSplatImp.obj
 0001:000001e0       ??0CString@WTL@@QEAA@PEBD@Z 00000001800011e0 f i BugSplatImp.obj
 0001:00000268       ??0CString@WTL@@QEAA@XZ    0000000180001268 f i BugSplatImp.obj
 0001:00000278       ??0MiniDmpSender@@QEAA@AEBV0@@Z 0000000180001278 f i BugSplatImp.obj
 0001:00000290       ??1CString@WTL@@QEAA@XZ    0000000180001290 f i BugSplatImp.obj
 0001:000002bc       ??4BugSplatImp@@QEAAAEAV0@AEBV0@@Z 00000001800012bc f i BugSplatImp.obj
 0001:00000324       ??4CString@WTL@@QEAAAEAV01@AEBV01@@Z 0000000180001324 f i BugSplatImp.obj
 0001:000003a4       ??4CString@WTL@@QEAAAEAV01@PEBD@Z 00000001800013a4 f i BugSplatImp.obj
 0001:000003e0       ??4CString@WTL@@QEAAAEAV01@PEBE@Z 00000001800013e0 f i BugSplatImp.obj
 0001:0000041c       ??4MiniDmpSender@@QEAAAEAV0@AEBV0@@Z 000000018000141c f i BugSplatImp.obj
 0001:00000428       ??ACString@WTL@@QEBADH@Z   0000000180001428 f i BugSplatImp.obj
 0001:00000434       ??BCString@WTL@@QEBAPEBDXZ 0000000180001434 f i BugSplatImp.obj
 0001:00000438       ??HWTL@@YA?AVCString@0@AEBV10@0@Z 0000000180001438 f i BugSplatImp.obj
 0001:0000048c       ??YCString@WTL@@QEAAAEAV01@D@Z 000000018000148c f i BugSplatImp.obj
 0001:000004b0       ??YCString@WTL@@QEAAAEAV01@PEBD@Z 00000001800014b0 f i BugSplatImp.obj
 0001:000004ec       ??_EMiniDmpSender@@UEAAPEAXI@Z 00000001800014ec f i BugSplatImp.obj
 0001:00000558       ??_GMiniDmpSender@@UEAAPEAXI@Z 0000000180001558 f i BugSplatImp.obj
 0001:00000588       ?AllocBeforeWrite@CString@WTL@@IEAAHH@Z 0000000180001588 f i BugSplatImp.obj
 0001:000005e8       ?AllocBuffer@CString@WTL@@IEAAHH@Z 00000001800015e8 f i BugSplatImp.obj
 0001:00000674       ?AllocCopy@CString@WTL@@IEBAHAEAV12@HHH@Z 0000000180001674 f i BugSplatImp.obj
 0001:000006f4       ?AssignCopy@CString@WTL@@IEAAXHPEBD@Z 00000001800016f4 f i BugSplatImp.obj
 0001:00000788       ?ConcatCopy@CString@WTL@@IEAAHHPEBDH0@Z 0000000180001788 f i BugSplatImp.obj
 0001:00000810       ?ConcatInPlace@CString@WTL@@IEAAXHPEBD@Z 0000000180001810 f i BugSplatImp.obj
 0001:000008ac       ?CopyBeforeWrite@CString@WTL@@IEAAXXZ 00000001800018ac f i BugSplatImp.obj
 0001:00000918       ?CreateMiniDump@BugSplatImp@@QEAAHPEAUHINSTANCE__@@KPEAXKPEAU_EXCEPTION_POINTERS@@PEBDPEADK@Z 0000000180001918 f   BugSplatImp.obj
 0001:00000bb4       ?Find@CString@WTL@@QEBAHPEBD@Z 0000000180001bb4 f i BugSplatImp.obj
 0001:00000be0       ?Find@CString@WTL@@QEBAHPEBDH@Z 0000000180001be0 f i BugSplatImp.obj
 0001:00000c14       ?GetBuffer@CString@WTL@@QEAAPEADH@Z 0000000180001c14 f i BugSplatImp.obj
 0001:00000c90       ?GetData@CString@WTL@@IEBAPEAUCStringData@2@XZ 0000000180001c90 f i BugSplatImp.obj
 0001:00000c98       ?GetLength@CString@WTL@@QEBAHXZ 0000000180001c98 f i BugSplatImp.obj
 0001:00000ca0       ?GetReducedGuid@BugSplatImp@@QEAAXPEADK@Z 0000000180001ca0 f   BugSplatImp.obj
 0001:00000d78       ?GetResourceInstance@CAtlBaseModule@ATL@@QEAAPEAUHINSTANCE__@@XZ 0000000180001d78 f i BugSplatImp.obj
 0001:00000d80       ?Init@CString@WTL@@IEAAXXZ 0000000180001d80 f i BugSplatImp.obj
 0001:00000d8c       ?Left@CString@WTL@@QEBA?AV12@H@Z 0000000180001d8c f i BugSplatImp.obj
 0001:00000de8       ?LoadStringA@CString@WTL@@QEAAHI@Z 0000000180001de8 f i BugSplatImp.obj
 0001:00000f00       ?MakeUpper@CString@WTL@@QEAAXXZ 0000000180001f00 f i BugSplatImp.obj
 0001:00000f20       ?Mid@CString@WTL@@QEBA?AV12@H@Z 0000000180001f20 f i BugSplatImp.obj
 0001:00000f48       ?Mid@CString@WTL@@QEBA?AV12@HH@Z 0000000180001f48 f i BugSplatImp.obj
 0001:00000fc4       ?ReduceGuidString@BugSplatImp@@QEAAXPEADK@Z 0000000180001fc4 f   BugSplatImp.obj
 0001:00001378       ?Release@CString@WTL@@IEAAXXZ 0000000180002378 f i BugSplatImp.obj
 0001:000013b4       ?Release@CString@WTL@@KAXPEAUCStringData@2@@Z 00000001800023b4 f i BugSplatImp.obj
 0001:000013d4       ?ReleaseBuffer@CString@WTL@@QEAAXH@Z 00000001800023d4 f i BugSplatImp.obj
 0001:00001414       ?ResumeSuspendedThreads@BugSplatImp@@QEAAXXZ 0000000180002414 f   BugSplatImp.obj
 0001:00001474       ?SafeStrlen@CString@WTL@@KAHPEBD@Z 0000000180002474 f i BugSplatImp.obj
 0001:0000148c       ?SuspendAllThreadsInProcess@BugSplatImp@@QEAAXPEAX@Z 000000018000248c f   BugSplatImp.obj
 0001:00001560       ?SuspendThreadsInCurrentProcess@BugSplatImp@@QEAAXXZ 0000000180002560 f   BugSplatImp.obj
 0001:00001654       ?TCHARtoUINT@@YAID@Z       0000000180002654 f   BugSplatImp.obj
 0001:00001678       ?UINTtoTCHAR@@YADI@Z       0000000180002678 f   BugSplatImp.obj
 0001:00001694       ?_GetEmptyString@CString@WTL@@KAAEBV12@XZ 0000000180002694 f i BugSplatImp.obj
 0001:0000169c       ?_LoadString@CString@WTL@@KAHIPEADI@Z 000000018000269c f i BugSplatImp.obj
 0001:000016c8       ?_cstrstr@CString@WTL@@KAPEBDPEBD0@Z 00000001800026c8 f i BugSplatImp.obj
 0001:000016d0       ?combine1_4@@YAIII@Z       00000001800026d0 f   BugSplatImp.obj
 0001:000016dc       ?combine2_3@@YAIII@Z       00000001800026dc f   BugSplatImp.obj
 0001:000016ec       ?combine3_2@@YAIII@Z       00000001800026ec f   BugSplatImp.obj
 0001:000016fc       ?combine4_1@@YAIII@Z       00000001800026fc f   BugSplatImp.obj
 0001:00001708       ?combineLast3@@YAII@Z      0000000180002708 f   BugSplatImp.obj
 0001:00001710       ?createReportAndExit@MiniDmpSender@@QEAAXXZ 0000000180002710 f i BugSplatImp.obj
 0001:00001744       ?data@CStringData@WTL@@QEAAPEADXZ 0000000180002744 f i BugSplatImp.obj
 0001:0000174c       _tcsstr                    000000018000274c f i BugSplatImp.obj
 0001:00001754       ??$_Allocate@U__GENERIC_HTTP_ARGUMENT@GenericHTTPClient@@@std@@YAPEAU__GENERIC_HTTP_ARGUMENT@GenericHTTPClient@@_KPEAU12@@Z 0000000180002754 f i GenericHTTPClientA.obj
 0001:0000178c       ??$_Destroy_range@U?$_Wrap_alloc@V?$allocator@U__GENERIC_HTTP_ARGUMENT@GenericHTTPClient@@@std@@@std@@@std@@YAXPEAU__GENERIC_HTTP_ARGUMENT@GenericHTTPClient@@0AEAU?$_Wrap_alloc@V?$allocator@U__GENERIC_HTTP_ARGUMENT@GenericHTTPClient@@@std@@@0@@Z 000000018000278c f i GenericHTTPClientA.obj
 0001:00001790       ??$_Destroy_range@U?$_Wrap_alloc@V?$allocator@U__GENERIC_HTTP_ARGUMENT@GenericHTTPClient@@@std@@@std@@@std@@YAXPEAU__GENERIC_HTTP_ARGUMENT@GenericHTTPClient@@0AEAU?$_Wrap_alloc@V?$allocator@U__GENERIC_HTTP_ARGUMENT@GenericHTTPClient@@@std@@@0@U_Nonscalar_ptr_iterator_tag@0@@Z 0000000180002790 f i GenericHTTPClientA.obj
 0001:00001794       ??$_Ptr_cat@U__GENERIC_HTTP_ARGUMENT@GenericHTTPClient@@U12@@std@@YA?AU_Nonscalar_ptr_iterator_tag@0@PEAU__GENERIC_HTTP_ARGUMENT@GenericHTTPClient@@0@Z 0000000180002794 f i GenericHTTPClientA.obj
 0001:0000179c       ??$_Rechecked@PEAU__GENERIC_HTTP_ARGUMENT@GenericHTTPClient@@PEAU12@@std@@YAAEAPEAU__GENERIC_HTTP_ARGUMENT@GenericHTTPClient@@AEAPEAU12@PEAU12@@Z 000000018000279c f i GenericHTTPClientA.obj
 0001:000017a4       ??$_Umove@PEAU__GENERIC_HTTP_ARGUMENT@GenericHTTPClient@@@?$vector@U__GENERIC_HTTP_ARGUMENT@GenericHTTPClient@@V?$allocator@U__GENERIC_HTTP_ARGUMENT@GenericHTTPClient@@@std@@@std@@IEAAPEAU__GENERIC_HTTP_ARGUMENT@GenericHTTPClient@@PEAU23@00@Z 00000001800027a4 f i GenericHTTPClientA.obj
 0001:000017d8       ??$_Unchecked@PEAU__GENERIC_HTTP_ARGUMENT@GenericHTTPClient@@@std@@YAPEAU__GENERIC_HTTP_ARGUMENT@GenericHTTPClient@@PEAU12@@Z 00000001800027d8 f i GenericHTTPClientA.obj
 0001:000017dc       ??$_Uninit_move@PEAU__GENERIC_HTTP_ARGUMENT@GenericHTTPClient@@PEAU12@U?$_Wrap_alloc@V?$allocator@U__GENERIC_HTTP_ARGUMENT@GenericHTTPClient@@@std@@@std@@@std@@YAPEAU__GENERIC_HTTP_ARGUMENT@GenericHTTPClient@@PEAU12@00AEAU?$_Wrap_alloc@V?$allocator@U__GENERIC_HTTP_ARGUMENT@GenericHTTPClient@@@std@@@0@@Z 00000001800027dc f i GenericHTTPClientA.obj
 0001:000017f8       ??$_Uninit_move@PEAU__GENERIC_HTTP_ARGUMENT@GenericHTTPClient@@PEAU12@V?$allocator@U__GENERIC_HTTP_ARGUMENT@GenericHTTPClient@@@std@@U12@@std@@YAPEAU__GENERIC_HTTP_ARGUMENT@GenericHTTPClient@@PEAU12@00AEAU?$_Wrap_alloc@V?$allocator@U__GENERIC_HTTP_ARGUMENT@GenericHTTPClient@@@std@@@0@0U_Nonscalar_ptr_iterator_tag@0@@Z 00000001800027f8 f i GenericHTTPClientA.obj
 0001:0000188c       ??$_Uninitialized_move@PEAU__GENERIC_HTTP_ARGUMENT@GenericHTTPClient@@PEAU12@U?$_Wrap_alloc@V?$allocator@U__GENERIC_HTTP_ARGUMENT@GenericHTTPClient@@@std@@@std@@@std@@YAPEAU__GENERIC_HTTP_ARGUMENT@GenericHTTPClient@@PEAU12@00AEAU?$_Wrap_alloc@V?$allocator@U__GENERIC_HTTP_ARGUMENT@GenericHTTPClient@@@std@@@0@@Z 000000018000288c f i GenericHTTPClientA.obj
 0001:000018a8       ??$_Val_type@PEAU__GENERIC_HTTP_ARGUMENT@GenericHTTPClient@@@std@@YAPEAU__GENERIC_HTTP_ARGUMENT@GenericHTTPClient@@PEAU12@@Z 00000001800028a8 f i GenericHTTPClientA.obj
 0001:000018ac       ??$addressof@$$CBU__GENERIC_HTTP_ARGUMENT@GenericHTTPClient@@@std@@YAPEBU__GENERIC_HTTP_ARGUMENT@GenericHTTPClient@@AEBU12@@Z 00000001800028ac f i GenericHTTPClientA.obj
 0001:000018b0       ??$addressof@U__GENERIC_HTTP_ARGUMENT@GenericHTTPClient@@@std@@YAPEAU__GENERIC_HTTP_ARGUMENT@GenericHTTPClient@@AEAU12@@Z 00000001800028b0 f i GenericHTTPClientA.obj
 0001:000018b4       ??$construct@U__GENERIC_HTTP_ARGUMENT@GenericHTTPClient@@AEAU12@@?$_Wrap_alloc@V?$allocator@U__GENERIC_HTTP_ARGUMENT@GenericHTTPClient@@@std@@@std@@QEAAXPEAU__GENERIC_HTTP_ARGUMENT@GenericHTTPClient@@AEAU23@@Z 00000001800028b4 f i GenericHTTPClientA.obj
 0001:00001918       ??$construct@U__GENERIC_HTTP_ARGUMENT@GenericHTTPClient@@AEAU12@@?$allocator@U__GENERIC_HTTP_ARGUMENT@GenericHTTPClient@@@std@@QEAAXPEAU__GENERIC_HTTP_ARGUMENT@GenericHTTPClient@@AEAU23@@Z 0000000180002918 f i GenericHTTPClientA.obj
 0001:0000197c       ??$construct@U__GENERIC_HTTP_ARGUMENT@GenericHTTPClient@@AEAU12@@?$allocator_traits@V?$allocator@U__GENERIC_HTTP_ARGUMENT@GenericHTTPClient@@@std@@@std@@SAXAEAV?$allocator@U__GENERIC_HTTP_ARGUMENT@GenericHTTPClient@@@1@PEAU__GENERIC_HTTP_ARGUMENT@GenericHTTPClient@@AEAU34@@Z 000000018000297c f i GenericHTTPClientA.obj
 0001:000019e0       ??$construct@U__GENERIC_HTTP_ARGUMENT@GenericHTTPClient@@AEBU12@@?$_Wrap_alloc@V?$allocator@U__GENERIC_HTTP_ARGUMENT@GenericHTTPClient@@@std@@@std@@QEAAXPEAU__GENERIC_HTTP_ARGUMENT@GenericHTTPClient@@AEBU23@@Z 00000001800029e0 f i GenericHTTPClientA.obj
 0001:00001a44       ??$construct@U__GENERIC_HTTP_ARGUMENT@GenericHTTPClient@@AEBU12@@?$allocator_traits@V?$allocator@U__GENERIC_HTTP_ARGUMENT@GenericHTTPClient@@@std@@@std@@SAXAEAV?$allocator@U__GENERIC_HTTP_ARGUMENT@GenericHTTPClient@@@1@PEAU__GENERIC_HTTP_ARGUMENT@GenericHTTPClient@@AEBU34@@Z 0000000180002a44 f i GenericHTTPClientA.obj
 0001:00001aa8       ??$construct@U__GENERIC_HTTP_ARGUMENT@GenericHTTPClient@@U12@@?$_Wrap_alloc@V?$allocator@U__GENERIC_HTTP_ARGUMENT@GenericHTTPClient@@@std@@@std@@QEAAXPEAU__GENERIC_HTTP_ARGUMENT@GenericHTTPClient@@$$QEAU23@@Z 0000000180002aa8 f i GenericHTTPClientA.obj
 0001:00001b0c       ??$construct@U__GENERIC_HTTP_ARGUMENT@GenericHTTPClient@@U12@@?$allocator@U__GENERIC_HTTP_ARGUMENT@GenericHTTPClient@@@std@@QEAAXPEAU__GENERIC_HTTP_ARGUMENT@GenericHTTPClient@@$$QEAU23@@Z 0000000180002b0c f i GenericHTTPClientA.obj
 0001:00001b70       ??$construct@U__GENERIC_HTTP_ARGUMENT@GenericHTTPClient@@U12@@?$allocator_traits@V?$allocator@U__GENERIC_HTTP_ARGUMENT@GenericHTTPClient@@@std@@@std@@SAXAEAV?$allocator@U__GENERIC_HTTP_ARGUMENT@GenericHTTPClient@@@1@PEAU__GENERIC_HTTP_ARGUMENT@GenericHTTPClient@@$$QEAU34@@Z 0000000180002b70 f i GenericHTTPClientA.obj
 0001:00001bd4       ??$destroy@U__GENERIC_HTTP_ARGUMENT@GenericHTTPClient@@@?$_Wrap_alloc@V?$allocator@U__GENERIC_HTTP_ARGUMENT@GenericHTTPClient@@@std@@@std@@QEAAXPEAU__GENERIC_HTTP_ARGUMENT@GenericHTTPClient@@@Z 0000000180002bd4 f i GenericHTTPClientA.obj
 0001:00001bd8       ??$destroy@U__GENERIC_HTTP_ARGUMENT@GenericHTTPClient@@@?$allocator@U__GENERIC_HTTP_ARGUMENT@GenericHTTPClient@@@std@@QEAAXPEAU__GENERIC_HTTP_ARGUMENT@GenericHTTPClient@@@Z 0000000180002bd8 f i GenericHTTPClientA.obj
 0001:00001bdc       ??$destroy@U__GENERIC_HTTP_ARGUMENT@GenericHTTPClient@@@?$allocator_traits@V?$allocator@U__GENERIC_HTTP_ARGUMENT@GenericHTTPClient@@@std@@@std@@SAXAEAV?$allocator@U__GENERIC_HTTP_ARGUMENT@GenericHTTPClient@@@1@PEAU__GENERIC_HTTP_ARGUMENT@GenericHTTPClient@@@Z 0000000180002bdc f i GenericHTTPClientA.obj
 0001:00001be0       ??$forward@AEAU__GENERIC_HTTP_ARGUMENT@GenericHTTPClient@@@std@@YAAEAU__GENERIC_HTTP_ARGUMENT@GenericHTTPClient@@AEAU12@@Z 0000000180002be0 f i GenericHTTPClientA.obj
 0001:00001be4       ??$forward@AEBU__GENERIC_HTTP_ARGUMENT@GenericHTTPClient@@@std@@YAAEBU__GENERIC_HTTP_ARGUMENT@GenericHTTPClient@@AEBU12@@Z 0000000180002be4 f i GenericHTTPClientA.obj
 0001:00001be8       ??$forward@U__GENERIC_HTTP_ARGUMENT@GenericHTTPClient@@@std@@YA$$QEAU__GENERIC_HTTP_ARGUMENT@GenericHTTPClient@@AEAU12@@Z 0000000180002be8 f i GenericHTTPClientA.obj
 0001:00001bec       ??0?$_Vector_alloc@$0A@U?$_Vec_base_types@U__GENERIC_HTTP_ARGUMENT@GenericHTTPClient@@V?$allocator@U__GENERIC_HTTP_ARGUMENT@GenericHTTPClient@@@std@@@std@@@std@@QEAA@AEBV?$allocator@U__GENERIC_HTTP_ARGUMENT@GenericHTTPClient@@@1@@Z 0000000180002bec f i GenericHTTPClientA.obj
 0001:00001c00       ??0?$_Vector_const_iterator@V?$_Vector_val@U?$_Simple_types@U__GENERIC_HTTP_ARGUMENT@GenericHTTPClient@@@std@@@std@@@std@@QEAA@PEAU__GENERIC_HTTP_ARGUMENT@GenericHTTPClient@@PEBU_Container_base0@1@@Z 0000000180002c00 f i GenericHTTPClientA.obj
 0001:00001c08       ??0?$_Vector_const_iterator@V?$_Vector_val@U?$_Simple_types@U__GENERIC_HTTP_ARGUMENT@GenericHTTPClient@@@std@@@std@@@std@@QEAA@XZ 0000000180002c08 f i GenericHTTPClientA.obj
 0001:00001c10       ??0?$_Vector_iterator@V?$_Vector_val@U?$_Simple_types@U__GENERIC_HTTP_ARGUMENT@GenericHTTPClient@@@std@@@std@@@std@@QEAA@PEAU__GENERIC_HTTP_ARGUMENT@GenericHTTPClient@@PEBU_Container_base0@1@@Z 0000000180002c10 f i GenericHTTPClientA.obj
 0001:00001c18       ??0?$_Vector_iterator@V?$_Vector_val@U?$_Simple_types@U__GENERIC_HTTP_ARGUMENT@GenericHTTPClient@@@std@@@std@@@std@@QEAA@XZ 0000000180002c18 f i GenericHTTPClientA.obj
 0001:00001c20       ??0?$_Vector_val@U?$_Simple_types@U__GENERIC_HTTP_ARGUMENT@GenericHTTPClient@@@std@@@std@@QEAA@XZ 0000000180002c20 f i GenericHTTPClientA.obj
 0001:00001c34       ??0?$_Wrap_alloc@V?$allocator@U__GENERIC_HTTP_ARGUMENT@GenericHTTPClient@@@std@@@std@@QEAA@XZ 0000000180002c34 f i GenericHTTPClientA.obj
 0001:00001c38       ??0?$allocator@U__GENERIC_HTTP_ARGUMENT@GenericHTTPClient@@@std@@QEAA@XZ 0000000180002c38 f i GenericHTTPClientA.obj
 0001:00001c3c       ??0?$vector@U__GENERIC_HTTP_ARGUMENT@GenericHTTPClient@@V?$allocator@U__GENERIC_HTTP_ARGUMENT@GenericHTTPClient@@@std@@@std@@QEAA@XZ 0000000180002c3c f i GenericHTTPClientA.obj
 0001:00001c50       ??0GenericHTTPClient@@QEAA@XZ 0000000180002c50 f   GenericHTTPClientA.obj
 0001:00001c84       ??1?$vector@U__GENERIC_HTTP_ARGUMENT@GenericHTTPClient@@V?$allocator@U__GENERIC_HTTP_ARGUMENT@GenericHTTPClient@@@std@@@std@@QEAA@XZ 0000000180002c84 f i GenericHTTPClientA.obj
 0001:00001cb0       ??1GenericHTTPClient@@UEAA@XZ 0000000180002cb0 f   GenericHTTPClientA.obj
 0001:00001d00       ??2@YAPEAX_KPEAX@Z         0000000180002d00 f i GenericHTTPClientA.obj
 0001:00001d04       ??3@YAXPEAX0@Z             0000000180002d04 f i GenericHTTPClientA.obj
 0001:00001d08       ??C?$_Vector_iterator@V?$_Vector_val@U?$_Simple_types@U__GENERIC_HTTP_ARGUMENT@GenericHTTPClient@@@std@@@std@@@std@@QEBAPEAU__GENERIC_HTTP_ARGUMENT@GenericHTTPClient@@XZ 0000000180002d08 f i GenericHTTPClientA.obj
 0001:00001d0c       ??D?$_Vector_const_iterator@V?$_Vector_val@U?$_Simple_types@U__GENERIC_HTTP_ARGUMENT@GenericHTTPClient@@@std@@@std@@@std@@QEBAAEBU__GENERIC_HTTP_ARGUMENT@GenericHTTPClient@@XZ 0000000180002d0c f i GenericHTTPClientA.obj
 0001:00001d10       ??D?$_Vector_iterator@V?$_Vector_val@U?$_Simple_types@U__GENERIC_HTTP_ARGUMENT@GenericHTTPClient@@@std@@@std@@@std@@QEBAAEAU__GENERIC_HTTP_ARGUMENT@GenericHTTPClient@@XZ 0000000180002d10 f i GenericHTTPClientA.obj
 0001:00001d14       ??E?$_Vector_const_iterator@V?$_Vector_val@U?$_Simple_types@U__GENERIC_HTTP_ARGUMENT@GenericHTTPClient@@@std@@@std@@@std@@QEAAAEAV01@XZ 0000000180002d14 f i GenericHTTPClientA.obj
 0001:00001d20       ??E?$_Vector_iterator@V?$_Vector_val@U?$_Simple_types@U__GENERIC_HTTP_ARGUMENT@GenericHTTPClient@@@std@@@std@@@std@@QEAAAEAV01@XZ 0000000180002d20 f i GenericHTTPClientA.obj
 0001:00001d2c       ??M?$_Vector_const_iterator@V?$_Vector_val@U?$_Simple_types@U__GENERIC_HTTP_ARGUMENT@GenericHTTPClient@@@std@@@std@@@std@@QEBA_NAEBV01@@Z 0000000180002d2c f i GenericHTTPClientA.obj
 0001:00001d38       ??_EGenericHTTPClient@@UEAAPEAXI@Z 0000000180002d38 f i GenericHTTPClientA.obj
 0001:00001d38       ??_GGenericHTTPClient@@UEAAPEAXI@Z 0000000180002d38 f i GenericHTTPClientA.obj
 0001:00001d68       ?AddPostArguments@GenericHTTPClient@@QEAAXPEBD0H@Z 0000000180002d68 f   GenericHTTPClientA.obj
 0001:00001e10       ?AddPostArguments@GenericHTTPClient@@QEAAXPEBDK@Z 0000000180002e10 f   GenericHTTPClientA.obj
 0001:00001eac       ?AllocMultiPartsFormData@GenericHTTPClient@@IEAAKAEAPEAEPEBD@Z 0000000180002eac f   GenericHTTPClientA.obj
 0001:00002210       ?Close@GenericHTTPClient@@QEAAHXZ 0000000180003210 f   GenericHTTPClientA.obj
 0001:0000225c       ?Connect@GenericHTTPClient@@QEAAHPEBD0G00@Z 000000018000325c f   GenericHTTPClientA.obj
 0001:000023dc       ?FreeMultiPartsFormData@GenericHTTPClient@@IEAAXAEAPEAE@Z 00000001800033dc f   GenericHTTPClientA.obj
 0001:00002400       ?GetContentType@GenericHTTPClient@@QEAAPEBDPEBD@Z 0000000180003400 f   GenericHTTPClientA.obj
 0001:00002508       ?GetLastError@GenericHTTPClient@@QEAAKXZ 0000000180003508 f   GenericHTTPClientA.obj
 0001:00002510       ?GetMultiPartsFormDataLength@GenericHTTPClient@@IEAAKXZ 0000000180003510 f   GenericHTTPClientA.obj
 0001:000025bc       ?GetPostArguments@GenericHTTPClient@@IEAAKPEADK@Z 00000001800035bc f   GenericHTTPClientA.obj
 0001:00002690       ?GetSoapPacket@GenericHTTPClient@@QEAAXPEADK@Z 0000000180003690 f   GenericHTTPClientA.obj
 0001:000026d4       ?InitilizePostArguments@GenericHTTPClient@@QEAAXXZ 00000001800036d4 f   GenericHTTPClientA.obj
 0001:000026e0       ?ParseURL@GenericHTTPClient@@QEAAXPEBDPEADH1HAEAK1H@Z 00000001800036e0 f   GenericHTTPClientA.obj
 0001:00002944       ?QueryHTTPResponse@GenericHTTPClient@@QEAAPEBDXZ 0000000180003944 f   GenericHTTPClientA.obj
 0001:0000294c       ?QueryHTTPResponseHeader@GenericHTTPClient@@QEAAPEBDXZ 000000018000394c f   GenericHTTPClientA.obj
 0001:00002954       ?Reconnect@GenericHTTPClient@@QEAAHXZ 0000000180003954 f   GenericHTTPClientA.obj
 0001:000029b0       ?Request@GenericHTTPClient@@QEAAHPEBDH0K@Z 00000001800039b0 f   GenericHTTPClientA.obj
 0001:00002b50       ?RequestGet@GenericHTTPClient@@IEAAHPEBD@Z 0000000180003b50 f   GenericHTTPClientA.obj
 0001:00002c2c       ?RequestOfURI@GenericHTTPClient@@QEAAHPEBDH@Z 0000000180003c2c f   GenericHTTPClientA.obj
 0001:00002c74       ?RequestPost@GenericHTTPClient@@IEAAHPEBD@Z 0000000180003c74 f   GenericHTTPClientA.obj
 0001:00002dd0       ?RequestPostMultiPartsFormData@GenericHTTPClient@@IEAAHPEBD@Z 0000000180003dd0 f   GenericHTTPClientA.obj
 0001:00003024       ?RequestSOAP@GenericHTTPClient@@IEAAHPEBD@Z 0000000180004024 f   GenericHTTPClientA.obj
 0001:0000324c       ?Response@GenericHTTPClient@@QEAAHPEAEK0KAEAK@Z 000000018000424c f   GenericHTTPClientA.obj
 0001:00003364       ?ResponseOfBytes@GenericHTTPClient@@IEAAKPEAEK@Z 0000000180004364 f   GenericHTTPClientA.obj
 0001:000033d8       ?SetSoapPacket@GenericHTTPClient@@QEAAXPEBD@Z 00000001800043d8 f   GenericHTTPClientA.obj
 0001:00003414       ?_Adopt@_Iterator_base0@std@@QEAAXPEBX@Z 0000000180004414 f i GenericHTTPClientA.obj
 0001:00003418       ?_Compat@?$_Vector_const_iterator@V?$_Vector_val@U?$_Simple_types@U__GENERIC_HTTP_ARGUMENT@GenericHTTPClient@@@std@@@std@@@std@@QEBAXAEBV12@@Z 0000000180004418 f i GenericHTTPClientA.obj
 0001:0000341c       ?_Destroy@?$vector@U__GENERIC_HTTP_ARGUMENT@GenericHTTPClient@@V?$allocator@U__GENERIC_HTTP_ARGUMENT@GenericHTTPClient@@@std@@@std@@IEAAXPEAU__GENERIC_HTTP_ARGUMENT@GenericHTTPClient@@0@Z 000000018000441c f i GenericHTTPClientA.obj
 0001:00003420       ?_Getal@?$_Vector_alloc@$0A@U?$_Vec_base_types@U__GENERIC_HTTP_ARGUMENT@GenericHTTPClient@@V?$allocator@U__GENERIC_HTTP_ARGUMENT@GenericHTTPClient@@@std@@@std@@@std@@QEBA?AU?$_Wrap_alloc@V?$allocator@U__GENERIC_HTTP_ARGUMENT@GenericHTTPClient@@@std@@@2@XZ 0000000180004420 f i GenericHTTPClientA.obj
 0001:00003424       ?_Grow_to@?$vector@U__GENERIC_HTTP_ARGUMENT@GenericHTTPClient@@V?$allocator@U__GENERIC_HTTP_ARGUMENT@GenericHTTPClient@@@std@@@std@@IEBA_K_K@Z 0000000180004424 f i GenericHTTPClientA.obj
 0001:00003474       ?_Inside@?$vector@U__GENERIC_HTTP_ARGUMENT@GenericHTTPClient@@V?$allocator@U__GENERIC_HTTP_ARGUMENT@GenericHTTPClient@@@std@@@std@@IEBA_NPEBU__GENERIC_HTTP_ARGUMENT@GenericHTTPClient@@@Z 0000000180004474 f i GenericHTTPClientA.obj
 0001:00003488       ?_Orphan_all@_Container_base0@std@@QEAAXXZ 0000000180004488 f i GenericHTTPClientA.obj
 0001:0000348c       ?_Orphan_range@?$vector@U__GENERIC_HTTP_ARGUMENT@GenericHTTPClient@@V?$allocator@U__GENERIC_HTTP_ARGUMENT@GenericHTTPClient@@@std@@@std@@IEBAXPEAU__GENERIC_HTTP_ARGUMENT@GenericHTTPClient@@0@Z 000000018000448c f i GenericHTTPClientA.obj
 0001:00003490       ?_Reallocate@?$vector@U__GENERIC_HTTP_ARGUMENT@GenericHTTPClient@@V?$allocator@U__GENERIC_HTTP_ARGUMENT@GenericHTTPClient@@@std@@@std@@IEAAX_K@Z 0000000180004490 f i GenericHTTPClientA.obj
 0001:0000356c       ?_Reserve@?$vector@U__GENERIC_HTTP_ARGUMENT@GenericHTTPClient@@V?$allocator@U__GENERIC_HTTP_ARGUMENT@GenericHTTPClient@@@std@@@std@@IEAAX_K@Z 000000018000456c f i GenericHTTPClientA.obj
 0001:00003624       ?_Tidy@?$vector@U__GENERIC_HTTP_ARGUMENT@GenericHTTPClient@@V?$allocator@U__GENERIC_HTTP_ARGUMENT@GenericHTTPClient@@@std@@@std@@IEAAXXZ 0000000180004624 f i GenericHTTPClientA.obj
 0001:00003650       ?_Unused_capacity@?$vector@U__GENERIC_HTTP_ARGUMENT@GenericHTTPClient@@V?$allocator@U__GENERIC_HTTP_ARGUMENT@GenericHTTPClient@@@std@@@std@@QEBA_KXZ 0000000180004650 f i GenericHTTPClientA.obj
 0001:00003674       ?_Xlen@?$vector@U__GENERIC_HTTP_ARGUMENT@GenericHTTPClient@@V?$allocator@U__GENERIC_HTTP_ARGUMENT@GenericHTTPClient@@@std@@@std@@IEBAXXZ 0000000180004674 f i GenericHTTPClientA.obj
 0001:00003688       ?allocate@?$_Wrap_alloc@V?$allocator@U__GENERIC_HTTP_ARGUMENT@GenericHTTPClient@@@std@@@std@@QEAAPEAU__GENERIC_HTTP_ARGUMENT@GenericHTTPClient@@_K@Z 0000000180004688 f i GenericHTTPClientA.obj
 0001:000036c0       ?allocate@?$allocator@U__GENERIC_HTTP_ARGUMENT@GenericHTTPClient@@@std@@QEAAPEAU__GENERIC_HTTP_ARGUMENT@GenericHTTPClient@@_K@Z 00000001800046c0 f i GenericHTTPClientA.obj
 0001:000036f8       ?begin@?$vector@U__GENERIC_HTTP_ARGUMENT@GenericHTTPClient@@V?$allocator@U__GENERIC_HTTP_ARGUMENT@GenericHTTPClient@@@std@@@std@@QEAA?AV?$_Vector_iterator@V?$_Vector_val@U?$_Simple_types@U__GENERIC_HTTP_ARGUMENT@GenericHTTPClient@@@std@@@std@@@2@XZ 00000001800046f8 f i GenericHTTPClientA.obj
 0001:00003704       ?capacity@?$vector@U__GENERIC_HTTP_ARGUMENT@GenericHTTPClient@@V?$allocator@U__GENERIC_HTTP_ARGUMENT@GenericHTTPClient@@@std@@@std@@QEBA_KXZ 0000000180004704 f i GenericHTTPClientA.obj
 0001:00003728       ?clear@?$vector@U__GENERIC_HTTP_ARGUMENT@GenericHTTPClient@@V?$allocator@U__GENERIC_HTTP_ARGUMENT@GenericHTTPClient@@@std@@@std@@QEAAXXZ 0000000180004728 f i GenericHTTPClientA.obj
 0001:00003730       ?construct@?$allocator@U__GENERIC_HTTP_ARGUMENT@GenericHTTPClient@@@std@@QEAAXPEAU__GENERIC_HTTP_ARGUMENT@GenericHTTPClient@@AEBU34@@Z 0000000180004730 f i GenericHTTPClientA.obj
 0001:00003794       ?deallocate@?$_Wrap_alloc@V?$allocator@U__GENERIC_HTTP_ARGUMENT@GenericHTTPClient@@@std@@@std@@QEAAXPEAU__GENERIC_HTTP_ARGUMENT@GenericHTTPClient@@_K@Z 0000000180004794 f i GenericHTTPClientA.obj
 0001:0000379c       ?deallocate@?$allocator@U__GENERIC_HTTP_ARGUMENT@GenericHTTPClient@@@std@@QEAAXPEAU__GENERIC_HTTP_ARGUMENT@GenericHTTPClient@@_K@Z 000000018000479c f i GenericHTTPClientA.obj
 0001:000037a4       ?end@?$vector@U__GENERIC_HTTP_ARGUMENT@GenericHTTPClient@@V?$allocator@U__GENERIC_HTTP_ARGUMENT@GenericHTTPClient@@@std@@@std@@QEAA?AV?$_Vector_iterator@V?$_Vector_val@U?$_Simple_types@U__GENERIC_HTTP_ARGUMENT@GenericHTTPClient@@@std@@@std@@@2@XZ 00000001800047a4 f i GenericHTTPClientA.obj
 0001:000037b0       ?max_size@?$_Wrap_alloc@V?$allocator@U__GENERIC_HTTP_ARGUMENT@GenericHTTPClient@@@std@@@std@@QEBA_KXZ 00000001800047b0 f i GenericHTTPClientA.obj
 0001:000037bc       ?max_size@?$allocator@U__GENERIC_HTTP_ARGUMENT@GenericHTTPClient@@@std@@QEBA_KXZ 00000001800047bc f i GenericHTTPClientA.obj
 0001:000037c8       ?max_size@?$allocator_traits@V?$allocator@U__GENERIC_HTTP_ARGUMENT@GenericHTTPClient@@@std@@@std@@SA_KAEBV?$allocator@U__GENERIC_HTTP_ARGUMENT@GenericHTTPClient@@@2@@Z 00000001800047c8 f i GenericHTTPClientA.obj
 0001:000037d4       ?max_size@?$vector@U__GENERIC_HTTP_ARGUMENT@GenericHTTPClient@@V?$allocator@U__GENERIC_HTTP_ARGUMENT@GenericHTTPClient@@@std@@@std@@QEBA_KXZ 00000001800047d4 f i GenericHTTPClientA.obj
 0001:000037e0       ?pointer_to@?$pointer_traits@PEAU__GENERIC_HTTP_ARGUMENT@GenericHTTPClient@@@std@@SAPEAU__GENERIC_HTTP_ARGUMENT@GenericHTTPClient@@AEAU34@@Z 00000001800047e0 f i GenericHTTPClientA.obj
 0001:000037e4       ?push_back@?$vector@U__GENERIC_HTTP_ARGUMENT@GenericHTTPClient@@V?$allocator@U__GENERIC_HTTP_ARGUMENT@GenericHTTPClient@@@std@@@std@@QEAAXAEBU__GENERIC_HTTP_ARGUMENT@GenericHTTPClient@@@Z 00000001800047e4 f i GenericHTTPClientA.obj
 0001:00003930       ?size@?$vector@U__GENERIC_HTTP_ARGUMENT@GenericHTTPClient@@V?$allocator@U__GENERIC_HTTP_ARGUMENT@GenericHTTPClient@@@std@@@std@@QEBA_KXZ 0000000180004930 f i GenericHTTPClientA.obj
 0001:00003954       _tcscmp                    0000000180004954 f i GenericHTTPClientA.obj
 0001:0000395c       _tcsncmp                   000000018000495c f i GenericHTTPClientA.obj
 0001:00003964       _tcsncpy_s                 0000000180004964 f i GenericHTTPClientA.obj
 0001:0000396c       hypot                      000000018000496c f i GenericHTTPClientA.obj
 0001:00003974       ??$_Allocate@D@std@@YAPEAD_KPEAD@Z 0000000180004974 f i mdump.obj
 0001:0000399c       ??$_Allocate@VCString@WTL@@@std@@YAPEAVCString@WTL@@_KPEAV12@@Z 000000018000499c f i mdump.obj
 0001:000039d0       ??$_Destroy_range@U?$_Wrap_alloc@V?$allocator@VCString@WTL@@@std@@@std@@@std@@YAXPEAVCString@WTL@@0AEAU?$_Wrap_alloc@V?$allocator@VCString@WTL@@@std@@@0@@Z 00000001800049d0 f i mdump.obj
 0001:00003a1c       ??$_Destroy_range@U?$_Wrap_alloc@V?$allocator@VCString@WTL@@@std@@@std@@@std@@YAXPEAVCString@WTL@@0AEAU?$_Wrap_alloc@V?$allocator@VCString@WTL@@@std@@@0@U_Nonscalar_ptr_iterator_tag@0@@Z 0000000180004a1c f i mdump.obj
 0001:00003a68       ??$_Ptr_cat@VCString@WTL@@V12@@std@@YA?AU_Nonscalar_ptr_iterator_tag@0@PEAVCString@WTL@@0@Z 0000000180004a68 f i mdump.obj
 0001:00003a70       ??$_Rechecked@PEAVCString@WTL@@PEAV12@@std@@YAAEAPEAVCString@WTL@@AEAPEAV12@PEAV12@@Z 0000000180004a70 f i mdump.obj
 0001:00003a78       ??$_Umove@PEAVCString@WTL@@@?$vector@VCString@WTL@@V?$allocator@VCString@WTL@@@std@@@std@@IEAAPEAVCString@WTL@@PEAV23@00@Z 0000000180004a78 f i mdump.obj
 0001:00003aac       ??$_Unchecked@PEAVCString@WTL@@@std@@YAPEAVCString@WTL@@PEAV12@@Z 0000000180004aac f i mdump.obj
 0001:00003ab0       ??$_Uninit_move@PEAVCString@WTL@@PEAV12@U?$_Wrap_alloc@V?$allocator@VCString@WTL@@@std@@@std@@@std@@YAPEAVCString@WTL@@PEAV12@00AEAU?$_Wrap_alloc@V?$allocator@VCString@WTL@@@std@@@0@@Z 0000000180004ab0 f i mdump.obj
 0001:00003acc       ??$_Uninit_move@PEAVCString@WTL@@PEAV12@V?$allocator@VCString@WTL@@@std@@V12@@std@@YAPEAVCString@WTL@@PEAV12@00AEAU?$_Wrap_alloc@V?$allocator@VCString@WTL@@@std@@@0@0U_Nonscalar_ptr_iterator_tag@0@@Z 0000000180004acc f i mdump.obj
 0001:00003b2c       ??$_Uninitialized_move@PEAVCString@WTL@@PEAV12@U?$_Wrap_alloc@V?$allocator@VCString@WTL@@@std@@@std@@@std@@YAPEAVCString@WTL@@PEAV12@00AEAU?$_Wrap_alloc@V?$allocator@VCString@WTL@@@std@@@0@@Z 0000000180004b2c f i mdump.obj
 0001:00003b48       ??$_Val_type@PEAVCString@WTL@@@std@@YAPEAVCString@WTL@@PEAV12@@Z 0000000180004b48 f i mdump.obj
 0001:00003b4c       ??$addressof@D@std@@YAPEADAEAD@Z 0000000180004b4c f i mdump.obj
 0001:00003b50       ??$addressof@VCString@WTL@@@std@@YAPEAVCString@WTL@@AEAV12@@Z 0000000180004b50 f i mdump.obj
 0001:00003b54       ??$construct@PEADAEAPEAD@?$_Wrap_alloc@V?$allocator@D@std@@@std@@QEAAXPEAPEADAEAPEAD@Z 0000000180004b54 f i mdump.obj
 0001:00003b60       ??$construct@PEADAEAPEAD@?$allocator@D@std@@QEAAXPEAPEADAEAPEAD@Z 0000000180004b60 f i mdump.obj
 0001:00003b6c       ??$construct@PEADAEAPEAD@?$allocator_traits@V?$allocator@D@std@@@std@@SAXAEAV?$allocator@D@1@PEAPEADAEAPEAD@Z 0000000180004b6c f i mdump.obj
 0001:00003b78       ??$construct@VCString@WTL@@V12@@?$_Wrap_alloc@V?$allocator@VCString@WTL@@@std@@@std@@QEAAXPEAVCString@WTL@@$$QEAV23@@Z 0000000180004b78 f i mdump.obj
 0001:00003b80       ??$construct@VCString@WTL@@V12@@?$allocator@VCString@WTL@@@std@@QEAAXPEAVCString@WTL@@$$QEAV23@@Z 0000000180004b80 f i mdump.obj
 0001:00003bf0       ??$construct@VCString@WTL@@V12@@?$allocator_traits@V?$allocator@VCString@WTL@@@std@@@std@@SAXAEAV?$allocator@VCString@WTL@@@1@PEAVCString@WTL@@$$QEAV34@@Z 0000000180004bf0 f i mdump.obj
 0001:00003bf8       ??$destroy@PEAD@?$_Wrap_alloc@V?$allocator@D@std@@@std@@QEAAXPEAPEAD@Z 0000000180004bf8 f i mdump.obj
 0001:00003bfc       ??$destroy@PEAD@?$allocator@D@std@@QEAAXPEAPEAD@Z 0000000180004bfc f i mdump.obj
 0001:00003c00       ??$destroy@PEAD@?$allocator_traits@V?$allocator@D@std@@@std@@SAXAEAV?$allocator@D@1@PEAPEAD@Z 0000000180004c00 f i mdump.obj
 0001:00003c04       ??$destroy@VCString@WTL@@@?$_Wrap_alloc@V?$allocator@VCString@WTL@@@std@@@std@@QEAAXPEAVCString@WTL@@@Z 0000000180004c04 f i mdump.obj
 0001:00003c30       ??$destroy@VCString@WTL@@@?$allocator@VCString@WTL@@@std@@QEAAXPEAVCString@WTL@@@Z 0000000180004c30 f i mdump.obj
 0001:00003c5c       ??$destroy@VCString@WTL@@@?$allocator_traits@V?$allocator@VCString@WTL@@@std@@@std@@SAXAEAV?$allocator@VCString@WTL@@@1@PEAVCString@WTL@@@Z 0000000180004c5c f i mdump.obj
 0001:00003c88       ??$forward@AEAPEAD@std@@YAAEAPEADAEAPEAD@Z 0000000180004c88 f i mdump.obj
 0001:00003c8c       ??$forward@VCString@WTL@@@std@@YA$$QEAVCString@WTL@@AEAV12@@Z 0000000180004c8c f i mdump.obj
 0001:00003c90       ??0?$_String_alloc@$0A@U?$_String_base_types@DV?$allocator@D@std@@@std@@@std@@QEAA@AEBV?$allocator@D@1@@Z 0000000180004c90 f i mdump.obj
 0001:00003ca0       ??0?$_String_val@U?$_Simple_types@D@std@@@std@@QEAA@XZ 0000000180004ca0 f i mdump.obj
 0001:00003cb0       ??0?$_Vector_alloc@$0A@U?$_Vec_base_types@VCString@WTL@@V?$allocator@VCString@WTL@@@std@@@std@@@std@@QEAA@AEBV?$allocator@VCString@WTL@@@1@@Z 0000000180004cb0 f i mdump.obj
 0001:00003cc4       ??0?$_Vector_const_iterator@V?$_Vector_val@U?$_Simple_types@VCString@WTL@@@std@@@std@@@std@@QEAA@PEAVCString@WTL@@PEBU_Container_base0@1@@Z 0000000180004cc4 f i mdump.obj
 0001:00003ccc       ??0?$_Vector_iterator@V?$_Vector_val@U?$_Simple_types@VCString@WTL@@@std@@@std@@@std@@QEAA@PEAVCString@WTL@@PEBU_Container_base0@1@@Z 0000000180004ccc f i mdump.obj
 0001:00003cd4       ??0?$_Vector_val@U?$_Simple_types@VCString@WTL@@@std@@@std@@QEAA@XZ 0000000180004cd4 f i mdump.obj
 0001:00003ce8       ??0?$_Wrap_alloc@V?$allocator@D@std@@@std@@QEAA@XZ 0000000180004ce8 f i mdump.obj
 0001:00003cec       ??0?$_Wrap_alloc@V?$allocator@VCString@WTL@@@std@@@std@@QEAA@XZ 0000000180004cec f i mdump.obj
 0001:00003cf0       ??0?$allocator@D@std@@QEAA@XZ 0000000180004cf0 f i mdump.obj
 0001:00003cf4       ??0?$allocator@VCString@WTL@@@std@@QEAA@XZ 0000000180004cf4 f i mdump.obj
 0001:00003cf8       ??0?$basic_string@DU?$char_traits@D@std@@V?$allocator@D@2@@std@@QEAA@PEBD@Z 0000000180004cf8 f i mdump.obj
 0001:00003d40       ??0?$vector@VCString@WTL@@V?$allocator@VCString@WTL@@@std@@@std@@QEAA@XZ 0000000180004d40 f i mdump.obj
 0001:00003d54       ??0DumpData@@QEAA@XZ       0000000180004d54 f i mdump.obj
 0001:00003d70       ??0MiniDumper@@QEAA@XZ     0000000180004d70 f   mdump.obj
 0001:00003e10       ??0ResourceSwitch@@QEAA@PEBD@Z 0000000180004e10 f i mdump.obj
 0001:00003e48       ??0TotalUptimeAndCrashCalculator@@QEAA@PEBD00@Z 0000000180004e48 f i mdump.obj
 0001:00003ee0       ??0_Generic_error_category@std@@QEAA@XZ 0000000180004ee0 f i mdump.obj
 0001:00003ef0       ??0_Iostream_error_category@std@@QEAA@XZ 0000000180004ef0 f i mdump.obj
 0001:00003f00       ??0_System_error_category@std@@QEAA@XZ 0000000180004f00 f i mdump.obj
 0001:00003f10       ??0_U_STRINGorID@ATL@@QEAA@PEBD@Z 0000000180004f10 f i mdump.obj
 0001:00003f18       ??0error_category@std@@QEAA@XZ 0000000180004f18 f i mdump.obj
 0001:00003f28       ??0error_condition@std@@QEAA@HAEBVerror_category@1@@Z 0000000180004f28 f i mdump.obj
 0001:00003f34       ??0id@locale@std@@QEAA@_K@Z 0000000180004f34 f i mdump.obj
 0001:00003f3c       ??1?$basic_string@DU?$char_traits@D@std@@V?$allocator@D@2@@std@@QEAA@XZ 0000000180004f3c f i mdump.obj
 0001:00003f6c       ??1?$vector@VCString@WTL@@V?$allocator@VCString@WTL@@@std@@@std@@QEAA@XZ 0000000180004f6c f i mdump.obj
 0001:00003f74       ??1DumpData@@QEAA@XZ       0000000180004f74 f i mdump.obj
 0001:00003fcc       ??1MiniDumper@@UEAA@XZ     0000000180004fcc f   mdump.obj
 0001:0000418c       ??1ResourceSwitch@@QEAA@XZ 000000018000518c f i mdump.obj
 0001:000041a4       ??1TotalUptimeAndCrashCalculator@@QEAA@XZ 00000001800051a4 f i mdump.obj
 0001:000042ac       ??1_Generic_error_category@std@@UEAA@XZ 00000001800052ac f i mdump.obj
 0001:000042b8       ??1_Iostream_error_category@std@@UEAA@XZ 00000001800052b8 f i mdump.obj
 0001:000042c4       ??1_System_error_category@std@@UEAA@XZ 00000001800052c4 f i mdump.obj
 0001:000042d0       ??1error_category@std@@UEAA@XZ 00000001800052d0 f i mdump.obj
 0001:000042dc       ??8error_category@std@@QEBA_NAEBV01@@Z 00000001800052dc f i mdump.obj
 0001:000042e4       ??8error_condition@std@@QEBA_NAEBV01@@Z 00000001800052e4 f i mdump.obj
 0001:00004300       ??D?$_Vector_const_iterator@V?$_Vector_val@U?$_Simple_types@VCString@WTL@@@std@@@std@@@std@@QEBAAEBVCString@WTL@@XZ 0000000180005300 f i mdump.obj
 0001:00004304       ??D?$_Vector_iterator@V?$_Vector_val@U?$_Simple_types@VCString@WTL@@@std@@@std@@@std@@QEBAAEAVCString@WTL@@XZ 0000000180005304 f i mdump.obj
 0001:00004308       ??E?$_Vector_const_iterator@V?$_Vector_val@U?$_Simple_types@VCString@WTL@@@std@@@std@@@std@@QEAAAEAV01@XZ 0000000180005308 f i mdump.obj
 0001:00004310       ??E?$_Vector_iterator@V?$_Vector_val@U?$_Simple_types@VCString@WTL@@@std@@@std@@@std@@QEAAAEAV01@XZ 0000000180005310 f i mdump.obj
 0001:00004318       ??M?$_Vector_const_iterator@V?$_Vector_val@U?$_Simple_types@VCString@WTL@@@std@@@std@@@std@@QEBA_NAEBV01@@Z 0000000180005318 f i mdump.obj
 0001:00004324       ??YCString@WTL@@QEAAAEAV01@AEBV01@@Z 0000000180005324 f i mdump.obj
 0001:00004344       ??_GCString@WTL@@QEAAPEAXI@Z 0000000180005344 f i mdump.obj
 0001:00004394       ??_GMiniDumper@@UEAAPEAXI@Z 0000000180005394 f i mdump.obj
 0001:00004394       ??_EMiniDumper@@UEAAPEAXI@Z 0000000180005394 f i mdump.obj
 0001:000043c4       ??_GTotalUptimeAndCrashCalculator@@QEAAPEAXI@Z 00000001800053c4 f i mdump.obj
 0001:000043f4       ??_G_Generic_error_category@std@@UEAAPEAXI@Z 00000001800053f4 f i mdump.obj
 0001:000043f4       ??_E_Generic_error_category@std@@UEAAPEAXI@Z 00000001800053f4 f i mdump.obj
 0001:0000441c       ??_G_Iostream_error_category@std@@UEAAPEAXI@Z 000000018000541c f i mdump.obj
 0001:0000441c       ??_E_Iostream_error_category@std@@UEAAPEAXI@Z 000000018000541c f i mdump.obj
 0001:00004444       ??_E_System_error_category@std@@UEAAPEAXI@Z 0000000180005444 f i mdump.obj
 0001:00004444       ??_G_System_error_category@std@@UEAAPEAXI@Z 0000000180005444 f i mdump.obj
 0001:0000446c       ??_Gerror_category@std@@UEAAPEAXI@Z 000000018000546c f i mdump.obj
 0001:0000446c       ??_Eerror_category@std@@UEAAPEAXI@Z 000000018000546c f i mdump.obj
 0001:00004494       ?AtlMessageBox@WTL@@YAHPEAUHWND__@@V_U_STRINGorID@ATL@@1I@Z 0000000180005494 f i mdump.obj
 0001:00004604       ?CreateReportThreaded@MiniDumper@@SAIPEAX@Z 0000000180005604 f   mdump.obj
 0001:0000493c       ?ExceptionHandler@MiniDumper@@SAJPEAU_EXCEPTION_POINTERS@@K@Z 000000018000593c f   mdump.obj
 0001:00004ca0       ?Format@CString@WTL@@QEAAHPEBDZZ 0000000180005ca0 f i mdump.obj
 0001:00004cc4       ?FormatMessageA@CString@WTL@@QEAAHIZZ 0000000180005cc4 f i mdump.obj
 0001:00004da4       ?FormatV@CString@WTL@@QEAAHPEBDPEAD@Z 0000000180005da4 f i mdump.obj
 0001:00005154       ?GetMFA@MiniDumper@@SA_NPEAXPEADH@Z 0000000180006154 f   mdump.obj
 0001:00005294       ?GetModuleInstance@CComModule@ATL@@QEAAPEAUHINSTANCE__@@XZ 0000000180006294 f i mdump.obj
 0001:0000529c       ?GetResourceInstance@CComModule@ATL@@QEAAPEAUHINSTANCE__@@XZ 000000018000629c f i mdump.obj
 0001:000052a4       ?IsEmpty@CString@WTL@@QEBAHXZ 00000001800062a4 f i mdump.obj
 0001:000052b0       ?LaunchHangDetection@MiniDumper@@QEAAXXZ 00000001800062b0 f   mdump.obj
 0001:00005470       ?MakeLower@CString@WTL@@QEAAXXZ 0000000180006470 f i mdump.obj
 0001:00005490       ?SendReportThreaded@MiniDumper@@SAIPEAX@Z 0000000180006490 f   mdump.obj
 0001:000059ac       ?SetResourceInstance@CAtlBaseModule@ATL@@QEAAPEAUHINSTANCE__@@PEAU3@@Z 00000001800069ac f i mdump.obj
 0001:000059b4       ?SetResourceInstance@CComModule@ATL@@QEAAPEAUHINSTANCE__@@PEAU3@@Z 00000001800069b4 f i mdump.obj
 0001:000059c0       ?TerminateHangDetection@MiniDumper@@QEAAXXZ 00000001800069c0 f   mdump.obj
 0001:00005a10       ?TopLevelUnhandledExceptionFilter@MiniDumper@@SAJPEAU_EXCEPTION_POINTERS@@@Z 0000000180006a10 f   mdump.obj
 0001:00005a8c       ?TrimLeft@CString@WTL@@QEAAXXZ 0000000180006a8c f i mdump.obj
 0001:00005af4       ?TrimRight@CString@WTL@@QEAAXXZ 0000000180006af4 f i mdump.obj
 0001:00005b60       ?WebVersionNewerThanLocal@MiniDumper@@KA_NPEAUHINSTANCE__@@@Z 0000000180006b60 f   mdump.obj
 0001:00005fe4       ?_Compat@?$_Vector_const_iterator@V?$_Vector_val@U?$_Simple_types@VCString@WTL@@@std@@@std@@@std@@QEBAXAEBV12@@Z 0000000180006fe4 f i mdump.obj
 0001:00005fe8       ?_Copy@?$basic_string@DU?$char_traits@D@std@@V?$allocator@D@2@@std@@QEAAX_K0@Z 0000000180006fe8 f i mdump.obj
 0001:000060ec       ?_Destroy@?$vector@VCString@WTL@@V?$allocator@VCString@WTL@@@std@@@std@@IEAAXPEAVCString@WTL@@0@Z 00000001800070ec f i mdump.obj
 0001:00006138       ?_Eos@?$basic_string@DU?$char_traits@D@std@@V?$allocator@D@2@@std@@QEAAX_K@Z 0000000180007138 f i mdump.obj
 0001:0000614c       ?_Getal@?$_String_alloc@$0A@U?$_String_base_types@DV?$allocator@D@std@@@std@@@std@@QEBA?AU?$_Wrap_alloc@V?$allocator@D@std@@@2@XZ 000000018000714c f i mdump.obj
 0001:00006150       ?_Getal@?$_Vector_alloc@$0A@U?$_Vec_base_types@VCString@WTL@@V?$allocator@VCString@WTL@@@std@@@std@@@std@@QEBA?AU?$_Wrap_alloc@V?$allocator@VCString@WTL@@@std@@@2@XZ 0000000180007150 f i mdump.obj
 0001:00006154       ?_Grow@?$basic_string@DU?$char_traits@D@std@@V?$allocator@D@2@@std@@QEAA_N_K_N@Z 0000000180007154 f i mdump.obj
 0001:00006220       ?_Grow_to@?$vector@VCString@WTL@@V?$allocator@VCString@WTL@@@std@@@std@@IEBA_K_K@Z 0000000180007220 f i mdump.obj
 0001:00006258       ?_Inside@?$basic_string@DU?$char_traits@D@std@@V?$allocator@D@2@@std@@QEAA_NPEBD@Z 0000000180007258 f i mdump.obj
 0001:00006298       ?_Inside@?$vector@VCString@WTL@@V?$allocator@VCString@WTL@@@std@@@std@@IEBA_NPEBVCString@WTL@@@Z 0000000180007298 f i mdump.obj
 0001:000062ac       ?_Myptr@?$_String_val@U?$_Simple_types@D@std@@@std@@QEAAPEADXZ 00000001800072ac f i mdump.obj
 0001:000062bc       ?_Myptr@?$_String_val@U?$_Simple_types@D@std@@@std@@QEBAPEBDXZ 00000001800072bc f i mdump.obj
 0001:000062cc       ?_Orphan_range@?$vector@VCString@WTL@@V?$allocator@VCString@WTL@@@std@@@std@@IEBAXPEAVCString@WTL@@0@Z 00000001800072cc f i mdump.obj
 0001:000062d0       ?_Reallocate@?$vector@VCString@WTL@@V?$allocator@VCString@WTL@@@std@@@std@@IEAAX_K@Z 00000001800072d0 f i mdump.obj
 0001:000063c4       ?_Reserve@?$vector@VCString@WTL@@V?$allocator@VCString@WTL@@@std@@@std@@IEAAX_K@Z 00000001800073c4 f i mdump.obj
 0001:0000643c       ?_Tidy@?$basic_string@DU?$char_traits@D@std@@V?$allocator@D@2@@std@@QEAAX_N_K@Z 000000018000743c f i mdump.obj
 0001:00006494       ?_Tidy@?$vector@VCString@WTL@@V?$allocator@VCString@WTL@@@std@@@std@@IEAAXXZ 0000000180007494 f i mdump.obj
 0001:00006508       ?_Unused_capacity@?$vector@VCString@WTL@@V?$allocator@VCString@WTL@@@std@@@std@@QEBA_KXZ 0000000180007508 f i mdump.obj
 0001:00006518       ?_Xlen@?$basic_string@DU?$char_traits@D@std@@V?$allocator@D@2@@std@@QEBAXXZ 0000000180007518 f i mdump.obj
 0001:0000652c       ?_Xlen@?$vector@VCString@WTL@@V?$allocator@VCString@WTL@@@std@@@std@@IEBAXXZ 000000018000752c f i mdump.obj
 0001:00006540       ?_Xran@?$basic_string@DU?$char_traits@D@std@@V?$allocator@D@2@@std@@QEBAXXZ 0000000180007540 f i mdump.obj
 0001:00006554       ?_cstrisdigit@CString@WTL@@KAHD@Z 0000000180007554 f i mdump.obj
 0001:0000655c       ?_cstrisspace@CString@WTL@@KAHD@Z 000000018000755c f i mdump.obj
 0001:00006564       ?_cstrtoi@CString@WTL@@KAHPEBD@Z 0000000180007564 f i mdump.obj
 0001:0000656c       ?_tcsrchr@@YAPEADPEADI@Z   000000018000756c f i mdump.obj
 0001:00006574       ?allocate@?$_Wrap_alloc@V?$allocator@D@std@@@std@@QEAAPEAD_K@Z 0000000180007574 f i mdump.obj
 0001:000065a0       ?allocate@?$_Wrap_alloc@V?$allocator@VCString@WTL@@@std@@@std@@QEAAPEAVCString@WTL@@_K@Z 00000001800075a0 f i mdump.obj
 0001:000065d8       ?allocate@?$allocator@D@std@@QEAAPEAD_K@Z 00000001800075d8 f i mdump.obj
 0001:00006604       ?allocate@?$allocator@VCString@WTL@@@std@@QEAAPEAVCString@WTL@@_K@Z 0000000180007604 f i mdump.obj
 0001:0000663c       ?assign@?$basic_string@DU?$char_traits@D@std@@V?$allocator@D@2@@std@@QEAAAEAV12@AEBV12@_K1@Z 000000018000763c f i mdump.obj
 0001:00006724       ?assign@?$basic_string@DU?$char_traits@D@std@@V?$allocator@D@2@@std@@QEAAAEAV12@PEBD@Z 0000000180007724 f i mdump.obj
 0001:0000675c       ?assign@?$basic_string@DU?$char_traits@D@std@@V?$allocator@D@2@@std@@QEAAAEAV12@PEBD_K@Z 000000018000775c f i mdump.obj
 0001:00006820       ?assign@?$char_traits@D@std@@SAXAEADAEBD@Z 0000000180007820 f i mdump.obj
 0001:00006828       ?begin@?$vector@VCString@WTL@@V?$allocator@VCString@WTL@@@std@@@std@@QEAA?AV?$_Vector_iterator@V?$_Vector_val@U?$_Simple_types@VCString@WTL@@@std@@@std@@@2@XZ 0000000180007828 f i mdump.obj
 0001:00006834       ?bugsplatMessage@MiniDumper@@SAIPEBDII@Z 0000000180007834 f   mdump.obj
 0001:00006874       ?capacity@?$vector@VCString@WTL@@V?$allocator@VCString@WTL@@@std@@@std@@QEBA_KXZ 0000000180007874 f i mdump.obj
 0001:00006880       ?capture@TotalUptimeAndCrashCalculator@@QEAAX_N@Z 0000000180007880 f i mdump.obj
 0001:00006a5c       ?category@error_code@std@@QEBAAEBVerror_category@2@XZ 0000000180007a5c f i mdump.obj
 0001:00006a64       ?category@error_condition@std@@QEBAAEBVerror_category@2@XZ 0000000180007a64 f i mdump.obj
 0001:00006a6c       ?copy@?$char_traits@D@std@@SAPEADPEADPEBD_K@Z 0000000180007a6c f i mdump.obj
 0001:00006a88       ?createReport@MiniDumper@@QEAAXK@Z 0000000180007a88 f   mdump.obj
 0001:00006ab0       ?createReport@MiniDumper@@QEAAXPEAU_EXCEPTION_POINTERS@@@Z 0000000180007ab0 f   mdump.obj
 0001:00006ad8       ?createReport@MiniDumper@@QEAAXPEBD@Z 0000000180007ad8 f   mdump.obj
 0001:00006b2c       ?deallocate@?$_Wrap_alloc@V?$allocator@D@std@@@std@@QEAAXPEAD_K@Z 0000000180007b2c f i mdump.obj
 0001:00006b34       ?deallocate@?$_Wrap_alloc@V?$allocator@VCString@WTL@@@std@@@std@@QEAAXPEAVCString@WTL@@_K@Z 0000000180007b34 f i mdump.obj
 0001:00006b3c       ?deallocate@?$allocator@D@std@@QEAAXPEAD_K@Z 0000000180007b3c f i mdump.obj
 0001:00006b44       ?deallocate@?$allocator@VCString@WTL@@@std@@QEAAXPEAVCString@WTL@@_K@Z 0000000180007b44 f i mdump.obj
 0001:00006b4c       ?debugMode@@YA_NXZ         0000000180007b4c f   mdump.obj
 0001:00006bf8       ?default_error_condition@_System_error_category@std@@UEBA?AVerror_condition@2@H@Z 0000000180007bf8 f i mdump.obj
 0001:00006c38       ?default_error_condition@error_category@std@@UEBA?AVerror_condition@2@H@Z 0000000180007c38 f i mdump.obj
 0001:00006c44       ?eatException@@YA_NK@Z     0000000180007c44 f i mdump.obj
 0001:00006ca4       ?enableExceptionFilter@MiniDumper@@QEAA_N_N@Z 0000000180007ca4 f   mdump.obj
 0001:00006cbc       ?enableFullMemoryDumpAndExit@MiniDumper@@QEAA_N_N@Z 0000000180007cbc f   mdump.obj
 0001:00006cc8       ?end@?$vector@VCString@WTL@@V?$allocator@VCString@WTL@@@std@@@std@@QEAA?AV?$_Vector_iterator@V?$_Vector_val@U?$_Simple_types@VCString@WTL@@@std@@@std@@@2@XZ 0000000180007cc8 f i mdump.obj
 0001:00006cd4       ?equivalent@error_category@std@@UEBA_NAEBVerror_code@2@H@Z 0000000180007cd4 f i mdump.obj
 0001:00006ce8       ?equivalent@error_category@std@@UEBA_NHAEBVerror_condition@2@@Z 0000000180007ce8 f i mdump.obj
 0001:00006d20       ?erase@?$basic_string@DU?$char_traits@D@std@@V?$allocator@D@2@@std@@QEAAAEAV12@_K0@Z 0000000180007d20 f i mdump.obj
 0001:00006dbc       ?erase@?$basic_string@DU?$char_traits@D@std@@V?$allocator@D@2@@std@@QEAAAEAV12@_K@Z 0000000180007dbc f i mdump.obj
 0001:00006df4       ?fileVersionInfo@@YA_NPEADAEAK1@Z 0000000180007df4 f   mdump.obj
 0001:00006e94       ?foundResources@ResourceSwitch@@QEAA_NXZ 0000000180007e94 f i mdump.obj
 0001:00006ea0       ?generic_category@std@@YAAEBVerror_category@1@XZ 0000000180007ea0 f i mdump.obj
 0001:00006ea8       ?getFlags@MiniDumper@@QEBAKXZ 0000000180007ea8 f i mdump.obj
 0001:00006eac       ?getRegistryBase@@YAXAEAVCString@WTL@@@Z 0000000180007eac f   mdump.obj
 0001:00006ed8       ?getRegistryRoot@@YAXAEAVCString@WTL@@PEBD11@Z 0000000180007ed8 f   mdump.obj
 0001:00006f54       ?initExceptionHandler@MiniDumper@@QEAAXPEBD000K@Z 0000000180007f54 f   mdump.obj
 0001:00007260       ?invalid_parameter_handler@@YAXPEBG00I_K@Z 0000000180008260 f i mdump.obj
 0001:0000726c       ?isExceptionFilterEnabled@MiniDumper@@QEBA_NXZ 000000018000826c f   mdump.obj
 0001:00007274       ?isFullMemoryDumpAndExitEnabled@MiniDumper@@QEBA_NXZ 0000000180008274 f   mdump.obj
 0001:0000727c       ?length@?$char_traits@D@std@@SA_KPEBD@Z 000000018000827c f i mdump.obj
 0001:00007290       ?logOutput@@YAXIPEBD_N@Z   0000000180008290 f   mdump.obj
 0001:000074f4       ?max_size@?$_Wrap_alloc@V?$allocator@D@std@@@std@@QEBA_KXZ 00000001800084f4 f i mdump.obj
 0001:000074fc       ?max_size@?$_Wrap_alloc@V?$allocator@VCString@WTL@@@std@@@std@@QEBA_KXZ 00000001800084fc f i mdump.obj
 0001:00007508       ?max_size@?$allocator@D@std@@QEBA_KXZ 0000000180008508 f i mdump.obj
 0001:00007510       ?max_size@?$allocator@VCString@WTL@@@std@@QEBA_KXZ 0000000180008510 f i mdump.obj
 0001:0000751c       ?max_size@?$allocator_traits@V?$allocator@D@std@@@std@@SA_KAEBV?$allocator@D@2@@Z 000000018000851c f i mdump.obj
 0001:00007524       ?max_size@?$allocator_traits@V?$allocator@VCString@WTL@@@std@@@std@@SA_KAEBV?$allocator@VCString@WTL@@@2@@Z 0000000180008524 f i mdump.obj
 0001:00007530       ?max_size@?$basic_string@DU?$char_traits@D@std@@V?$allocator@D@2@@std@@QEBA_KXZ 0000000180008530 f i mdump.obj
 0001:00007538       ?max_size@?$vector@VCString@WTL@@V?$allocator@VCString@WTL@@@std@@@std@@QEBA_KXZ 0000000180008538 f i mdump.obj
 0001:00007544       ?message@_Generic_error_category@std@@UEBA?AV?$basic_string@DU?$char_traits@D@std@@V?$allocator@D@2@@2@H@Z 0000000180008544 f i mdump.obj
 0001:000075b0       ?message@_Iostream_error_category@std@@UEBA?AV?$basic_string@DU?$char_traits@D@std@@V?$allocator@D@2@@2@H@Z 00000001800085b0 f i mdump.obj
 0001:00007604       ?message@_System_error_category@std@@UEBA?AV?$basic_string@DU?$char_traits@D@std@@V?$allocator@D@2@@2@H@Z 0000000180008604 f i mdump.obj
 0001:00007670       ?move@?$char_traits@D@std@@SAPEADPEADPEBD_K@Z 0000000180008670 f i mdump.obj
 0001:0000768c       ?name@_Generic_error_category@std@@UEBAPEBDXZ 000000018000868c f i mdump.obj
 0001:00007694       ?name@_Iostream_error_category@std@@UEBAPEBDXZ 0000000180008694 f i mdump.obj
 0001:0000769c       ?name@_System_error_category@std@@UEBAPEBDXZ 000000018000869c f i mdump.obj
 0001:000076a4       ?push_back@?$vector@VCString@WTL@@V?$allocator@VCString@WTL@@@std@@@std@@QEAAX$$QEAVCString@WTL@@@Z 00000001800086a4 f i mdump.obj
 0001:00007714       ?resetDescriptionString@MiniDumper@@QEAAXPEBD@Z 0000000180008714 f   mdump.obj
 0001:0000774c       ?resetVersionString@MiniDumper@@QEAAXPEBD@Z 000000018000874c f   mdump.obj
 0001:00007784       ?sendAdditionalFile@MiniDumper@@QEAAXPEBD@Z 0000000180008784 f   mdump.obj
 0001:000077d4       ?setCallback@MiniDumper@@QEAAXP6A_NIPEAX0@Z@Z 00000001800087d4 f   mdump.obj
 0001:000077dc       ?setDefaultUserEmail@MiniDumper@@QEAAXPEBD@Z 00000001800087dc f   mdump.obj
 0001:00007814       ?setDefaultUserName@MiniDumper@@QEAAXPEBD@Z 0000000180008814 f   mdump.obj
 0001:0000784c       ?setFlags@MiniDumper@@QEAA_NK@Z 000000018000884c f   mdump.obj
 0001:000078bc       ?setUserZipPath@MiniDumper@@QEAAXPEBD@Z 00000001800088bc f   mdump.obj
 0001:000078f4       ?signal_handler@@YAXH@Z    00000001800088f4 f i mdump.obj
 0001:00007900       ?size@?$basic_string@DU?$char_traits@D@std@@V?$allocator@D@2@@std@@QEBA_KXZ 0000000180008900 f i mdump.obj
 0001:00007908       ?size@?$vector@VCString@WTL@@V?$allocator@VCString@WTL@@@std@@@std@@QEBA_KXZ 0000000180008908 f i mdump.obj
 0001:00007914       ?system_category@std@@YAAEBVerror_category@1@XZ 0000000180008914 f i mdump.obj
 0001:0000791c       ?terminator@@YAXXZ         000000018000891c f i mdump.obj
 0001:00007928       ?value@error_code@std@@QEBAHXZ 0000000180008928 f i mdump.obj
 0001:0000792c       ?value@error_condition@std@@QEBAHXZ 000000018000892c f i mdump.obj
 0001:00007930       _tcsicmp                   0000000180008930 f i mdump.obj
 0001:00007938       _tcsrchr                   0000000180008938 f i mdump.obj
 0001:00007950       ??0MiniDmpSender@@QEAA@PEBD000K@Z 0000000180008950 f   sbSender.obj
 0001:000079e8       ??0MiniDmpSender@@QEAA@PEBG000K@Z 00000001800089e8 f   sbSender.obj
 0001:00007c60       ??0MiniDmpSender@@QEAA@PEB_W000K@Z 0000000180008c60 f   sbSender.obj
 0001:00007ed8       ??1MiniDmpSender@@UEAA@XZ  0000000180008ed8 f   sbSender.obj
 0001:00007f0c       ?createReport@MiniDmpSender@@QEAAXPEAU_EXCEPTION_POINTERS@@@Z 0000000180008f0c f   sbSender.obj
 0001:00007f18       ?createReport@MiniDmpSender@@QEAAXPEBD@Z 0000000180008f18 f   sbSender.obj
 0001:00007f24       ?createReport@MiniDmpSender@@QEAAXPEB_W@Z 0000000180008f24 f   sbSender.obj
 0001:00007fa8       ?createReport@MiniDmpSender@@QEAAXXZ 0000000180008fa8 f   sbSender.obj
 0001:00007fb4       ?enableExceptionFilter@MiniDmpSender@@QEAA_N_N@Z 0000000180008fb4 f   sbSender.obj
 0001:00007fc0       ?enableFullMemoryDumpAndExit@MiniDmpSender@@QEAA_N_N@Z 0000000180008fc0 f   sbSender.obj
 0001:00007fcc       ?getFlags@MiniDmpSender@@QEBAKXZ 0000000180008fcc f   sbSender.obj
 0001:00007fd4       ?imp@MiniDmpSender@@QEAAPEAXXZ 0000000180008fd4 f   sbSender.obj
 0001:00007fdc       ?imp@MiniDumper@@QEAAPEAXXZ 0000000180008fdc f i sbSender.obj
 0001:00007fe4       ?isExceptionFilterEnabled@MiniDmpSender@@QEBA_NXZ 0000000180008fe4 f   sbSender.obj
 0001:00007ff0       ?isFullMemoryDumpAndExitEnabled@MiniDmpSender@@QEBA_NXZ 0000000180008ff0 f   sbSender.obj
 0001:00007ffc       ?resetAppIdentifier@MiniDmpSender@@QEAAXPEBD@Z 0000000180008ffc f   sbSender.obj
 0001:00008008       ?resetAppIdentifier@MiniDmpSender@@QEAAXPEBG@Z 0000000180009008 f   sbSender.obj
 0001:00008010       ?resetAppIdentifier@MiniDmpSender@@QEAAXPEB_W@Z 0000000180009010 f   sbSender.obj
 0001:00008094       ?resetVersionString@MiniDmpSender@@QEAAXPEBD@Z 0000000180009094 f   sbSender.obj
 0001:000080a0       ?resetVersionString@MiniDmpSender@@QEAAXPEBG@Z 00000001800090a0 f   sbSender.obj
 0001:000080a8       ?resetVersionString@MiniDmpSender@@QEAAXPEB_W@Z 00000001800090a8 f   sbSender.obj
 0001:0000812c       ?sendAdditionalFile@MiniDmpSender@@QEAAXPEBD@Z 000000018000912c f   sbSender.obj
 0001:00008138       ?sendAdditionalFile@MiniDmpSender@@QEAAXPEBG@Z 0000000180009138 f   sbSender.obj
 0001:00008140       ?sendAdditionalFile@MiniDmpSender@@QEAAXPEB_W@Z 0000000180009140 f   sbSender.obj
 0001:000081c4       ?setCallback@MiniDmpSender@@QEAAXP6A_NIPEAX0@Z@Z 00000001800091c4 f   sbSender.obj
 0001:000081d0       ?setDefaultUserEmail@MiniDmpSender@@QEAAXPEBD@Z 00000001800091d0 f   sbSender.obj
 0001:000081dc       ?setDefaultUserEmail@MiniDmpSender@@QEAAXPEBG@Z 00000001800091dc f   sbSender.obj
 0001:000081e4       ?setDefaultUserEmail@MiniDmpSender@@QEAAXPEB_W@Z 00000001800091e4 f   sbSender.obj
 0001:00008268       ?setDefaultUserName@MiniDmpSender@@QEAAXPEBD@Z 0000000180009268 f   sbSender.obj
 0001:00008274       ?setDefaultUserName@MiniDmpSender@@QEAAXPEBG@Z 0000000180009274 f   sbSender.obj
 0001:0000827c       ?setDefaultUserName@MiniDmpSender@@QEAAXPEB_W@Z 000000018000927c f   sbSender.obj
 0001:00008300       ?setFlags@MiniDmpSender@@QEAA_NK@Z 0000000180009300 f   sbSender.obj
 0001:0000830c       ?setUserZipPath@MiniDmpSender@@QEAAXPEBD@Z 000000018000930c f   sbSender.obj
 0001:00008318       ?setUserZipPath@MiniDmpSender@@QEAAXPEBG@Z 0000000180009318 f   sbSender.obj
 0001:00008320       ?setUserZipPath@MiniDmpSender@@QEAAXPEB_W@Z 0000000180009320 f   sbSender.obj
 0001:000083a4       ?unhandledExceptionHandler@MiniDmpSender@@QEAAJPEAU_EXCEPTION_POINTERS@@@Z 00000001800093a4 f   sbSender.obj
 0001:000083ac       ??$?2PEAD@?$Wrapper@PEAD@?$CSimpleMap@PEADPEAGVCExpansionVectorEqualHelper@ATL@@@ATL@@SAPEAX_KPEAPEAD@Z 00000001800093ac f i sbSenderApp.obj
 0001:000083b0       ??$?2PEAG@?$Wrapper@PEAG@?$CSimpleMap@PEADPEAGVCExpansionVectorEqualHelper@ATL@@@ATL@@SAPEAX_KPEAPEAG@Z 00000001800093b0 f i sbSenderApp.obj
 0001:000083b4       ??$?3PEAD@?$Wrapper@PEAD@?$CSimpleMap@PEADPEAGVCExpansionVectorEqualHelper@ATL@@@ATL@@SAXPEAXPEAPEAD@Z 00000001800093b4 f i sbSenderApp.obj
 0001:000083b8       ??$?3PEAG@?$Wrapper@PEAG@?$CSimpleMap@PEADPEAGVCExpansionVectorEqualHelper@ATL@@@ATL@@SAXPEAXPEAPEAG@Z 00000001800093b8 f i sbSenderApp.obj
 0001:000083bc       ??$AtlAdd@_K@ATL@@YAJPEA_K_K1@Z 00000001800093bc f i sbSenderApp.obj
 0001:000083d8       ??$AtlAddThrow@_K@ATL@@YA_K_K0@Z 00000001800093d8 f i sbSenderApp.obj
 0001:000083fc       ??$AtlMultiply@H@ATL@@YAJPEAHHH@Z 00000001800093fc f i sbSenderApp.obj
 0001:00008424       ??$AtlMultiply@K@ATL@@YAJPEAKKK@Z 0000000180009424 f i sbSenderApp.obj
 0001:00008444       ??$AtlMultiply@_K@ATL@@YAJPEA_K_K1@Z 0000000180009444 f i sbSenderApp.obj
 0001:00008470       ??$AtlMultiplyThrow@_K@ATL@@YA_K_K0@Z 0000000180009470 f i sbSenderApp.obj
 0001:000084a4       ??0?$CAtlModuleT@VCComModule@ATL@@@ATL@@QEAA@XZ 00000001800094a4 f i sbSenderApp.obj
 0001:000084bc       ??0?$CAtlSafeAllocBufferManager@VCCRTAllocator@ATL@@@_ATL_SAFE_ALLOCA_IMPL@ATL@@QEAA@XZ 00000001800094bc f i sbSenderApp.obj
 0001:000084c4       ??0?$CAutoVectorPtr@D@ATL@@QEAA@XZ 00000001800094c4 f i sbSenderApp.obj
 0001:000084cc       ??0?$CAutoVectorPtr@G@ATL@@QEAA@XZ 00000001800094cc f i sbSenderApp.obj
 0001:000084d4       ??0?$CComCritSecLock@VCComCriticalSection@ATL@@@ATL@@QEAA@AEAVCComCriticalSection@1@_N@Z 00000001800094d4 f i sbSenderApp.obj
 0001:00008500       ??0?$CSimpleMap@KPEAVCMessageLoop@WTL@@V?$CSimpleMapEqualHelper@KPEAVCMessageLoop@WTL@@@ATL@@@ATL@@QEAA@XZ 0000000180009500 f i sbSenderApp.obj
 0001:00008510       ??0?$CSimpleMap@PEADPEAGVCExpansionVectorEqualHelper@ATL@@@ATL@@QEAA@XZ 0000000180009510 f i sbSenderApp.obj
 0001:00008520       ??0?$CTempBuffer@D$0BAA@VCCRTAllocator@ATL@@@ATL@@QEAA@XZ 0000000180009520 f i sbSenderApp.obj
 0001:00008528       ??0?$CTempBuffer@D$0EAA@VCCRTAllocator@ATL@@@ATL@@QEAA@XZ 0000000180009528 f i sbSenderApp.obj
 0001:00008530       ??0?$CTempBuffer@E$0BAA@VCCRTAllocator@ATL@@@ATL@@QEAA@XZ 0000000180009530 f i sbSenderApp.obj
 0001:00008538       ??0?$Wrapper@PEAD@?$CSimpleMap@PEADPEAGVCExpansionVectorEqualHelper@ATL@@@ATL@@QEAA@AEBQEAD@Z 0000000180009538 f i sbSenderApp.obj
 0001:00008544       ??0?$Wrapper@PEAG@?$CSimpleMap@PEADPEAGVCExpansionVectorEqualHelper@ATL@@@ATL@@QEAA@AEBQEAG@Z 0000000180009544 f i sbSenderApp.obj
 0001:00008550       ??0CAppModule@WTL@@QEAA@XZ 0000000180009550 f i sbSenderApp.obj
 0001:00008578       ??0CAtlComModule@ATL@@QEAA@XZ 0000000180009578 f i sbSenderApp.obj
 0001:00008600       ??0CAtlException@ATL@@QEAA@J@Z 0000000180009600 f i sbSenderApp.obj
 0001:00008608       ??0CAtlModule@ATL@@QEAA@XZ 0000000180009608 f i sbSenderApp.obj
 0001:00008684       ??0CComAutoDeleteCriticalSection@ATL@@QEAA@XZ 0000000180009684 f i sbSenderApp.obj
 0001:000086a8       ??0CComCriticalSection@ATL@@QEAA@XZ 00000001800096a8 f i sbSenderApp.obj
 0001:000086c8       ??0CComModule@ATL@@QEAA@XZ 00000001800096c8 f i sbSenderApp.obj
 0001:000086f0       ??0CComSafeDeleteCriticalSection@ATL@@QEAA@XZ 00000001800096f0 f i sbSenderApp.obj
 0001:00008714       ??0CExpansionVector@ATL@@QEAA@XZ 0000000180009714 f i sbSenderApp.obj
 0001:00008724       ??0CParseBuffer@CRegParser@ATL@@QEAA@H@Z 0000000180009724 f i sbSenderApp.obj
 0001:0000876c       ??0CRegKey@ATL@@QEAA@PEAVCAtlTransactionManager@1@@Z 000000018000976c f i sbSenderApp.obj
 0001:0000877c       ??0CRegObject@ATL@@QEAA@XZ 000000018000977c f i sbSenderApp.obj
 0001:000087c4       ??0CRegParser@ATL@@QEAA@PEAVCRegObject@1@@Z 00000001800097c4 f i sbSenderApp.obj
 0001:000087d0       ??0CStaticDataInitCriticalSectionLock@WTL@@QEAA@XZ 00000001800097d0 f i sbSenderApp.obj
 0001:000087e8       ??0IRegistrarBase@@QEAA@XZ 00000001800097e8 f i sbSenderApp.obj
 0001:000087ec       ??0IUnknown@@QEAA@XZ       00000001800097ec f i sbSenderApp.obj
 0001:000087f0       ??0_ATL_COM_MODULE70@ATL@@QEAA@XZ 00000001800097f0 f i sbSenderApp.obj
 0001:00008814       ??0_ATL_MODULE70@ATL@@QEAA@XZ 0000000180009814 f i sbSenderApp.obj
 0001:00008838       ??1?$CAtlModuleT@VCComModule@ATL@@@ATL@@UEAA@XZ 0000000180009838 f i sbSenderApp.obj
 0001:0000888c       ??1?$CAtlSafeAllocBufferManager@VCCRTAllocator@ATL@@@_ATL_SAFE_ALLOCA_IMPL@ATL@@QEAA@XZ 000000018000988c f i sbSenderApp.obj
 0001:000088b8       ??1?$CAutoVectorPtr@D@ATL@@QEAA@XZ 00000001800098b8 f i sbSenderApp.obj
 0001:000088d4       ??1?$CAutoVectorPtr@G@ATL@@QEAA@XZ 00000001800098d4 f i sbSenderApp.obj
 0001:000088f0       ??1?$CComCritSecLock@VCComCriticalSection@ATL@@@ATL@@QEAA@XZ 00000001800098f0 f i sbSenderApp.obj
 0001:00008914       ??1?$CSimpleArray@PEAUHWND__@@V?$CSimpleArrayEqualHelper@PEAUHWND__@@@ATL@@@ATL@@QEAA@XZ 0000000180009914 f i sbSenderApp.obj
 0001:0000893c       ??1?$CSimpleMap@KPEAVCMessageLoop@WTL@@V?$CSimpleMapEqualHelper@KPEAVCMessageLoop@WTL@@@ATL@@@ATL@@QEAA@XZ 000000018000993c f i sbSenderApp.obj
 0001:00008974       ??1?$CSimpleMap@PEADPEAGVCExpansionVectorEqualHelper@ATL@@@ATL@@QEAA@XZ 0000000180009974 f i sbSenderApp.obj
 0001:000089ac       ??1?$CTempBuffer@D$0BAA@VCCRTAllocator@ATL@@@ATL@@QEAA@XZ 00000001800099ac f i sbSenderApp.obj
 0001:000089c4       ??1?$CTempBuffer@D$0EAA@VCCRTAllocator@ATL@@@ATL@@QEAA@XZ 00000001800099c4 f i sbSenderApp.obj
 0001:000089dc       ??1?$CTempBuffer@E$0BAA@VCCRTAllocator@ATL@@@ATL@@QEAA@XZ 00000001800099dc f i sbSenderApp.obj
 0001:000089f4       ??1CAppModule@WTL@@UEAA@XZ 00000001800099f4 f i sbSenderApp.obj
 0001:00008a50       ??1CAtlComModule@ATL@@QEAA@XZ 0000000180009a50 f i sbSenderApp.obj
 0001:00008a58       ??1CAtlModule@ATL@@UEAA@XZ 0000000180009a58 f i sbSenderApp.obj
 0001:00008aac       ??1CComAutoDeleteCriticalSection@ATL@@QEAA@XZ 0000000180009aac f i sbSenderApp.obj
 0001:00008ac8       ??1CComCriticalSection@ATL@@QEAA@XZ 0000000180009ac8 f i sbSenderApp.obj
 0001:00008acc       ??1CComModule@ATL@@UEAA@XZ 0000000180009acc f i sbSenderApp.obj
 0001:00008b28       ??1CComSafeDeleteCriticalSection@ATL@@QEAA@XZ 0000000180009b28 f i sbSenderApp.obj
 0001:00008b44       ??1CExpansionVector@ATL@@QEAA@XZ 0000000180009b44 f i sbSenderApp.obj
 0001:00008b90       ??1CParseBuffer@CRegParser@ATL@@QEAA@XZ 0000000180009b90 f i sbSenderApp.obj
 0001:00008b9c       ??1CRegKey@ATL@@QEAA@XZ    0000000180009b9c f i sbSenderApp.obj
 0001:00008bc4       ??1CRegObject@ATL@@UEAA@XZ 0000000180009bc4 f i sbSenderApp.obj
 0001:00008c64       ??1CStaticDataInitCriticalSectionLock@WTL@@QEAA@XZ 0000000180009c64 f i sbSenderApp.obj
 0001:00008c88       ??1_ATL_COM_MODULE70@ATL@@QEAA@XZ 0000000180009c88 f i sbSenderApp.obj
 0001:00008c8c       ??1_ATL_MODULE70@ATL@@QEAA@XZ 0000000180009c8c f i sbSenderApp.obj
 0001:00008c90       ??A?$CSimpleArray@PEAUHWND__@@V?$CSimpleArrayEqualHelper@PEAUHWND__@@@ATL@@@ATL@@QEAAAEAPEAUHWND__@@H@Z 0000000180009c90 f i sbSenderApp.obj
 0001:00008cc4       ??B?$CTempBuffer@D$0BAA@VCCRTAllocator@ATL@@@ATL@@QEBAPEADXZ 0000000180009cc4 f i sbSenderApp.obj
 0001:00008cc8       ??B?$CTempBuffer@D$0EAA@VCCRTAllocator@ATL@@@ATL@@QEBAPEADXZ 0000000180009cc8 f i sbSenderApp.obj
 0001:00008ccc       ??B?$CTempBuffer@E$0BAA@VCCRTAllocator@ATL@@@ATL@@QEBAPEAEXZ 0000000180009ccc f i sbSenderApp.obj
 0001:00008cd0       ??BCRegKey@ATL@@QEBAPEAUHKEY__@@XZ 0000000180009cd0 f i sbSenderApp.obj
 0001:00008cd4       ??_G?$CSimpleArray@PEAUHWND__@@V?$CSimpleArrayEqualHelper@PEAUHWND__@@@ATL@@@ATL@@QEAAPEAXI@Z 0000000180009cd4 f i sbSenderApp.obj
 0001:00008d18       ??_G?$CSimpleMap@KPEAVCMessageLoop@WTL@@V?$CSimpleMapEqualHelper@KPEAVCMessageLoop@WTL@@@ATL@@@ATL@@QEAAPEAXI@Z 0000000180009d18 f i sbSenderApp.obj
 0001:00008d6c       ??_ECAppModule@WTL@@UEAAPEAXI@Z 0000000180009d6c f i sbSenderApp.obj
 0001:00008d6c       ??_GCAppModule@WTL@@UEAAPEAXI@Z 0000000180009d6c f i sbSenderApp.obj
 0001:00008de4       ??_ECComModule@ATL@@UEAAPEAXI@Z 0000000180009de4 f i sbSenderApp.obj
 0001:00008de4       ??_GCComModule@ATL@@UEAAPEAXI@Z 0000000180009de4 f i sbSenderApp.obj
 0001:00008e5c       ??_GCRegObject@ATL@@UEAAPEAXI@Z 0000000180009e5c f i sbSenderApp.obj
 0001:00008e5c       ??_ECRegObject@ATL@@UEAAPEAXI@Z 0000000180009e5c f i sbSenderApp.obj
 0001:00008e8c       ?Add@?$CSimpleMap@PEADPEAGVCExpansionVectorEqualHelper@ATL@@@ATL@@QEAAHAEBQEADAEBQEAG@Z 0000000180009e8c f i sbSenderApp.obj
 0001:00008f28       ?Add@CExpansionVector@ATL@@QEAAHPEBDPEBG@Z 0000000180009f28 f i sbSenderApp.obj
 0001:000090dc       ?AddChar@CParseBuffer@CRegParser@ATL@@QEAAHPEBD@Z 000000018000a0dc f i sbSenderApp.obj
 0001:00009110       ?AddCommonRGSReplacements@?$CAtlModuleT@VCComModule@ATL@@@ATL@@UEAAJPEAUIRegistrarBase@@@Z 000000018000a110 f i sbSenderApp.obj
 0001:00009128       ?AddRef@CRegObject@ATL@@UEAAKXZ 000000018000a128 f i sbSenderApp.obj
 0001:00009130       ?AddReplacement@CRegObject@ATL@@UEAAJPEBG0@Z 000000018000a130 f i sbSenderApp.obj
 0001:000092dc       ?AddString@CParseBuffer@CRegParser@ATL@@QEAAHPEBG@Z 000000018000a2dc f i sbSenderApp.obj
 0001:00009454       ?AddValue@CRegParser@ATL@@IEAAJAEAVCRegKey@2@PEBDPEAD@Z 000000018000a454 f i sbSenderApp.obj
 0001:000099a4       ?Allocate@?$CAtlSafeAllocBufferManager@VCCRTAllocator@ATL@@@_ATL_SAFE_ALLOCA_IMPL@ATL@@QEAAPEAX_K@Z 000000018000a9a4 f i sbSenderApp.obj
 0001:000099ec       ?Allocate@?$CTempBuffer@D$0BAA@VCCRTAllocator@ATL@@@ATL@@QEAAPEAD_K@Z 000000018000a9ec f i sbSenderApp.obj
 0001:00009a3c       ?Allocate@?$CTempBuffer@D$0EAA@VCCRTAllocator@ATL@@@ATL@@QEAAPEAD_K@Z 000000018000aa3c f i sbSenderApp.obj
 0001:00009a8c       ?Allocate@?$CTempBuffer@E$0BAA@VCCRTAllocator@ATL@@@ATL@@QEAAPEAE_K@Z 000000018000aa8c f i sbSenderApp.obj
 0001:00009adc       ?Allocate@CCRTAllocator@ATL@@SAPEAX_K@Z 000000018000aadc f i sbSenderApp.obj
 0001:00009ae4       ?AllocateBytes@?$CTempBuffer@D$0BAA@VCCRTAllocator@ATL@@@ATL@@QEAAPEAD_K@Z 000000018000aae4 f i sbSenderApp.obj
 0001:00009b10       ?AllocateBytes@?$CTempBuffer@D$0EAA@VCCRTAllocator@ATL@@@ATL@@QEAAPEAD_K@Z 000000018000ab10 f i sbSenderApp.obj
 0001:00009b3c       ?AllocateBytes@?$CTempBuffer@E$0BAA@VCCRTAllocator@ATL@@@ATL@@QEAAPEAE_K@Z 000000018000ab3c f i sbSenderApp.obj
 0001:00009b68       ?AllocateHeap@?$CTempBuffer@D$0BAA@VCCRTAllocator@ATL@@@ATL@@AEAAX_K@Z 000000018000ab68 f i sbSenderApp.obj
 0001:00009b94       ?AllocateHeap@?$CTempBuffer@D$0EAA@VCCRTAllocator@ATL@@@ATL@@AEAAX_K@Z 000000018000ab94 f i sbSenderApp.obj
 0001:00009bc0       ?AllocateHeap@?$CTempBuffer@E$0BAA@VCCRTAllocator@ATL@@@ATL@@AEAAX_K@Z 000000018000abc0 f i sbSenderApp.obj
 0001:00009bec       ?Append@CParseBuffer@CRegParser@ATL@@QEAAHPEBDH@Z 000000018000abec f i sbSenderApp.obj
 0001:00009cd8       ?AtlA2WHelper@@YAPEAGPEAGPEBDHI@Z 000000018000acd8 f i sbSenderApp.obj
 0001:00009d20       ?AtlCallTermFunc@ATL@@YAXPEAU_ATL_MODULE70@1@@Z 000000018000ad20 f i sbSenderApp.obj
 0001:00009d84       ?AtlCoTaskMemCAlloc@ATL@@YAPEAXKK@Z 000000018000ad84 f i sbSenderApp.obj
 0001:00009da4       ?AtlCoTaskMemRecalloc@ATL@@YAPEAXPEAXKK@Z 000000018000ada4 f i sbSenderApp.obj
 0001:00009dc8       ?AtlCrtErrorCheck@ATL@@YAHH@Z 000000018000adc8 f i sbSenderApp.obj
 0001:00009e0c       ?AtlGetPerUserRegistration@ATL@@YAJPEA_N@Z 000000018000ae0c f i sbSenderApp.obj
 0001:00009e24       ?AtlHresultFromLastError@ATL@@YAJXZ 000000018000ae24 f i sbSenderApp.obj
 0001:00009e44       ?AtlHresultFromWin32@ATL@@YAJK@Z 000000018000ae44 f i sbSenderApp.obj
 0001:00009e54       ?AtlThrowImpl@ATL@@YAXJ@Z  000000018000ae54 f i sbSenderApp.obj
 0001:00009e70       ?AtlW2AHelper@@YAPEADPEADPEBGHI@Z 000000018000ae70 f i sbSenderApp.obj
 0001:00009ec0       ?Attach@?$CAutoVectorPtr@D@ATL@@QEAAXPEAD@Z 000000018000aec0 f i sbSenderApp.obj
 0001:00009ec4       ?Attach@?$CAutoVectorPtr@G@ATL@@QEAAXPEAG@Z 000000018000aec4 f i sbSenderApp.obj
 0001:00009ec8       ?Attach@CRegKey@ATL@@QEAAXPEAUHKEY__@@@Z 000000018000aec8 f i sbSenderApp.obj
 0001:00009ed8       ?CanForceRemoveKey@CRegParser@ATL@@IEAAHPEBD@Z 000000018000aed8 f i sbSenderApp.obj
 0001:00009f20       ?ChToByte@CRegParser@ATL@@KAED@Z 000000018000af20 f i sbSenderApp.obj
 0001:00009f54       ?ClearReplacements@CExpansionVector@ATL@@QEAAJXZ 000000018000af54 f i sbSenderApp.obj
 0001:0000a008       ?ClearReplacements@CRegObject@ATL@@UEAAJXZ 000000018000b008 f i sbSenderApp.obj
 0001:0000a044       ?Close@CRegKey@ATL@@QEAAJXZ 000000018000b044 f i sbSenderApp.obj
 0001:0000a06c       ?Create@CRegKey@ATL@@QEAAJPEAUHKEY__@@PEBDPEADKKPEAU_SECURITY_ATTRIBUTES@@PEAK@Z 000000018000b06c f i sbSenderApp.obj
 0001:0000a15c       ?Decrement@CComMultiThreadModel@ATL@@SAKPEAJ@Z 000000018000b15c f i sbSenderApp.obj
 0001:0000a168       ?DeleteSubKey@CRegKey@ATL@@QEAAJPEBD@Z 000000018000b168 f i sbSenderApp.obj
 0001:0000a200       ?DeleteValue@CRegKey@ATL@@QEAAJPEBD@Z 000000018000b200 f i sbSenderApp.obj
 0001:0000a20c       ?Detach@?$CAutoVectorPtr@D@ATL@@QEAAPEADXZ 000000018000b20c f i sbSenderApp.obj
 0001:0000a214       ?Detach@?$CAutoVectorPtr@G@ATL@@QEAAPEAGXZ 000000018000b214 f i sbSenderApp.obj
 0001:0000a21c       ?Detach@CParseBuffer@CRegParser@ATL@@QEAAPEADXZ 000000018000b21c f i sbSenderApp.obj
 0001:0000a22c       ?Detach@CRegKey@ATL@@QEAAPEAUHKEY__@@XZ 000000018000b22c f i sbSenderApp.obj
 0001:0000a23c       ?EndOfVar@CRegParser@ATL@@IEAAHXZ 000000018000b23c f i sbSenderApp.obj
 0001:0000a264       ?EscapeSingleQuote@CAtlModule@ATL@@SAXPEAG_KPEBG@Z 000000018000b264 f i sbSenderApp.obj
 0001:0000a2b8       ?FinalConstruct@CRegObject@ATL@@QEAAJXZ 000000018000b2b8 f i sbSenderApp.obj
 0001:0000a300       ?FindKey@?$CSimpleMap@PEADPEAGVCExpansionVectorEqualHelper@ATL@@@ATL@@QEBAHAEBQEAD@Z 000000018000b300 f i sbSenderApp.obj
 0001:0000a360       ?Free@?$CAutoVectorPtr@D@ATL@@QEAAXXZ 000000018000b360 f i sbSenderApp.obj
 0001:0000a37c       ?Free@?$CAutoVectorPtr@G@ATL@@QEAAXXZ 000000018000b37c f i sbSenderApp.obj
 0001:0000a398       ?Free@CCRTAllocator@ATL@@SAXPEAX@Z 000000018000b398 f i sbSenderApp.obj
 0001:0000a3a0       ?FreeHeap@?$CTempBuffer@D$0BAA@VCCRTAllocator@ATL@@@ATL@@AEAAXXZ 000000018000b3a0 f i sbSenderApp.obj
 0001:0000a3a8       ?FreeHeap@?$CTempBuffer@D$0EAA@VCCRTAllocator@ATL@@@ATL@@AEAAXXZ 000000018000b3a8 f i sbSenderApp.obj
 0001:0000a3b0       ?FreeHeap@?$CTempBuffer@E$0BAA@VCCRTAllocator@ATL@@@ATL@@AEAAXXZ 000000018000b3b0 f i sbSenderApp.obj
 0001:0000a3b8       ?GenerateError@CRegParser@ATL@@IEAAJI@Z 000000018000b3b8 f i sbSenderApp.obj
 0001:0000a3c0       ?GetAppId@?$CAtlModuleT@VCComModule@ATL@@@ATL@@SAPEBGXZ 000000018000b3c0 f i sbSenderApp.obj
 0001:0000a3c8       ?GetData@CAtlSafeAllocBufferNode@?$CAtlSafeAllocBufferManager@VCCRTAllocator@ATL@@@_ATL_SAFE_ALLOCA_IMPL@ATL@@QEAAPEAXXZ 000000018000b3c8 f i sbSenderApp.obj
 0001:0000a3d0       ?GetGITPtr@CAtlModule@ATL@@UEAAJPEAPEAUIGlobalInterfaceTable@@@Z 000000018000b3d0 f i sbSenderApp.obj
 0001:0000a440       ?GetKeyAt@?$CSimpleMap@PEADPEAGVCExpansionVectorEqualHelper@ATL@@@ATL@@QEBAAEAPEADH@Z 000000018000b440 f i sbSenderApp.obj
 0001:0000a474       ?GetLockCount@CAtlModule@ATL@@UEAAJXZ 000000018000b474 f i sbSenderApp.obj
 0001:0000a478       ?GetModuleInstance@CAtlBaseModule@ATL@@QEAAPEAUHINSTANCE__@@XZ 000000018000b478 f i sbSenderApp.obj
 0001:0000a480       ?GetSize@?$CSimpleArray@PEAUHWND__@@V?$CSimpleArrayEqualHelper@PEAUHWND__@@@ATL@@@ATL@@QEBAHXZ 000000018000b480 f i sbSenderApp.obj
 0001:0000a484       ?GetSize@?$CSimpleMap@PEADPEAGVCExpansionVectorEqualHelper@ATL@@@ATL@@QEBAHXZ 000000018000b484 f i sbSenderApp.obj
 0001:0000a488       ?GetValueAt@?$CSimpleMap@PEADPEAGVCExpansionVectorEqualHelper@ATL@@@ATL@@QEBAAEAPEAGH@Z 000000018000b488 f i sbSenderApp.obj
 0001:0000a4bc       ?HKeyFromString@CRegParser@ATL@@KAPEAUHKEY__@@PEAD@Z 000000018000b4bc f i sbSenderApp.obj
 0001:0000a524       ?HasSubKeys@CRegParser@ATL@@IEAAHPEAUHKEY__@@@Z 000000018000b524 f i sbSenderApp.obj
 0001:0000a584       ?Increment@CComMultiThreadModel@ATL@@SAKPEAJ@Z 000000018000b584 f i sbSenderApp.obj
 0001:0000a590       ?Init@CAppModule@WTL@@QEAAJPEAU_ATL_OBJMAP_ENTRY30@ATL@@PEAUHINSTANCE__@@PEBU_GUID@@@Z 000000018000b590 f i sbSenderApp.obj
 0001:0000a614       ?Init@CComCriticalSection@ATL@@QEAAJXZ 000000018000b614 f i sbSenderApp.obj
 0001:0000a644       ?Init@CComModule@ATL@@QEAAJPEAU_ATL_OBJMAP_ENTRY30@2@PEAUHINSTANCE__@@PEBU_GUID@@@Z 000000018000b644 f i sbSenderApp.obj
 0001:0000a6b8       ?Init@CComSafeDeleteCriticalSection@ATL@@QEAAJXZ 000000018000b6b8 f i sbSenderApp.obj
 0001:0000a6fc       ?InitLibId@?$CAtlModuleT@VCComModule@ATL@@@ATL@@SAXXZ 000000018000b6fc f i sbSenderApp.obj
 0001:0000a700       ?InternalSetAtIndex@?$CSimpleMap@PEADPEAGVCExpansionVectorEqualHelper@ATL@@@ATL@@QEAAXHAEBQEADAEBQEAG@Z 000000018000b700 f i sbSenderApp.obj
 0001:0000a72c       ?IsEqualKey@CExpansionVectorEqualHelper@ATL@@SA_NQEAD0@Z 000000018000b72c f i sbSenderApp.obj
 0001:0000a740       ?IsSpace@CRegParser@ATL@@IEAAHD@Z 000000018000b740 f i sbSenderApp.obj
 0001:0000a760       ?Lock@?$CComCritSecLock@VCComCriticalSection@ATL@@@ATL@@QEAAJXZ 000000018000b760 f i sbSenderApp.obj
 0001:0000a780       ?Lock@CAtlModule@ATL@@UEAAJXZ 000000018000b780 f i sbSenderApp.obj
 0001:0000a790       ?Lock@CComCriticalSection@ATL@@QEAAJXZ 000000018000b790 f i sbSenderApp.obj
 0001:0000a7a4       ?Lock@CComSafeDeleteCriticalSection@ATL@@QEAAJXZ 000000018000b7a4 f i sbSenderApp.obj
 0001:0000a7b8       ?Lock@CStaticDataInitCriticalSectionLock@WTL@@QEAAJXZ 000000018000b7b8 f i sbSenderApp.obj
 0001:0000a7d8       ?Lookup@?$CSimpleMap@PEADPEAGVCExpansionVectorEqualHelper@ATL@@@ATL@@QEBAPEAGAEBQEAD@Z 000000018000b7d8 f i sbSenderApp.obj
 0001:0000a868       ?NextToken@CRegParser@ATL@@IEAAJPEAD@Z 000000018000b868 f i sbSenderApp.obj
 0001:0000a9cc       ?Open@CRegKey@ATL@@QEAAJPEAUHKEY__@@PEBDK@Z 000000018000b9cc f i sbSenderApp.obj
 0001:0000aa5c       ?PreProcessBuffer@CRegParser@ATL@@QEAAJPEADPEAPEAD@Z 000000018000ba5c f i sbSenderApp.obj
 0001:0000ae00       ?QueryInterface@CRegObject@ATL@@UEAAJAEBU_GUID@@PEAPEAX@Z 000000018000be00 f i sbSenderApp.obj
 0001:0000ae08       ?RecurseDeleteKey@CRegKey@ATL@@QEAAJPEBD@Z 000000018000be08 f i sbSenderApp.obj
 0001:0000af08       ?RegCreateKeyExA@CAtlTransactionManager@ATL@@QEAAJPEAUHKEY__@@PEBDKPEADKKQEAU_SECURITY_ATTRIBUTES@@PEAPEAU3@PEAK@Z 000000018000bf08 f i sbSenderApp.obj
 0001:0000b03c       ?RegDeleteKeyA@CAtlTransactionManager@ATL@@QEAAJPEAUHKEY__@@PEBD@Z 000000018000c03c f i sbSenderApp.obj
 0001:0000b0c8       ?RegOpenKeyExA@CAtlTransactionManager@ATL@@QEAAJPEAUHKEY__@@PEBDKKPEAPEAU3@@Z 000000018000c0c8 f i sbSenderApp.obj
 0001:0000b180       ?RegisterBuffer@CRegParser@ATL@@QEAAJPEADH@Z 000000018000c180 f i sbSenderApp.obj
 0001:0000b2e4       ?RegisterFromResource@CRegObject@ATL@@IEAAJPEBGPEBD1H@Z 000000018000c2e4 f i sbSenderApp.obj
 0001:0000b608       ?RegisterSubkeys@CRegParser@ATL@@IEAAJPEADPEAUHKEY__@@HH@Z 000000018000c608 f i sbSenderApp.obj
 0001:0000bd1c       ?Release@CRegObject@ATL@@UEAAKXZ 000000018000cd1c f i sbSenderApp.obj
 0001:0000bd20       ?RemoveAll@?$CSimpleArray@PEAUHWND__@@V?$CSimpleArrayEqualHelper@PEAUHWND__@@@ATL@@@ATL@@QEAAXXZ 000000018000cd20 f i sbSenderApp.obj
 0001:0000bd48       ?RemoveAll@?$CSimpleMap@KPEAVCMessageLoop@WTL@@V?$CSimpleMapEqualHelper@KPEAVCMessageLoop@WTL@@@ATL@@@ATL@@QEAAXXZ 000000018000cd48 f i sbSenderApp.obj
 0001:0000bd80       ?RemoveAll@?$CSimpleMap@PEADPEAGVCExpansionVectorEqualHelper@ATL@@@ATL@@QEAAXXZ 000000018000cd80 f i sbSenderApp.obj
 0001:0000bdb8       ?ResourceRegister@CRegObject@ATL@@QEAAJPEBGI0@Z 000000018000cdb8 f i sbSenderApp.obj
 0001:0000bf40       ?ResourceRegisterSz@CRegObject@ATL@@QEAAJPEBG00@Z 000000018000cf40 f i sbSenderApp.obj
 0001:0000c1b8       ?ResourceUnregister@CRegObject@ATL@@QEAAJPEBGI0@Z 000000018000d1b8 f i sbSenderApp.obj
 0001:0000c33c       ?ResourceUnregisterSz@CRegObject@ATL@@QEAAJPEBG00@Z 000000018000d33c f i sbSenderApp.obj
 0001:0000c5b4       ?SetDWORDValue@CRegKey@ATL@@QEAAJPEBDK@Z 000000018000d5b4 f i sbSenderApp.obj
 0001:0000c5e4       ?SetMultiStringValue@CRegKey@ATL@@QEAAJPEBD0@Z 000000018000d5e4 f i sbSenderApp.obj
 0001:0000c664       ?SetStringValue@CRegKey@ATL@@QEAAJPEBD0K@Z 000000018000d664 f i sbSenderApp.obj
 0001:0000c6cc       ?SkipAssignment@CRegParser@ATL@@IEAAJPEAD@Z 000000018000d6cc f i sbSenderApp.obj
 0001:0000c770       ?SkipWhiteSpace@CRegParser@ATL@@IEAAXXZ 000000018000d770 f i sbSenderApp.obj
 0001:0000c7a8       ?StrChrA@CRegParser@ATL@@KAPEADPEADD@Z 000000018000d7a8 f i sbSenderApp.obj
 0001:0000c7ec       ?StrFromMap@CRegObject@ATL@@QEAAPEBGPEAD@Z 000000018000d7ec f i sbSenderApp.obj
 0001:0000c834       ?Term@CAppModule@WTL@@QEAAXXZ 000000018000d834 f i sbSenderApp.obj
 0001:0000c894       ?Term@CAtlComModule@ATL@@QEAAXXZ 000000018000d894 f i sbSenderApp.obj
 0001:0000c904       ?Term@CAtlModule@ATL@@QEAAXXZ 000000018000d904 f i sbSenderApp.obj
 0001:0000c958       ?Term@CComCriticalSection@ATL@@QEAAJXZ 000000018000d958 f i sbSenderApp.obj
 0001:0000c96c       ?Term@CComModule@ATL@@QEAAXXZ 000000018000d96c f i sbSenderApp.obj
 0001:0000ca18       ?TermSettingChangeNotify@CAppModule@WTL@@QEAAXXZ 000000018000da18 f i sbSenderApp.obj
 0001:0000caa0       ?Unlock@?$CComCritSecLock@VCComCriticalSection@ATL@@@ATL@@QEAAXXZ 000000018000daa0 f i sbSenderApp.obj
 0001:0000cabc       ?Unlock@CAtlModule@ATL@@UEAAJXZ 000000018000dabc f i sbSenderApp.obj
 0001:0000cac8       ?Unlock@CComCriticalSection@ATL@@QEAAJXZ 000000018000dac8 f i sbSenderApp.obj
 0001:0000cadc       ?Unlock@CStaticDataInitCriticalSectionLock@WTL@@QEAAXXZ 000000018000dadc f i sbSenderApp.obj
 0001:0000caf8       ?UpdateRegistryFromResource@CAtlModule@ATL@@QEAAJIHPEAU_ATL_REGMAP_ENTRY@2@@Z 000000018000daf8 f i sbSenderApp.obj
 0001:0000cec8       ?UpdateRegistryFromResource@CAtlModule@ATL@@QEAAJPEBDHPEAU_ATL_REGMAP_ENTRY@2@@Z 000000018000dec8 f i sbSenderApp.obj
 0001:0000d3a4       ?UpdateRegistryFromResource@CComModule@ATL@@UEAAJIHPEAU_ATL_REGMAP_ENTRY@2@@Z 000000018000e3a4 f i sbSenderApp.obj
 0001:0000d3ac       ?UpdateRegistryFromResource@CComModule@ATL@@UEAAJPEBDHPEAU_ATL_REGMAP_ENTRY@2@@Z 000000018000e3ac f i sbSenderApp.obj
 0001:0000d3b4       ?UpdateRegistryFromResourceD@CComModule@ATL@@UEAAJIHPEAU_ATL_REGMAP_ENTRY@2@@Z 000000018000e3b4 f i sbSenderApp.obj
 0001:0000d3bc       ?UpdateRegistryFromResourceD@CComModule@ATL@@UEAAJPEBDHPEAU_ATL_REGMAP_ENTRY@2@@Z 000000018000e3bc f i sbSenderApp.obj
 0001:0000d3c4       ?VTFromRegType@CRegParser@ATL@@KAHPEBDAEAG@Z 000000018000e3c4 f i sbSenderApp.obj
 0001:0000d4bc       ?_AtlGetConversionACP@ATL@@YAIXZ 000000018000e4bc f i sbSenderApp.obj
 0001:0000d4c4       ?_AtlInitializeCriticalSectionEx@ATL@@YAHPEAU_RTL_CRITICAL_SECTION@@KK@Z 000000018000e4c4 f i sbSenderApp.obj
 0001:0000d4cc       ?_AtlRaiseException@ATL@@YAXKK@Z 000000018000e4cc f i sbSenderApp.obj
 0001:0000d4dc       ?_AtlVerifyStackAvailable@_ATL_SAFE_ALLOCA_IMPL@ATL@@YA_N_K@Z 000000018000e4dc f i sbSenderApp.obj
[...]
 0004:00003390       $pdata$??0regex_error@std@@QEAA@AEBV01@@Z 000000018005e390     libcpmt:xthrow.obj
 0004:0000339c       $pdata$??0regex_error@std@@QEAA@W4error_type@regex_constants@1@@Z 000000018005e39c     libcpmt:xthrow.obj
 0004:000033a8       $pdata$??0runtime_error@std@@QEAA@AEBV01@@Z 000000018005e3a8     libcpmt:xthrow.obj
 0004:000033b4       $pdata$??0runtime_error@std@@QEAA@PEBD@Z 000000018005e3b4     libcpmt:xthrow.obj
 0004:000033c0       $pdata$??_Gbad_function_call@std@@UEAAPEAXI@Z 000000018005e3c0     libcpmt:xthrow.obj
 0004:000033cc       $pdata$??_Ginvalid_argument@std@@UEAAPEAXI@Z 000000018005e3cc     libcpmt:xthrow.obj
 0004:000033d8       $pdata$??_Glength_error@std@@UEAAPEAXI@Z 000000018005e3d8     libcpmt:xthrow.obj
 0004:000033e4       $pdata$??_Glogic_error@std@@UEAAPEAXI@Z 000000018005e3e4     libcpmt:xthrow.obj
 0004:000033f0       $pdata$??_Gout_of_range@std@@UEAAPEAXI@Z 000000018005e3f0     libcpmt:xthrow.obj
 0004:000033fc       $pdata$??_Goverflow_error@std@@UEAAPEAXI@Z 000000018005e3fc     libcpmt:xthrow.obj
 0004:00003408       $pdata$??_Gregex_error@std@@UEAAPEAXI@Z 000000018005e408     libcpmt:xthrow.obj
 0004:00003414       $pdata$??_Gruntime_error@std@@UEAAPEAXI@Z 000000018005e414     libcpmt:xthrow.obj
 0004:00003420       $pdata$?_Xbad_alloc@std@@YAXXZ 000000018005e420     libcpmt:xthrow.obj
 0004:0000342c       $pdata$?_Xbad_function_call@std@@YAXXZ 000000018005e42c     libcpmt:xthrow.obj
 0004:00003438       $pdata$?_Xinvalid_argument@std@@YAXPEBD@Z 000000018005e438     libcpmt:xthrow.obj
 0004:00003444       $pdata$?_Xlength_error@std@@YAXPEBD@Z 000000018005e444     libcpmt:xthrow.obj
 0004:00003450       $pdata$?_Xout_of_range@std@@YAXPEBD@Z 000000018005e450     libcpmt:xthrow.obj
 0004:0000345c       $pdata$?_Xoverflow_error@std@@YAXPEBD@Z 000000018005e45c     libcpmt:xthrow.obj
 0004:00003468       $pdata$?_Xregex_error@std@@YAXW4error_type@regex_constants@1@@Z 000000018005e468     libcpmt:xthrow.obj
 0004:00003474       $pdata$?_Xruntime_error@std@@YAXPEBD@Z 000000018005e474     libcpmt:xthrow.obj
 0004:00003480       $pdata$?dtor$0@?0???HWTL@@YA?AVCString@0@AEBV10@0@Z@4HA 000000018005e480     BugSplatImp.obj
 0004:0000348c       $pdata$?catch$0@?0??AllocBuffer@CString@WTL@@IEAAHH@Z@4HA 000000018005e48c     BugSplatImp.obj
 0004:00003498       $pdata$?dtor$0@?0??Left@CString@WTL@@QEBA?AV12@H@Z@4HA 000000018005e498     BugSplatImp.obj
 0004:000034a4       $pdata$?dtor$0@?0??Mid@CString@WTL@@QEBA?AV12@HH@Z@4HA 000000018005e4a4     BugSplatImp.obj
 0004:000034b0       $pdata$?catch$0@?0???$_Uninit_move@PEAU__GENERIC_HTTP_ARGUMENT@GenericHTTPClient@@PEAU12@V?$allocator@U__GENERIC_HTTP_ARGUMENT@GenericHTTPClient@@@std@@U12@@std@@YAPEAU__GENERIC_HTTP_ARGUMENT@GenericHTTPClient@@PEAU12@00AEAU?$_Wrap_alloc@V?$allocator@U__GENERIC_HTTP_ARGUMENT@GenericHTTPClient@@@std@@@0@0U_Nonscalar_ptr_iterator_tag@0@@Z@4HA 000000018005e4b0     GenericHTTPClientA.obj
 0004:000034bc       $pdata$?catch$0@?0??RequestOfURI@GenericHTTPClient@@QEAAHPEBDH@Z@4HA 000000018005e4bc     GenericHTTPClientA.obj
 0004:000034c8       $pdata$?catch$0@?0??_Reallocate@?$vector@U__GENERIC_HTTP_ARGUMENT@GenericHTTPClient@@V?$allocator@U__GENERIC_HTTP_ARGUMENT@GenericHTTPClient@@@std@@@std@@IEAAX_K@Z@4HA 000000018005e4c8     GenericHTTPClientA.obj
 0004:000034d4       $pdata$?catch$0@?0???$_Uninit_move@PEAVCString@WTL@@PEAV12@V?$allocator@VCString@WTL@@@std@@V12@@std@@YAPEAVCString@WTL@@PEAV12@00AEAU?$_Wrap_alloc@V?$allocator@VCString@WTL@@@std@@@0@0U_Nonscalar_ptr_iterator_tag@0@@Z@4HA 000000018005e4d4     mdump.obj
 0004:000034e0       $pdata$?dtor$0@?0???$construct@VCString@WTL@@V12@@?$allocator@VCString@WTL@@@std@@QEAAXPEAVCString@WTL@@$$QEAV23@@Z@4HA 000000018005e4e0     mdump.obj
 0004:000034ec       $pdata$?catch$0@?0??AtlMessageBox@WTL@@YAHPEAUHWND__@@V_U_STRINGorID@ATL@@1I@Z@4HA 000000018005e4ec     mdump.obj
 0004:000034f8       $pdata$?catch$1@?0??AtlMessageBox@WTL@@YAHPEAUHWND__@@V_U_STRINGorID@ATL@@1I@Z@4HA 000000018005e4f8     mdump.obj
 0004:00003504       $pdata$?catch$1@?0??_Copy@?$basic_string@DU?$char_traits@D@std@@V?$allocator@D@2@@std@@QEAAX_K0@Z@4HA 000000018005e504     mdump.obj
 0004:00003510       $pdata$?catch$0@?0??_Copy@?$basic_string@DU?$char_traits@D@std@@V?$allocator@D@2@@std@@QEAAX_K0@Z@4HA 000000018005e510     mdump.obj
 0004:0000351c       $pdata$?catch$0@?0??_Reallocate@?$vector@VCString@WTL@@V?$allocator@VCString@WTL@@@std@@@std@@IEAAX_K@Z@4HA 000000018005e51c     mdump.obj
 0004:00003528       $pdata$?catch$0@?0??AddValue@CRegParser@ATL@@IEAAJAEAVCRegKey@2@PEBDPEAD@Z@4HA 000000018005e528     sbSenderApp.obj
 0004:00003534       $pdata$?catch$1@?0??AddValue@CRegParser@ATL@@IEAAJAEAVCRegKey@2@PEBDPEAD@Z@4HA 000000018005e534     sbSenderApp.obj
 0004:00003540       $pdata$?catch$0@?0??Init@CAppModule@WTL@@QEAAJPEAU_ATL_OBJMAP_ENTRY30@ATL@@PEAUHINSTANCE__@@PEBU_GUID@@@Z@4HA 000000018005e540     sbSenderApp.obj
 0004:0000354c       $pdata$?catch$0@?0??RegisterFromResource@CRegObject@ATL@@IEAAJPEBGPEBD1H@Z@4HA 000000018005e54c     sbSenderApp.obj
 0004:00003558       $pdata$?filt$0@?0??_AtlVerifyStackAvailable@_ATL_SAFE_ALLOCA_IMPL@ATL@@YA_N_K@Z@4HA 000000018005e558     sbSenderApp.obj
 0004:00003564       $pdata$?fin$0@?0???_M@YAXPEAX_KHP6AX0@Z@Z@4HA 000000018005e564     LIBCMT:ehvecdtr.obj
 0004:00003570       $pdata$?filt$0@?0??__ArrayUnwind@@YAXPEAX_KHP6AX0@Z@Z@4HA 000000018005e570     LIBCMT:ehvecdtr.obj
 0004:0000357c       $pdata$doexit$fin$0        000000018005e57c     LIBCMT:crt0dat.obj
 0004:00003588       $pdata$_CallSETranslator$filt$0 000000018005e588     LIBCMT:trnsctrl.obj
 0004:00003594       $pdata$_onexit$fin$0       000000018005e594     LIBCMT:onexit.obj
 0004:000035a0       $pdata$fclose$fin$0        000000018005e5a0     LIBCMT:fclose.obj
 0004:000035ac       $pdata$_fsopen$fin$0       000000018005e5ac     LIBCMT:fopen.obj
 0004:000035b8       $pdata$fprintf$fin$0       000000018005e5b8     LIBCMT:fprintf.obj
 0004:000035c4       $pdata$printf$fin$0        000000018005e5c4     LIBCMT:printf.obj
 0004:000035d0       $pdata$_callthreadstartex$filt$0 000000018005e5d0     LIBCMT:threadex.obj
 0004:000035dc       $pdata$ctrlevent_capture$fin$0 000000018005e5dc     LIBCMT:winsig.obj
 0004:000035e8       $pdata$raise$fin$0         000000018005e5e8     LIBCMT:winsig.obj
 0004:000035f4       $pdata$signal$fin$0        000000018005e5f4     LIBCMT:winsig.obj
 0004:00003600       $pdata$_CRT_INIT$fin$0     000000018005e600     LIBCMT:dllcrt0.obj
 0004:0000360c       $pdata$__DllMainCRTStartup$filt$0 000000018005e60c     LIBCMT:dllcrt0.obj
 0004:00003618       $pdata$_mtinitlocknum$fin$0 000000018005e618     LIBCMT:mlock.obj
 0004:00003624       $pdata$_IsNonwritableInCurrentImage$filt$0 000000018005e624     LIBCMT:pesect.obj
 0004:00003630       $pdata$__updatetmbcinfo$fin$0 000000018005e630     LIBCMT:mbctype.obj
 0004:0000363c       $pdata$_setmbcp$fin$0      000000018005e63c     LIBCMT:mbctype.obj
 0004:00003648       $pdata$__updatetlocinfo$fin$0 000000018005e648     LIBCMT:localref.obj
 0004:00003654       $pdata$_freefls$fin$1      000000018005e654     LIBCMT:tidtable.obj
 0004:00003660       $pdata$_freefls$fin$0      000000018005e660     LIBCMT:tidtable.obj
 0004:0000366c       $pdata$_initptd$fin$1      000000018005e66c     LIBCMT:tidtable.obj
 0004:00003678       $pdata$_initptd$fin$0      000000018005e678     LIBCMT:tidtable.obj
 0004:00003684       $pdata$__CxxCallCatchBlock$filt$0 000000018005e684     LIBCMT:frame.obj
 0004:00003690       $pdata$__CxxCallCatchBlock$fin$1 000000018005e690     LIBCMT:frame.obj
 0004:0000369c       $pdata$__CxxExceptionFilter$fin$0 000000018005e69c     LIBCMT:frame.obj
 0004:000036a8       $pdata$__DestructExceptionObject$filt$0 000000018005e6a8     LIBCMT:frame.obj
 0004:000036b4       $pdata$__FrameUnwindToState$filt$0 000000018005e6b4     LIBCMT:frame.obj
 0004:000036c0       $pdata$__FrameUnwindToState$fin$1 000000018005e6c0     LIBCMT:frame.obj
 0004:000036cc       $pdata$?fin$0@?0??_Name_base@type_info@@CAPEBDPEBV1@PEAU__type_info_node@@@Z@4HA 000000018005e6cc     LIBCMT:typname.obj
 0004:000036d8       $pdata$?fin$0@?0??_Name_base_internal@type_info@@CAPEBDPEBV1@PEAU__type_info_node@@@Z@4HA 000000018005e6d8     LIBCMT:typname.obj
 0004:000036e4       $pdata$?fin$0@?0??_Type_info_dtor@type_info@@CAXPEAV1@@Z@4HA 000000018005e6e4     LIBCMT:typname.obj
 0004:000036f0       $pdata$?fin$0@?0??_Type_info_dtor_internal@type_info@@CAXPEAV1@@Z@4HA 000000018005e6f0     LIBCMT:typname.obj
 0004:000036fc       $pdata$__clean_type_info_names_internal$fin$0 000000018005e6fc     LIBCMT:typname.obj
 0004:00003708       $pdata$_ctrlfp$filt$0      000000018005e708     LIBCMT:fpctrl.obj
 0004:00003714       $pdata$_close$fin$0        000000018005e714     LIBCMT:close.obj
 0004:00003720       $pdata$fflush$fin$0        000000018005e720     LIBCMT:fflush.obj
 0004:0000372c       $pdata$flsall$fin$0        000000018005e72c     LIBCMT:fflush.obj
 0004:00003738       $pdata$flsall$fin$1        000000018005e738     LIBCMT:fflush.obj
 0004:00003744       $pdata$_getstream$fin$0    000000018005e744     LIBCMT:stream.obj
 0004:00003750       $pdata$vfprintf_helper$fin$0 000000018005e750     LIBCMT:vfprintf.obj
 0004:0000375c       $pdata$_ioinit$fin$0       000000018005e75c     LIBCMT:ioinit.obj
 0004:00003768       $pdata$vprintf_helper$fin$0 000000018005e768     LIBCMT:vprintf.obj
 0004:00003774       $pdata$__tzset$fin$0       000000018005e774     LIBCMT:tzset.obj
 0004:00003780       $pdata$_isindst$fin$0      000000018005e780     LIBCMT:tzset.obj
 0004:0000378c       $pdata$_tzset$fin$0        000000018005e78c     LIBCMT:tzset.obj
 0004:00003798       $pdata$_tzset_nolock$fin$0 000000018005e798     LIBCMT:tzset.obj
 0004:000037a4       $pdata$?catch$0@?0???2@YAPEAX_KAEBUnothrow_t@std@@@Z@4HA 000000018005e7a4     LIBCMT:newopnt.obj
 0004:000037b0       $pdata$__unDName$fin$0     000000018005e7b0     LIBCMT:undname.obj
 0004:000037bc       $pdata$__unDNameEx$fin$0   000000018005e7bc     LIBCMT:undname.obj
 0004:000037c8       $pdata$_free_locale$fin$1  000000018005e7c8     LIBCMT:wsetloca.obj
 0004:000037d4       $pdata$_free_locale$fin$0  000000018005e7d4     LIBCMT:wsetloca.obj
 0004:000037e0       $pdata$_get_current_locale$fin$1 000000018005e7e0     LIBCMT:wsetloca.obj
 0004:000037ec       $pdata$_get_current_locale$fin$0 000000018005e7ec     LIBCMT:wsetloca.obj
 0004:000037f8       $pdata$_locterm$fin$0      000000018005e7f8     LIBCMT:wsetloca.obj
 0004:00003804       $pdata$_wsetlocale$fin$1   000000018005e804     LIBCMT:wsetloca.obj
 0004:00003810       $pdata$_wsetlocale$fin$0   000000018005e810     LIBCMT:wsetloca.obj
 0004:0000381c       $pdata$_wsetlocale$fin$2   000000018005e81c     LIBCMT:wsetloca.obj
 0004:00003828       $pdata$_write$fin$0        000000018005e828     LIBCMT:write.obj
 0004:00003834       $pdata$_lseeki64$fin$0     000000018005e834     LIBCMT:lseeki64.obj
 0004:00003840       $pdata$_fcloseall$fin$0    000000018005e840     LIBCMT:closeall.obj
 0004:0000384c       $pdata$__lock_fhandle$fin$0 000000018005e84c     LIBCMT:osfinfo.obj
 0004:00003858       $pdata$_alloc_osfhnd$fin$0 000000018005e858     LIBCMT:osfinfo.obj
 0004:00003864       $pdata$_alloc_osfhnd$fin$1 000000018005e864     LIBCMT:osfinfo.obj
 0004:00003870       $pdata$_open_osfhandle$fin$0 000000018005e870     LIBCMT:osfinfo.obj
 0004:0000387c       $pdata$_commit$fin$0       000000018005e87c     LIBCMT:commit.obj
 0004:00003888       $pdata$_open$fin$0         000000018005e888     LIBCMT:open.obj
 0004:00003894       $pdata$_sopen_helper$fin$0 000000018005e894     LIBCMT:open.obj
 0004:000038a0       $pdata$_dupenv_s$fin$0     000000018005e8a0     LIBCMT:getenv.obj
 0004:000038ac       $pdata$getenv$fin$0        000000018005e8ac     LIBCMT:getenv.obj
 0004:000038b8       $pdata$getenv_s$fin$0      000000018005e8b8     LIBCMT:getenv.obj
 0004:000038c4       $pdata$_putwch$fin$0       000000018005e8c4     LIBCMT:putwch.obj
 0004:000038d0       $pdata$_wopen$fin$0        000000018005e8d0     LIBCMT:wopen.obj
 0004:000038dc       $pdata$_wsopen_helper$fin$0 000000018005e8dc     LIBCMT:wopen.obj
 0004:000038e8       $pdata$_chsize_s$fin$0     000000018005e8e8     LIBCMT:chsize.obj
 0004:000038f4       $pdata$_read$fin$0         000000018005e8f4     LIBCMT:read.obj
 0004:00003900       $pdata$_setmode$fin$0      000000018005e900     LIBCMT:setmode.obj
 0004:0000390c       $pdata$??__FstrApp@?CH@??SendReportThreaded@MiniDumper@@SAIPEAX@Z@YAXXZ 000000018005e90c     mdump.obj
 0004:00003918       $pdata$??__F_Module@@YAXXZ 000000018005e918     sbSenderApp.obj
 0004:00003924       $pdata$??__F_AtlWinModule@ATL@@YAXXZ 000000018005e924     StdAfx.obj
 0005:00000120       $R000000                   000000018005f120     sbSenderDll.res
 0005:00000468       $R000348                   000000018005f468     sbSenderDll.res
 0005:000006a0       $R000580                   000000018005f6a0     sbSenderDll.res
 0005:00000ab8       $R000998                   000000018005fab8     sbSenderDll.res

 Exports

  ordinal    name

        1    ??0BugSplatImp@@QEAA@XZ (public: __cdecl BugSplatImp::BugSplatImp(void))
        2    ??0MiniDmpSender@@QEAA@AEBV0@@Z (public: __cdecl MiniDmpSender::MiniDmpSender(class MiniDmpSender const &))
        3    ??0MiniDmpSender@@QEAA@PEBD000K@Z (public: __cdecl MiniDmpSender::MiniDmpSender(char const *,char const *,char const *,char const *,unsigned long))
        4    ??0MiniDmpSender@@QEAA@PEBG000K@Z (public: __cdecl MiniDmpSender::MiniDmpSender(unsigned short const *,unsigned short const *,unsigned short const *,unsigned short const *,unsigned long))
        5    ??0MiniDmpSender@@QEAA@PEB_W000K@Z (public: __cdecl MiniDmpSender::MiniDmpSender(wchar_t const *,wchar_t const *,wchar_t const *,wchar_t const *,unsigned long))
        6    ??1MiniDmpSender@@UEAA@XZ (public: virtual __cdecl MiniDmpSender::~MiniDmpSender(void))
        7    ??4BugSplatImp@@QEAAAEAV0@AEBV0@@Z (public: class BugSplatImp & __cdecl BugSplatImp::operator=(class BugSplatImp const &))
        8    ??4MiniDmpSender@@QEAAAEAV0@AEBV0@@Z (public: class MiniDmpSender & __cdecl MiniDmpSender::operator=(class MiniDmpSender const &))
        9    ??_7MiniDmpSender@@6B@ (const MiniDmpSender::`vftable')
       10    ?CreateMiniDump@BugSplatImp@@QEAAHPEAUHINSTANCE__@@KPEAXKPEAU_EXCEPTION_POINTERS@@PEBDPEADK@Z (public: int __cdecl BugSplatImp::CreateMiniDump(struct HINSTANCE__ *,unsigned long,void *,unsigned long,struct _EXCEPTION_POINTERS *,char const *,char *,unsigned long))
       11    ?DoFullMemoryDumpThenExit@BugSplatImp@@2_NA (public: static bool BugSplatImp::DoFullMemoryDumpThenExit)
       12    ?GetReducedGuid@BugSplatImp@@QEAAXPEADK@Z (public: void __cdecl BugSplatImp::GetReducedGuid(char *,unsigned long))
       13    ?MiniDumpType@BugSplatImp@@2W4_MINIDUMP_TYPE@@A (public: static enum _MINIDUMP_TYPE BugSplatImp::MiniDumpType)
       14    ?ReduceGuidString@BugSplatImp@@QEAAXPEADK@Z (public: void __cdecl BugSplatImp::ReduceGuidString(char *,unsigned long))
       15    ?ResumeSuspendedThreads@BugSplatImp@@QEAAXXZ (public: void __cdecl BugSplatImp::ResumeSuspendedThreads(void))
       16    ?SuspendAllThreadsInProcess@BugSplatImp@@QEAAXPEAX@Z (public: void __cdecl BugSplatImp::SuspendAllThreadsInProcess(void *))
       17    ?SuspendThreadsInCurrentProcess@BugSplatImp@@QEAAXXZ (public: void __cdecl BugSplatImp::SuspendThreadsInCurrentProcess(void))
       18    ?createReport@MiniDmpSender@@QEAAXPEAU_EXCEPTION_POINTERS@@@Z (public: void __cdecl MiniDmpSender::createReport(struct _EXCEPTION_POINTERS *))
       19    ?createReport@MiniDmpSender@@QEAAXPEBD@Z (public: void __cdecl MiniDmpSender::createReport(char const *))
       20    ?createReport@MiniDmpSender@@QEAAXPEB_W@Z (public: void __cdecl MiniDmpSender::createReport(wchar_t const *))
       21    ?createReport@MiniDmpSender@@QEAAXXZ (public: void __cdecl MiniDmpSender::createReport(void))
       22    ?createReportAndExit@MiniDmpSender@@QEAAXXZ (public: void __cdecl MiniDmpSender::createReportAndExit(void))
       23    ?enableExceptionFilter@MiniDmpSender@@QEAA_N_N@Z (public: bool __cdecl MiniDmpSender::enableExceptionFilter(bool))
       24    ?enableFullMemoryDumpAndExit@MiniDmpSender@@QEAA_N_N@Z (public: bool __cdecl MiniDmpSender::enableFullMemoryDumpAndExit(bool))
       25    ?getFlags@MiniDmpSender@@QEBAKXZ (public: unsigned long __cdecl MiniDmpSender::getFlags(void)const )
       26    ?imp@MiniDmpSender@@QEAAPEAXXZ (public: void * __cdecl MiniDmpSender::imp(void))
       27    ?isExceptionFilterEnabled@MiniDmpSender@@QEBA_NXZ (public: bool __cdecl MiniDmpSender::isExceptionFilterEnabled(void)const )
       28    ?isFullMemoryDumpAndExitEnabled@MiniDmpSender@@QEBA_NXZ (public: bool __cdecl MiniDmpSender::isFullMemoryDumpAndExitEnabled(void)const )
       29    ?resetAppIdentifier@MiniDmpSender@@QEAAXPEBD@Z (public: void __cdecl MiniDmpSender::resetAppIdentifier(char const *))
       30    ?resetAppIdentifier@MiniDmpSender@@QEAAXPEBG@Z (public: void __cdecl MiniDmpSender::resetAppIdentifier(unsigned short const *))
       31    ?resetAppIdentifier@MiniDmpSender@@QEAAXPEB_W@Z (public: void __cdecl MiniDmpSender::resetAppIdentifier(wchar_t const *))
       32    ?resetVersionString@MiniDmpSender@@QEAAXPEBD@Z (public: void __cdecl MiniDmpSender::resetVersionString(char const *))
       33    ?resetVersionString@MiniDmpSender@@QEAAXPEBG@Z (public: void __cdecl MiniDmpSender::resetVersionString(unsigned short const *))
       34    ?resetVersionString@MiniDmpSender@@QEAAXPEB_W@Z (public: void __cdecl MiniDmpSender::resetVersionString(wchar_t const *))
       35    ?sendAdditionalFile@MiniDmpSender@@QEAAXPEBD@Z (public: void __cdecl MiniDmpSender::sendAdditionalFile(char const *))
       36    ?sendAdditionalFile@MiniDmpSender@@QEAAXPEBG@Z (public: void __cdecl MiniDmpSender::sendAdditionalFile(unsigned short const *))
       37    ?sendAdditionalFile@MiniDmpSender@@QEAAXPEB_W@Z (public: void __cdecl MiniDmpSender::sendAdditionalFile(wchar_t const *))
       38    ?setCallback@MiniDmpSender@@QEAAXP6A_NIPEAX0@Z@Z (public: void __cdecl MiniDmpSender::setCallback(bool (__cdecl*)(unsigned int,void *,void *)))
       39    ?setDefaultUserEmail@MiniDmpSender@@QEAAXPEBD@Z (public: void __cdecl MiniDmpSender::setDefaultUserEmail(char const *))
       40    ?setDefaultUserEmail@MiniDmpSender@@QEAAXPEBG@Z (public: void __cdecl MiniDmpSender::setDefaultUserEmail(unsigned short const *))
       41    ?setDefaultUserEmail@MiniDmpSender@@QEAAXPEB_W@Z (public: void __cdecl MiniDmpSender::setDefaultUserEmail(wchar_t const *))
       42    ?setDefaultUserName@MiniDmpSender@@QEAAXPEBD@Z (public: void __cdecl MiniDmpSender::setDefaultUserName(char const *))
       43    ?setDefaultUserName@MiniDmpSender@@QEAAXPEBG@Z (public: void __cdecl MiniDmpSender::setDefaultUserName(unsigned short const *))
       44    ?setDefaultUserName@MiniDmpSender@@QEAAXPEB_W@Z (public: void __cdecl MiniDmpSender::setDefaultUserName(wchar_t const *))
       45    ?setFlags@MiniDmpSender@@QEAA_NK@Z (public: bool __cdecl MiniDmpSender::setFlags(unsigned long))
       46    ?setUserZipPath@MiniDmpSender@@QEAAXPEBD@Z (public: void __cdecl MiniDmpSender::setUserZipPath(char const *))
       47    ?setUserZipPath@MiniDmpSender@@QEAAXPEBG@Z (public: void __cdecl MiniDmpSender::setUserZipPath(unsigned short const *))
       48    ?setUserZipPath@MiniDmpSender@@QEAAXPEB_W@Z (public: void __cdecl MiniDmpSender::setUserZipPath(wchar_t const *))
       49    ?unhandledExceptionHandler@MiniDmpSender@@QEAAJPEAU_EXCEPTION_POINTERS@@@Z (public: long __cdecl MiniDmpSender::unhandledExceptionHandler(struct _EXCEPTION_POINTERS *))
       50    CreateMiniDmpSender
       51    DestroyMiniDmpSender
       52    MDSGetFlags
       53    MDSResetAppIdentifier
       54    MDSResetVersionString
       55    MDSSetFlags
